<html>
<head>
<title>testRunWindowsPreCompiledTam.Conjunction.htm</title>
</head>
<body>


<h1>Document '00144'</h1>

Transwestern began construction on its Gallup expa...<br>
[ snip! ]<br>
...nstruction progress by accessing the ET&amp;S website <font color = gray>[</font><font color = #8833bb><b>and</b></font><font color = gray>]</font> clicking on "Gallup <br>
Project Update".  <br>
<br>
If you h...<br>
[ snip! ]<br>
...Stanley, fax: 205-4493, then call Emma, x33650.  <br>


<h1>Document '1000'</h1>

---------------------- Forwarded by Eric Bass/HOU/...<br>
[ snip! ]<br>
... flying<br>
&gt; &gt; &gt;&gt; &gt; to<br>
&gt; &gt; &gt;&gt; &gt; &gt;  &gt; Seattle with me <font color = gray>[</font><font color = #8833bb><b>but</b></font><font color = gray>]</font> she was running a bit late. Being a<br>
forward<br>
&gt; &gt; &gt;...<br>
[ snip! ]<br>
...&gt;&gt; &gt; of<br>
&gt; &gt; &gt;&gt; &gt; &gt;  &gt; guy, I approached Mr. Gates <font color = gray>[</font><font color = #8833bb><b>and</b></font><font color = gray>]</font> introduced myself. I explained<br>
&gt; to<br>
&gt; &gt; &gt;&gt; him<br>
&gt; ...<br>
[ snip! ]<br>
... &gt;  &gt; was conducting some very important business <font color = gray>[</font><font color = #8833bb><b>and</b></font><font color = gray>]</font> how I would<br>
&gt; &gt; &gt;&gt; &gt; appreciate<br>
&gt; &gt; &gt;&gt; &gt; it<br>
&gt; &gt; &gt;...<br>
[ snip! ]<br>
...my shoulder. It was Bill Gates. I turned around<br>
&gt; <font color = gray>[</font><font color = #8833bb><b>and</b></font><font color = gray>]</font><br>
&gt; &gt; &gt;&gt;<br>
&gt; &gt; &gt;&gt; &gt; looked<br>
&gt; &gt; &gt;&gt; &gt; &gt;  &gt; up at him. H...<br>
[ snip! ]<br>
... Gates, I'm in a meeting"<br>
&gt; &gt; &gt;&gt;<br>
&gt; &gt; &gt;<br>
&gt; &gt;<br>
&gt; &gt;<br>
&gt;<br>
<br>


<h1>Document '1001'</h1>

are we still doing dinner some time, as well<br>
<br>
<br>
<br>
<br>
"...<br>
[ snip! ]<br>
...y come out around 10 b/c i need to leave by 11:45 <font color = gray>[</font><font color = #8833bb><b>or</b></font><font color = gray>]</font> so<br>
&gt;<br>
&gt;<br>
&gt;<br>
&gt;<br>
&gt; "Larry W. Bass" &lt;lwbthemarine@bigpla...<br>
[ snip! ]<br>
...Girls are invited. Let me know if you can make it <font color = gray>[</font><font color = #8833bb><b>and</b></font><font color = gray>]</font> if your better<br>
&gt; &gt; halves will accompany you. Do ...<br>
[ snip! ]<br>
...&gt; &gt; reservations.-Dad<br>
&gt; &gt;<br>
&gt; &gt;<br>
&gt; &gt;<br>
&gt; &gt;<br>
&gt;<br>
&gt;<br>
&gt;<br>
&gt;<br>
&gt;<br>
<br>
<br>


<h1>Document '1003'</h1>

You need to decide.  It is your free dinner!<br>
<br>
<br>
<br>
<br>
<br>
...<br>
[ snip! ]<br>
...day<br>
<br>
<br>
<br>
Hi guys. We have 7 p.m. reservations @ C&amp;H <font color = gray>[</font><font color = #8833bb><b>and</b></font><font color = gray>]</font>  at Sweetwater Country Club. <br>
Any preferences? Th...<br>
[ snip! ]<br>
...me @ both,  causal. See you @ our home, <br>
say 5:30 <font color = gray>[</font><font color = #8833bb><b>or</b></font><font color = gray>]</font> 6? Let me know.  Love-Dad<br>
<br>


<h1>Document '1004'</h1>

alright, no williams<br>
<br>
can i interest you in a receiver <font color = gray>[</font><font color = #8833bb><b>and</b></font><font color = gray>]</font> say lamar smith for robert smith <font color = gray>[</font><font color = #8833bb><b>or</b></font><font color = gray>]</font> ron <br>
dayne

<h1>Document '10045'</h1>

I have cleared with Global Finance Management <font color = gray>[</font><font color = #8833bb><b>and</b></font><font color = gray>]</font> the list is acceptable from <br>
that standpoint.<br>
<br>
<br>
 ...<br>
[ snip! ]<br>
...<br>
<br>
These institutions are either agents for a NBPL <font color = gray>[</font><font color = #8833bb><b>or</b></font><font color = gray>]</font> NBP credit facility <font color = gray>[</font><font color = #8833bb><b>and</b></font><font color = gray>]</font>/<font color = gray>[</font><font color = #8833bb><b>or</b></font><font color = gray>]</font> <br>
recently have indicated a strong interest in doi...<br>
[ snip! ]<br>
...h Jeff McMahon's group (through Charles Delacey) <br>
<font color = gray>[</font><font color = #8833bb><b>and</b></font><font color = gray>]</font> they concur.  I am not aware of the "chits" that may be owed Lehman (<font color = gray>[</font><font color = #8833bb><b>or</b></font><font color = gray>]</font> <br>
other I-banks) <font color = gray>[</font><font color = #8833bb><b>but</b></font><font color = gray>]</font> our thought was if our last deal cleaned the slat...<br>
[ snip! ]<br>
...especially equity.<br>
<br>
I will be travelling Thursday <font color = gray>[</font><font color = #8833bb><b>and</b></font><font color = gray>]</font> Friday so please leave word with John Jesse <br>
(402...<br>
[ snip! ]<br>
... would like to discuss <br>
please leave me a message <font color = gray>[</font><font color = #8833bb><b>and</b></font><font color = gray>]</font> I will call you from NY.<br>
<br>
<br>
<br>
<br>
--------------------...<br>
[ snip! ]<br>
...rm debt facility to payoff existing MLP bank debt <font color = gray>[</font><font color = #8833bb><b>and</b></font><font color = gray>]</font> a $150 <br>
million bank revolver (which would be und...<br>
[ snip! ]<br>
...n financing.  We will send you a <br>
copy of the RFP <font color = gray>[</font><font color = #8833bb><b>and</b></font><font color = gray>]</font> a list of recommended bidders mid next week.  We ...<br>
[ snip! ]<br>
...d <br>
anticipate sending this out late next week.<br>
<br>
<br>
<br>


<h1>Document '10046'</h1>

Dear GISB Members <font color = gray>[</font><font color = #8833bb><b>and</b></font><font color = gray>]</font> Interested Industry Participants,<br>
<br>
    At the Exe...<br>
[ snip! ]<br>
... requirements standards for (1) imbalance netting <font color = gray>[</font><font color = #8833bb><b>and</b></font><font color = gray>]</font> trading<br>
<font color = gray>[</font><font color = #8833bb><b>and</b></font><font color = gray>]</font> (2) title transfer tracking.   The Executive Comm...<br>
[ snip! ]<br>
...placed a higher<br>
priority on the imbalance netting <font color = gray>[</font><font color = #8833bb><b>and</b></font><font color = gray>]</font> trading topic.<br>
<br>
    The subcommittee's first meeting is scheduled on March 13 <font color = gray>[</font><font color = #8833bb><b>and</b></font><font color = gray>]</font> 14 in<br>
Houston, hosted at the Dynegy offices, to b...<br>
[ snip! ]<br>
... in thanking Ms. Hess of Enron Gas Pipeline Group <font color = gray>[</font><font color = #8833bb><b>and</b></font><font color = gray>]</font> Ms.<br>
Munson of Altra Energy Technologies for volun...<br>
[ snip! ]<br>
...ng their time to lead this<br>
effort.<br>
<br>
    An agenda <font color = gray>[</font><font color = #8833bb><b>and</b></font><font color = gray>]</font> work papers will be posted on the GISB Home Page ...<br>
[ snip! ]<br>
... The first meeting will address imbalance netting <font color = gray>[</font><font color = #8833bb><b>and</b></font><font color = gray>]</font><br>
trading ONLY.<br>
<br>
    If you <font color = gray>[</font><font color = #8833bb><b>or</b></font><font color = gray>]</font> other representatives of your company would like ...<br>
[ snip! ]<br>
...e,<br>
please forward your name, email address, phone <font color = gray>[</font><font color = #8833bb><b>and</b></font><font color = gray>]</font> fax to the GISB office.<br>
GISB follows a privacy policy <font color = gray>[</font><font color = #8833bb><b>and</b></font><font color = gray>]</font> will not provide your email address to<br>
other grou...<br>
[ snip! ]<br>
...you are on this general notices distribution list <font color = gray>[</font><font color = #8833bb><b>and</b></font><font color = gray>]</font> would like to be<br>
removed, please email such request to the GISB office <font color = gray>[</font><font color = #8833bb><b>and</b></font><font color = gray>]</font> your email address<br>
will be removed. If you would ...<br>
[ snip! ]<br>
...o the GISB<br>
office.  GISB follows a privacy policy <font color = gray>[</font><font color = #8833bb><b>and</b></font><font color = gray>]</font> will not provide your email<br>
address to other groups for their use.)<br>
<br>
<br>
 - am000314.PDF

<h1>Document '10047'</h1>

There are a number of superb initiatives that are being developed <font color = gray>[</font><font color = #8833bb><b>and</b></font><font color = gray>]</font> <br>
implemented <br>
throughout EOTT that will collectively profoundly change <font color = gray>[</font><font color = #8833bb><b>and</b></font><font color = gray>]</font> improve our <br>
company.<br>
I will give you periodic up...<br>
[ snip! ]<br>
...is doing excellent work to develop more <br>
accurate <font color = gray>[</font><font color = #8833bb><b>and</b></font><font color = gray>]</font> <br>
appropriate truck cost guides.  This tool is giv...<br>
[ snip! ]<br>
...ave asked Priscilla to briefly describe this tool <font color = gray>[</font><font color = #8833bb><b>and</b></font><font color = gray>]</font> it implementation <br>
below:<br>
=======================...<br>
[ snip! ]<br>
... number of truck-hours operated in each district, <font color = gray>[</font><font color = #8833bb><b>and</b></font><font color = gray>]</font> <br>
total fleet operating dollars spent in each dist...<br>
[ snip! ]<br>
...e will now know which leases are $0.45 per barrel <font color = gray>[</font><font color = #8833bb><b>and</b></font><font color = gray>]</font> which are <br>
$1.10 per barrel. This improved unders...<br>
[ snip! ]<br>
...keting  can become more <br>
aggressive, competitive, <font color = gray>[</font><font color = #8833bb><b>and</b></font><font color = gray>]</font> confident about our costs when bidding on new <br>
barrels, <font color = gray>[</font><font color = #8833bb><b>and</b></font><font color = gray>]</font> Operations Managers can more easily identify oppo...<br>
[ snip! ]<br>
...imize fleet costs.  <br>
<br>
The Fleet District Managers <font color = gray>[</font><font color = #8833bb><b>and</b></font><font color = gray>]</font> Marketing have been receptive to the TIME <br>
concept  <font color = gray>[</font><font color = #8833bb><b>and</b></font><font color = gray>]</font> very helpful in providing feedback.    Although t...<br>
[ snip! ]<br>
...s to reduce his costs in <br>
Kansas.    Willie Seale <font color = gray>[</font><font color = #8833bb><b>and</b></font><font color = gray>]</font> Phil Elliot  have been using TIME data to <br>
identi...<br>
[ snip! ]<br>
...s out at a lower cost than <br>
EOTT's internal cost, <font color = gray>[</font><font color = #8833bb><b>and</b></font><font color = gray>]</font> to identify marginal leases to be rebid <font color = gray>[</font><font color = #8833bb><b>or</b></font><font color = gray>]</font> <br>
terminated.     Bennie Orr has been using the TI...<br>
[ snip! ]<br>
....   Future plans <br>
include adding pipeline barrels <font color = gray>[</font><font color = #8833bb><b>and</b></font><font color = gray>]</font> tariff rates to the Tool in order to be <br>
able to see both pipeline <font color = gray>[</font><font color = #8833bb><b>and</b></font><font color = gray>]</font> truck business in the same tool (essential for <br>
analyzing customers who have both pipeline <font color = gray>[</font><font color = #8833bb><b>and</b></font><font color = gray>]</font> truck barrels).  Within the <br>
next week, we plan t...<br>
[ snip! ]<br>
...ne outlying office to begin testing functionality <font color = gray>[</font><font color = #8833bb><b>and</b></font><font color = gray>]</font> accuracy, <font color = gray>[</font><font color = #8833bb><b>and</b></font><font color = gray>]</font> to <br>
identify any performance issues.  <br>
<br>
Our goal ...<br>
[ snip! ]<br>
...ability at the lease level."<br>
<br>
Priscilla Norton<br>
<br>
<br>
<br>


<h1>Document '10048'</h1>

Rep. Greg Ganske yesterday introduced legislation to ban MTBE <font color = gray>[</font><font color = #8833bb><b>and</b></font><font color = gray>]</font> promote <br>
ethanol.  He will most certainly offer t...<br>
[ snip! ]<br>
...es to consider in the <br>
debate, the House Commerce <font color = gray>[</font><font color = #8833bb><b>and</b></font><font color = gray>]</font> Senate Environment Commitees have both had <br>
diffi...<br>
[ snip! ]<br>
...or their respective mark-ups of RFG <br>
legislation, <font color = gray>[</font><font color = #8833bb><b>but</b></font><font color = gray>]</font> we do expect both to try to move forward in the coming <br>
months.<br>
<br>
A copy of the legislation <font color = gray>[</font><font color = #8833bb><b>and</b></font><font color = gray>]</font> Rep. Ganske's press release is attached.<br>
<br>
 - gans...<br>
[ snip! ]<br>
...OR IMMEDIATE RELEASE<br>
March 16, 2000<br>
<br>
Reps. Ganske <font color = gray>[</font><font color = #8833bb><b>and</b></font><font color = gray>]</font> Shimkus Introduce Legislation to Ban MTBE <font color = gray>[</font><font color = #8833bb><b>and</b></font><font color = gray>]</font> Promote Ethanol<br>
<br>
Representatives Greg Ganske (R-IA) <font color = gray>[</font><font color = #8833bb><b>and</b></font><font color = gray>]</font> John Shimkus (R-IL)today introduced <br>
the Clean Air <font color = gray>[</font><font color = #8833bb><b>and</b></font><font color = gray>]</font> Water Preservation Act of 2000 to ban the gasoline additive <br>
methyl tertiary butyl ether (MTBE) <font color = gray>[</font><font color = #8833bb><b>and</b></font><font color = gray>]</font> promote renewable ethanol.  They were <br>
joined on the bill by 21 other Members of<br>
Congress.<br>
<br>
MTBE <font color = gray>[</font><font color = #8833bb><b>and</b></font><font color = gray>]</font> ethanol are added to gasoline to reduce harmful e...<br>
[ snip! ]<br>
...ater.<br>
<br>
"We do not have to chose between clean air <font color = gray>[</font><font color = #8833bb><b>and</b></font><font color = gray>]</font> clean water.  With renewable <br>
ethanol, not MTBE, ...<br>
[ snip! ]<br>
..., including my District. However, there is a safe <font color = gray>[</font><font color = #8833bb><b>and</b></font><font color = gray>]</font> clean <br>
alternative - ethanol," Shimkus said. "The Clean Air <font color = gray>[</font><font color = #8833bb><b>and</b></font><font color = gray>]</font> Water Preservation <br>
Act will provide cleaner air by reducing harmful auto emissions <font color = gray>[</font><font color = #8833bb><b>and</b></font><font color = gray>]</font> will <br>
provide cleaner water, as ethanol spillage ...<br>
[ snip! ]<br>
...oes not contaminate<br>
groundwater."<br>
<br>
"The Clean Air <font color = gray>[</font><font color = #8833bb><b>and</b></font><font color = gray>]</font> Water Preservation Act of 2000 gives refiners the...<br>
[ snip! ]<br>
...for at least the <br>
next ten years.<br>
<br>
"The Clean Air <font color = gray>[</font><font color = #8833bb><b>and</b></font><font color = gray>]</font> Water Preservation Act of 2000 is a sensible environmental <br>
<font color = gray>[</font><font color = #8833bb><b>and</b></font><font color = gray>]</font> agricultural bill," Ganske said.  "It is exceptio...<br>
[ snip! ]<br>
...g their third year of depressed commodity <br>
prices <font color = gray>[</font><font color = #8833bb><b>and</b></font><font color = gray>]</font> Congress last year appropriated billions in emergency farm <br>
support."<br>
<br>
The Clean Air <font color = gray>[</font><font color = #8833bb><b>and</b></font><font color = gray>]</font> Water Preservation Act of 2000 does the following:<br>
<br>
* Bans MTBE within three years <font color = gray>[</font><font color = #8833bb><b>and</b></font><font color = gray>]</font> urges refiners to replace it with ethanol.<br>
* Requ...<br>
[ snip! ]<br>
...by raising the standards on emissions <br>
reductions <font color = gray>[</font><font color = #8833bb><b>and</b></font><font color = gray>]</font> prohibiting an increase in the use of gasoline ar...<br>
[ snip! ]<br>
...cer-causing particulate emissions).<br>
* Directs DOE <font color = gray>[</font><font color = #8833bb><b>and</b></font><font color = gray>]</font> EPA to look for alternative sources of gasoline o...<br>
[ snip! ]<br>
...tment to environmental quality, renewable energy <br>
<font color = gray>[</font><font color = #8833bb><b>and</b></font><font color = gray>]</font> American agriculture.  This bill does all three,"...<br>
[ snip! ]<br>
...e clean <br>
air accomplishments of the past decade.  <font color = gray>[</font><font color = #8833bb><b>And</b></font><font color = gray>]</font> it will provide a renewable <br>
energy source which will decrease our dependence on foreign oil <font color = gray>[</font><font color = #8833bb><b>and</b></font><font color = gray>]</font> improve <br>
our agricultural economy.  The Clean Air <font color = gray>[</font><font color = #8833bb><b>and</b></font><font color = gray>]</font> Water Preservation<br>
Act of 2000 is a good bill for...<br>
[ snip! ]<br>
...(MN)<br>
&gt; Sherwood Boehlert (NY)<br>
&gt; Don Manzullo (IL)<br>


<h1>Document '10049'</h1>

EU backs MTBE despite US prohibition<br>
ENDS Daily - ...<br>
[ snip! ]<br>
...otection Agency proposed to "significantly<br>
reduce <font color = gray>[</font><font color = #8833bb><b>or</b></font><font color = gray>]</font> eliminate" use of the substance.  The agency says...<br>
[ snip! ]<br>
...reasons why" the US had proposed<br>
its restrictions <font color = gray>[</font><font color = #8833bb><b>but</b></font><font color = gray>]</font> had "no immediate plans" to call for<br>
similar EU r...<br>
[ snip! ]<br>
...duce air<br>
emissions.  However, it leaks from pipes <font color = gray>[</font><font color = #8833bb><b>and</b></font><font color = gray>]</font> storage tanks<br>
<font color = gray>[</font><font color = #8833bb><b>and</b></font><font color = gray>]</font> has caught public attention because it also makes...<br>
[ snip! ]<br>
...urope, MTBE is used instead as an octane booster, <font color = gray>[</font><font color = #8833bb><b>and</b></font><font color = gray>]</font><br>
typically only at concentrations of around 1.6% though it is<br>
permitted up to 15%.  New EU fuel <font color = gray>[</font><font color = #8833bb><b>and</b></font><font color = gray>]</font> air quality laws aimed<br>
at eliminating benzene mea...<br>
[ snip! ]<br>
...political dilemma"<br>
between protecting air quality <font color = gray>[</font><font color = #8833bb><b>and</b></font><font color = gray>]</font> groundwater.  "National<br>
environmental protection ...<br>
[ snip! ]<br>
...o EU environmental quality limits governing MTBE,<br>
<font color = gray>[</font><font color = #8833bb><b>but</b></font><font color = gray>]</font> an EU-sponsored risk assessment is underway in Fi...<br>
[ snip! ]<br>
...ld "clearly put a restriction on [fuel]<br>
blending" <font color = gray>[</font><font color = #8833bb><b>and</b></font><font color = gray>]</font> would "not be a trivial problem," <font color = gray>[</font><font color = #8833bb><b>but</b></font><font color = gray>]</font> said no<br>
work had been done to estimate the impact...<br>
[ snip! ]<br>
...conomic effects would very likely be significant.<br>


<h1>Document '1005'</h1>

Mother,<br>
<br>
I had offered to come <font color = gray>[</font><font color = #8833bb><b>and</b></font><font color = gray>]</font> be there during your surgery.  Both you <font color = gray>[</font><font color = #8833bb><b>and</b></font><font color = gray>]</font> Dad <br>
replied that it was not necessary because the surgery was not that serious <br>
<font color = gray>[</font><font color = #8833bb><b>and</b></font><font color = gray>]</font> there was no timeframe on its completion.  You know that I love you <font color = gray>[</font><font color = #8833bb><b>and</b></font><font color = gray>]</font> <br>
Dad very much, <font color = gray>[</font><font color = #8833bb><b>and</b></font><font color = gray>]</font> that I do not have a favorite parent (if that was...<br>
[ snip! ]<br>
...ou are unhappy with Jason's actions that is fine, <font color = gray>[</font><font color = #8833bb><b>but</b></font><font color = gray>]</font> you have to <br>
remember that my brother <font color = gray>[</font><font color = #8833bb><b>and</b></font><font color = gray>]</font> I are different people.  You cannot neccessarily ...<br>
[ snip! ]<br>
... saw one.? I was  devastated.? I will get over it <font color = gray>[</font><font color = #8833bb><b>but</b></font><font color = gray>]</font> it has to <br>
run its course.? Nothing  would have p...<br>
[ snip! ]<br>
...rcumstances.? I know you have lives, work, etc., <br>
<font color = gray>[</font><font color = #8833bb><b>but</b></font><font color = gray>]</font> you, especially,  always find time for friends in need, i.e, Donnita's <br>
mother <font color = gray>[</font><font color = #8833bb><b>and</b></font><font color = gray>]</font> Donnita's  15-minute oral surgery.? Give me a break.?? <font color = gray>[</font><font color = #8833bb><b>But</b></font><font color = gray>]</font>, the <br>
most heart  wrenching thing is, until today...<br>
[ snip! ]<br>
...ould take time to be with <br>
somebody else's mother <font color = gray>[</font><font color = #8833bb><b>and</b></font><font color = gray>]</font> take  an entire day off for Donnita's oral <br>
surge...<br>
[ snip! ]<br>
...over this.? In fact, I've gotten it  off my chest <font color = gray>[</font><font color = #8833bb><b>and</b></font><font color = gray>]</font> this is the <br>
end of it.? <font color = gray>[</font><font color = #8833bb><b>But</b></font><font color = gray>]</font>, I cannot help <font color = gray>[</font><font color = #8833bb><b>but</b></font><font color = gray>]</font> wonder, <font color = gray>[</font><font color = #8833bb><b>and</b></font><font color = gray>]</font>  I want you both to answer <br>
this truthfully, if i...<br>
[ snip! ]<br>
...s not very good at the <br>
sowing part.<br>
?<br>
Love, Mom<br>
<br>


<h1>Document '1006'</h1>

i repeat, uou have no offer?<br>
<br>
<br>
To: Eric Bass/HOU/E...<br>
[ snip! ]<br>
...Subject: Re: Gonzalez  <br>
<br>
He was my number 2 pick, <font color = gray>[</font><font color = #8833bb><b>and</b></font><font color = gray>]</font> I don't want to hear about me drafting him too <br>
e...<br>
[ snip! ]<br>
...ject: Re: Gonzalez  <br>
<br>
I took a peek at your squad <font color = gray>[</font><font color = #8833bb><b>and</b></font><font color = gray>]</font> no go... Thrill kill will rule this bitch...<br>
<br>
<br>
  ...<br>
[ snip! ]<br>
...  <br>
Subject: Re: Gonzalez  <br>
<br>
i will give you walls <font color = gray>[</font><font color = #8833bb><b>and</b></font><font color = gray>]</font> terrence wilkins<br>
<br>
<br>
To: Eric Bass/HOU/ECT@ECT<br>
cc:  <br>
Subject: Re: Gonzalez  <br>
<br>
Your top wide receiver <font color = gray>[</font><font color = #8833bb><b>and</b></font><font color = gray>]</font> tight end, <font color = gray>[</font><font color = #8833bb><b>and</b></font><font color = gray>]</font> I might throw in my fourth <br>
receiver...<br>
<br>
<br>
   <br>
	En...<br>
[ snip! ]<br>
...at do you want for tony gonzalez?<br>
<br>
<br>
<br>
<br>
<br>
<br>
<br>
<br>
<br>
<br>
<br>
<br>
<br>
<br>
<br>
<br>


<h1>Document '1007'</h1>

---------------------- Forwarded by Eric Bass/HOU/...<br>
[ snip! ]<br>
...ls at Louisiana State University wanted to avoid, <font color = gray>[</font><font color = #8833bb><b>but</b></font><font color = gray>]</font> now  the word is<br>
out: LSU has been ranked the No....<br>
[ snip! ]<br>
...s top colleges.<br>
Despite seminars on alcohol abuse <font color = gray>[</font><font color = #8833bb><b>and</b></font><font color = gray>]</font>  new policies for fraternities <font color = gray>[</font><font color = #8833bb><b>and</b></font><font color = gray>]</font><br>
sororities regarding alcohol consumption,  LSU ed...<br>
[ snip! ]<br>
...f Mines<br>
20. Rose-Hulman Institute of Technology<br>
<br>
<br>


<h1>Document '1008'</h1>

i have to swing the other side of it , i'll let yo...<br>
[ snip! ]<br>
...ct: trade<br>
<br>
<br>
<br>
<br>
how about the final pick in the 2nd <font color = gray>[</font><font color = #8833bb><b>and</b></font><font color = gray>]</font> my third for your 2nd <font color = gray>[</font><font color = #8833bb><b>and</b></font><font color = gray>]</font> your 4th<br>
<br>
<br>


<h1>Document '1009'</h1>

I know you had asked for some info on Texas previously.  Sorry it is so late, <br>
<font color = gray>[</font><font color = #8833bb><b>but</b></font><font color = gray>]</font> here is a map of Tx pieplines.  The most notable ...<br>
[ snip! ]<br>
...urrent pipeline map) are Oasis, Lonestar, Valero, <font color = gray>[</font><font color = #8833bb><b>and</b></font><font color = gray>]</font> HPL.<br>
<br>
<br>
Thanks,<br>
<br>
Eric<br>
x3-0977<br>


<h1>Document '1010'</h1>

My 1,4,<font color = gray>[</font><font color = #8833bb><b>and</b></font><font color = gray>]</font> 6 for your 1, 5,7
</body>
</html>
