<html>
<head>
<title>MajorCityLC2.htm</title>
</head>
<body>


<h1>Document 'AOMDocument#1'</h1>

South <font color = gray>[</font><font color = #8833bb><b>Africa, </b></font><font color = gray>]</font>Singapore , etc.
</body>
</html>
