<html>
<head>
<title>AuthorsAddressOutput.htm</title>
</head>
<body>

</body>
</html>
