<html>
<head>
<title>ForwardBlock.htm</title>
</head>
<body>


<h1>Document 'AOMDocument#151'</h1>

Bill -<br>
<br>
Have you and Jeff talked?<br>
<br>
Thanks!<br>
Amy<br>
<br>
<br>
<br>
...<br>
[ snip! ]<br>
...                           04/27/2001 08:20 AM<br>
<br>
<br>
<br>
<font color = gray>[</font><font color = #8833bb><b>To:	Amy FitzPatrick/PDX/ECT@ECT<br>
cc:<br>
Subject:</b></font><font color = gray>]</font>	Kate Symes<br>
<br>
<br>
Amy,<br>
Good morning!  Hope you are doi...<br>
[ snip! ]<br>
...his afternoon at 04:30.  Let me know.<br>
Thanks,<br>
Bill

<h1>Document 'AOMDocument#159'</h1>

Bill -<br>
<br>
Please see Jessica Burry re the training a...<br>
[ snip! ]<br>
...                           04/23/2001 02:54 PM<br>
<br>
<br>
<br>
<font color = gray>[</font><font color = #8833bb><b>To:	Amy FitzPatrick/PDX/ECT@ECT<br>
cc:<br>
Subject:</b></font><font color = gray>]</font>	Interview w/ Kate Symes and Training on Friday an...<br>
[ snip! ]<br>
...w when you might have a moment.<br>
Thanks much,<br>
<br>
Bill

<h1>Document 'AOMDocument#160'</h1>

I have talked to Tim and he was going to get back ...<br>
[ snip! ]<br>
...                           04/23/2001 02:03 PM<br>
<br>
<br>
<br>
<font color = gray>[</font><font color = #8833bb><b>To:	Amy FitzPatrick/PDX/ECT@ECT<br>
cc:<br>
Subject:</b></font><font color = gray>]</font>	Checking In<br>
<br>
This came across my desk today.<br>
Just figured  I would forward it to you...<br>


<h1>Document 'AOMDocument#180'</h1>

There is plenty of room in both- I will sign you u...<br>
[ snip! ]<br>
...                           04/09/2001 04:28 PM<br>
<br>
<br>
<br>
<font color = gray>[</font><font color = #8833bb><b>To:	Amy FitzPatrick/PDX/ECT@ECT<br>
cc:<br>
Subject:</b></font><font color = gray>]</font>	Re: Training Opportunities<br>
<br>
Amy,<br>
I am interested ...<br>
[ snip! ]<br>
...nks,<br>
Bill<br>
<br>
<br>
<br>
<br>
Amy FitzPatrick<br>
04/04/2001 04:23 PM<br>
<font color = gray>[</font><font color = #8833bb><b>To:	Portland West Desk<br>
cc:<br>
<br>
Subject:</b></font><font color = gray>]</font>	Training Opportunities<br>
<br>
We will be offering 2 tra...<br>
[ snip! ]<br>
...to ask.<br>
<br>
Thanks!<br>
Amy<br>
<br>
<br>
<br>
<br>
<br>
<br>
<br>
<br>
&lt;Embedded StdOleLink&gt;

<h1>Document 'AOMDocument#329'</h1>

Timeline Team -<br>
<br>
Attached is proposed agenda for W...<br>
[ snip! ]<br>
...obert<br>
&gt; Sent: 	Wednesday, June 13, 2001 9:39 AM<br>
&gt; <font color = gray>[</font><font color = #8833bb><b>To: 	'DEMPSEY, JERRY'; Ellingson, Mons; Fotiou, Demetrios; Grow, Lisa;<br>
&gt; Holden-Baker, Susan; Smith, Chris; Tilghman, Carmine; Underwood, John;<br>
&gt; Williams, Bill<br>
&gt; Cc: 	'Hackney, Mark'<br>
&gt; Subject:</b></font><font color = gray>]</font> 	Meeting<br>
&gt;<br>
&gt; Based on what I've seen so far, look...<br>
[ snip! ]<br>
... 206.604.3251 (cell)<br>
&gt;<br>
<br>
- 062701TimelineAgenda.doc

<h1>Document 'AOMDocument#344'</h1>

Timeliners:<br>
<br>
Revision to yesterday's e-mail - due ...<br>
[ snip! ]<br>
...r, Robert<br>
&gt; Sent: 	Monday, May 21, 2001 5:16 PM<br>
&gt; <font color = gray>[</font><font color = #8833bb><b>To: 	Ellingson, Mons; Fotiou, Demetrios; Grow, Lisa; Holden-Baker, Susan;<br>
&gt; Smith, Chris; Tilghman, Carmine; Underwood, John; Williams, Bill<br>
&gt; Cc: 	'Hackney, Mark'<br>
&gt; Subject:</b></font><font color = gray>]</font> 	A3A1 Ad Hoc Review Team<br>
&gt;<br>
&gt; Yes, that's right, y...<br>
[ snip! ]<br>
...x<br>
&gt;  (206) 405-5161 pager<br>
&gt;  (206) 604-3251 cell<br>
&gt;
</body>
</html>
