<html>
<head>
<title>OrgFull.htm</title>
</head>
<body>


<h1>Document 'AOMDocument#1'</h1>

<font color = gray>[</font><font color = #8833bb><b>GARMIN LTD</b></font><font color = gray>]</font> threw $3 billion in bonds at <font color = gray>[</font><font color = #8833bb><b>Fifth Third Bancorp</b></font><font color = gray>]</font>.
</body>
</html>
