<html>
<head>
<style type="text/css">
    table.aqltups {
        background-color: lightgray;
        width: 100%;
    }
    th {
        background-color: darkslategray;
        color: white;
    }
</style>
<title>SP12_a.htm</title>
</head>
<body>


<h1>Document 'ensample/10024'</h1>

<table class="aqltups">
<tr>
    <th>type: Text</th>
    <th>no: Integer</th>
    <th>ptype: Text</th>
    <th>phone: Span</th>
    <th>match: Span</th>
</tr>
<tr>
   <td>'Caps'</td>
   <td>2</td>
   <td>'Phone'</td>
   <td>[1227-1239]: '713-410-0642'</td>
   <td>[1208-1239]: 'Pete Castrejana at 713-410-0642'</td>
</tr>
<tr>
   <td>'Caps'</td>
   <td>2</td>
   <td>'Phone'</td>
   <td>[2053-2065]: '713-853-9780'</td>
   <td>[2035-2065]: 'Scott Shishido    713-853-9780'</td>
</tr>
<tr>
   <td>'Caps'</td>
   <td>2</td>
   <td>'Phone'</td>
   <td>[2486-2498]: '713-345-9953'</td>
   <td>[2464-2498]: 'Garhett Clark         713-345-9953'</td>
</tr>
<tr>
   <td>'Caps'</td>
   <td>2</td>
   <td>'Phone'</td>
   <td>[2541-2553]: '713-853-6366'</td>
   <td>[2523-2553]: 'Robert Humlicek   713-853-6366'</td>
</tr>
<tr>
   <td>'Caps'</td>
   <td>2</td>
   <td>'Phone'</td>
   <td>[2778-2790]: '713-345-9953'</td>
   <td>[2756-2790]: 'Garhett Clark         713-345-9953'</td>
</tr>
<tr>
   <td>'Caps'</td>
   <td>2</td>
   <td>'Phone'</td>
   <td>[2811-2823]: '713-853-6366'</td>
   <td>[2793-2823]: 'Robert Humlicek   713-853-6366'</td>
</tr>
<tr>
   <td>'Caps'</td>
   <td>2</td>
   <td>'Phone'</td>
   <td>[3373-3385]: '713-853-7943'</td>
   <td>[3352-3385]: 'John Shupak          713-853-7943'</td>
</tr>
<tr>
   <td>'Caps'</td>
   <td>2</td>
   <td>'Phone'</td>
   <td>[3406-3418]: '713-345-8446'</td>
   <td>[3388-3418]: 'Bryan Aubuchon    713-345-8446'</td>
</tr>
<tr>
   <td>'Caps'</td>
   <td>2</td>
   <td>'Phone'</td>
   <td>[4319-4331]: '713-646-7741'</td>
   <td>[4299-4331]: 'David Ricafrente    713-646-7741'</td>
</tr>
</table>
<br><br>
<br>
-------------------------------------------------...<br>
[ snip! ]<br>
...If you have any further questions, please contact <font color = gray>[</font><font color = #8833bb><b>Pete Castrejana at 713-410-0642</b></font><font color = gray>]</font> for more information.<br>
		    <br>
<br>
SCHEDULED SYSTEM OU...<br>
[ snip! ]<br>
...ckout: remove routing on the router.<br>
Contact(s): 	<font color = gray>[</font><font color = #8833bb><b>Scott Shishido    713-853-9780</b></font><font color = gray>]</font><br>
<br>
Impact:  AEP<br>
Time:  Fri 6/1/2001 at  8:00:00 PM ...<br>
[ snip! ]<br>
...t space has been sold.<br>
Backout: None<br>
Contact(s): 	<font color = gray>[</font><font color = #8833bb><b>Garhett Clark         713-345-9953</b></font><font color = gray>]</font><br>
                        <font color = gray>[</font><font color = #8833bb><b>Robert Humlicek   713-853-6366</b></font><font color = gray>]</font>   713-406-8293<br>
		    		    		    		<br>
Impact:  ENS/...<br>
[ snip! ]<br>
...CO<br>
Purpose: Sites sold<br>
Backout: None<br>
Contact(s): 	<font color = gray>[</font><font color = #8833bb><b>Garhett Clark         713-345-9953</b></font><font color = gray>]</font><br>
		<font color = gray>[</font><font color = #8833bb><b>Robert Humlicek   713-853-6366</b></font><font color = gray>]</font>   713-406-8293<br>
<br>
FIELD SERVICES:  No Scheduled Out...<br>
[ snip! ]<br>
...o last about five minutes.<br>
Backout: <br>
Contact(s): 	<font color = gray>[</font><font color = #8833bb><b>John Shupak          713-853-7943</b></font><font color = gray>]</font><br>
		<font color = gray>[</font><font color = #8833bb><b>Bryan Aubuchon    713-345-8446</b></font><font color = gray>]</font> <br>
 <br>
MESSAGING: <br>
Impact:  Corp Notes<br>
Time:  Fri 6/1...<br>
[ snip! ]<br>
...duled @ 2 week interval<br>
Backout: N/A<br>
Contact(s): 	<font color = gray>[</font><font color = #8833bb><b>David Ricafrente    713-646-7741</b></font><font color = gray>]</font><br>
 <br>
MARKET DATA: No Scheduled Outages.<br>
<br>
NT: No Sche...<br>
[ snip! ]<br>
... On-Call                    (713) 327-6032 [Pager]

<h1>Document 'ensample/10075'</h1>

<table class="aqltups">
<tr>
    <th>type: Text</th>
    <th>no: Integer</th>
    <th>ptype: Text</th>
    <th>phone: Span</th>
    <th>match: Span</th>
</tr>
<tr>
   <td>'Caps'</td>
   <td>2</td>
   <td>'Phone'</td>
   <td>[219-231]: '313-225-1749'</td>
   <td>[210-231]: 'Bank One 313-225-1749'</td>
</tr>
<tr>
   <td>'Caps'</td>
   <td>2</td>
   <td>'Phone'</td>
   <td>[324-336]: '425-637-1470'</td>
   <td>[303-336]: 'Wind Turbine Company 425-637-1470'</td>
</tr>
<tr>
   <td>'Caps'</td>
   <td>2</td>
   <td>'Phone'</td>
   <td>[374-386]: '310-228-2895'</td>
   <td>[361-386]: 'Yucaipa Corp 310-228-2895'</td>
</tr>
</table>
<br><br>
Mark - Here is a list of folks who have called yes...<br>
[ snip! ]<br>
...numbers are included fyi):<br>
<br>
	1.  Bill Wangering - <font color = gray>[</font><font color = #8833bb><b>Bank One 313-225-1749</b></font><font color = gray>]</font> (referred by Brett  Maxwell at First Analysis)<br>
	2.  Larry Miller - The <font color = gray>[</font><font color = #8833bb><b>Wind Turbine Company 425-637-1470</b></font><font color = gray>]</font><br>
	3,  Ari Schuler (sp) - <font color = gray>[</font><font color = #8833bb><b>Yucaipa Corp 310-228-2895</b></font><font color = gray>]</font>.<br>
<br>
Adam

<h1>Document 'ensample/10152'</h1>

<table class="aqltups">
<tr>
    <th>type: Text</th>
    <th>no: Integer</th>
    <th>ptype: Text</th>
    <th>phone: Span</th>
    <th>match: Span</th>
</tr>
<tr>
   <td>'Caps'</td>
   <td>2</td>
   <td>'Phone'</td>
   <td>[515-527]: '303-291-0355'</td>
   <td>[504-527]: 'Group Inc.\n303-291-0355'</td>
</tr>
</table>
<br><br>
Kevin<br>
<br>
I am a project manager with Harris Group in...<br>
[ snip! ]<br>
...r assistance.<br>
<br>
Paul Rehrig<br>
Project Manager<br>
Harris <font color = gray>[</font><font color = #8833bb><b>Group Inc.<br>
303-291-0355</b></font><font color = gray>]</font><br>
paul.rehrig@harrisgroup.com

<h1>Document 'ensample/10153'</h1>

<table class="aqltups">
<tr>
    <th>type: Text</th>
    <th>no: Integer</th>
    <th>ptype: Text</th>
    <th>phone: Span</th>
    <th>match: Span</th>
</tr>
<tr>
   <td>'Caps'</td>
   <td>2</td>
   <td>'Phone'</td>
   <td>[1020-1032]: '713-345-3640'</td>
   <td>[999-1032]: 'Travel \n\nJohnny Ross\n713-345-3640'</td>
</tr>
</table>
<br><br>
Sorry Kevin,<br>
Can not inter-office mail them to you...<br>
[ snip! ]<br>
... feel free to contact me.  <br>
<br>
Thank You.<br>
Corporate <font color = gray>[</font><font color = #8833bb><b>Travel <br>
<br>
Johnny Ross<br>
713-345-3640</b></font><font color = gray>]</font><br>


<h1>Document 'ensample/10164'</h1>

<table class="aqltups">
<tr>
    <th>type: Text</th>
    <th>no: Integer</th>
    <th>ptype: Text</th>
    <th>phone: Span</th>
    <th>match: Span</th>
</tr>
<tr>
   <td>'Caps'</td>
   <td>2</td>
   <td>'Phone'</td>
   <td>[17810-17822]: '303-782-5510'</td>
   <td>[17788-17822]: 'Member Services \n  at 303-782-5510'</td>
</tr>
</table>
<br><br>
__________________________________________________...<br>
[ snip! ]<br>
...end a message to remove@energycentral.com or call <font color = gray>[</font><font color = #8833bb><b>Member Services <br>
  at 303-782-5510</b></font><font color = gray>]</font>.<br>
<br>
  This supplement to the Energy Central Daily N...<br>
[ snip! ]<br>
..._______________________________________________<br>
<br>
<br>


<h1>Document 'ensample/10182'</h1>

<table class="aqltups">
<tr>
    <th>type: Text</th>
    <th>no: Integer</th>
    <th>ptype: Text</th>
    <th>phone: Span</th>
    <th>match: Span</th>
</tr>
<tr>
   <td>'Caps'</td>
   <td>2</td>
   <td>'Phone'</td>
   <td>[769-781]: '402-398-7454'</td>
   <td>[758-781]: 'Help Desk: 402-398-7454'</td>
</tr>
</table>
<br><br>
<br>
Windows 2000 Users<br>
Since Outlook doesn't have an ...<br>
[ snip! ]<br>
... A Theobald<br>
      ETS Omaha IT<br>
      402-398-7247<br>
<font color = gray>[</font><font color = #8833bb><b>Help Desk: 402-398-7454</b></font><font color = gray>]</font><br>
_________________________________________________...<br>
[ snip! ]<br>
... Picture (Metafile)&gt;<br>
&lt;Embedded Picture (Metafile)&gt;

<h1>Document 'ensample/10186'</h1>

<table class="aqltups">
<tr>
    <th>type: Text</th>
    <th>no: Integer</th>
    <th>ptype: Text</th>
    <th>phone: Span</th>
    <th>match: Span</th>
</tr>
<tr>
   <td>'Caps'</td>
   <td>2</td>
   <td>'Phone'</td>
   <td>[987-999]: '713-973-1133'</td>
   <td>[960-999]: 'Business Objects Americas \n713-973-1133'</td>
</tr>
</table>
<br><br>
 <br>
-----Original Message-----<br>
From: Lohman, TK <br>
Sen...<br>
[ snip! ]<br>
...inds..........<br>
 <br>
<br>
Lisa Stephens <br>
Account Manager <br>
<font color = gray>[</font><font color = #8833bb><b>Business Objects Americas <br>
713-973-1133</b></font><font color = gray>]</font> office <br>
713-973-0044 fax <br>
713-253-8245 cell <br>
<br>
"th...<br>
[ snip! ]<br>
...d<br>
<br>
<br>
Model for the rebuilding of the WTC...<br>
<br>
 <br>
<br>
 <br>
 

<h1>Document 'ensample/10323'</h1>

<table class="aqltups">
<tr>
    <th>type: Text</th>
    <th>no: Integer</th>
    <th>ptype: Text</th>
    <th>phone: Span</th>
    <th>match: Span</th>
</tr>
<tr>
   <td>'Caps'</td>
   <td>2</td>
   <td>'Phone'</td>
   <td>[561-573]: '713-646-6002'</td>
   <td>[543-573]: 'Veronica Espinoza\n713-646-6002'</td>
</tr>
<tr>
   <td>'Caps'</td>
   <td>2</td>
   <td>'Phone'</td>
   <td>[1964-1976]: '402-758-6142'</td>
   <td>[1943-1976]: 'Manager Risk Control\n402-758-6142'</td>
</tr>
</table>
<br><br>
Veronica,<br>
 The above guaranty agreement as modifie...<br>
[ snip! ]<br>
... gty in order for us to receive executed copies.<br>
<br>
<font color = gray>[</font><font color = #8833bb><b>Veronica Espinoza<br>
713-646-6002</b></font><font color = gray>]</font><br>
<br>
---------------------- Forwarded by Veronica Esp...<br>
[ snip! ]<br>
... fax.<br>
<br>
<br>
Tenaska Marketing Ventures<br>
Mark Soulliere<br>
<font color = gray>[</font><font color = #8833bb><b>Manager Risk Control<br>
402-758-6142</b></font><font color = gray>]</font><br>
<br>
 - TEI-TEHLLC PARENT GUARANTY.doc<br>
<br>
<br>
<br>
<br>


<h1>Document 'ensample/10325'</h1>

<table class="aqltups">
<tr>
    <th>type: Text</th>
    <th>no: Integer</th>
    <th>ptype: Text</th>
    <th>phone: Span</th>
    <th>match: Span</th>
</tr>
<tr>
   <td>'Caps'</td>
   <td>2</td>
   <td>'Phone'</td>
   <td>[740-752]: '713-853-5923'</td>
   <td>[727-752]: 'Lee Papayoti\n713-853-5923'</td>
</tr>
</table>
<br><br>
Just wanted to thank everybody who works with Mobi...<br>
[ snip! ]<br>
...th <br>
Mobil Beaumont Refinery.<br>
<br>
Have a great 2001.<br>
<br>
<font color = gray>[</font><font color = #8833bb><b>Lee Papayoti<br>
713-853-5923</b></font><font color = gray>]</font>

<h1>Document 'ensample/10329'</h1>

<table class="aqltups">
<tr>
    <th>type: Text</th>
    <th>no: Integer</th>
    <th>ptype: Text</th>
    <th>phone: Span</th>
    <th>match: Span</th>
</tr>
<tr>
   <td>'Caps'</td>
   <td>2</td>
   <td>'Phone'</td>
   <td>[1207-1219]: '503-464-3732'</td>
   <td>[1195-1219]: 'Dave Fuller\n503-464-3732'</td>
</tr>
</table>
<br><br>
DAve,<br>
 Once you decide which way you would like to...<br>
[ snip! ]<br>
...deal in Mike's book and the risk system<br>
<br>
Thanks,<br>
<br>
<font color = gray>[</font><font color = #8833bb><b>Dave Fuller<br>
503-464-3732</b></font><font color = gray>]</font><br>
<br>
<br>
<br>


<h1>Document 'ensample/10346'</h1>

<table class="aqltups">
<tr>
    <th>type: Text</th>
    <th>no: Integer</th>
    <th>ptype: Text</th>
    <th>phone: Span</th>
    <th>match: Span</th>
</tr>
<tr>
   <td>'Caps'</td>
   <td>2</td>
   <td>'Phone'</td>
   <td>[2241-2253]: '403-974-6778'</td>
   <td>[2228-2253]: 'Grant Oh     403-974-6778'</td>
</tr>
<tr>
   <td>'Caps'</td>
   <td>2</td>
   <td>'Phone'</td>
   <td>[2269-2281]: '403-974-6725'</td>
   <td>[2259-2281]: 'Liz Prior 403-974-6725'</td>
</tr>
<tr>
   <td>'Caps'</td>
   <td>2</td>
   <td>'Phone'</td>
   <td>[2315-2327]: '403-205-7684'</td>
   <td>[2303-2327]: 'Bruce Kohrs 403-205-7684'</td>
</tr>
<tr>
   <td>'Caps'</td>
   <td>2</td>
   <td>'Phone'</td>
   <td>[2405-2417]: '403-233-5738'</td>
   <td>[2389-2417]: 'Kelvin Williams 403-233-5738'</td>
</tr>
</table>
<br><br>
Thanks Grant,<br>
I will get you an accounting contact...<br>
[ snip! ]<br>
...rston 713-83-5772   /  Mark<br>
Enron  Canada Corp. - <font color = gray>[</font><font color = #8833bb><b>Grant Oh     403-974-6778</b></font><font color = gray>]</font>  ,,  <font color = gray>[</font><font color = #8833bb><b>Liz Prior 403-974-6725</b></font><font color = gray>]</font><br>
<br>
Crestar / Keyspan - <font color = gray>[</font><font color = #8833bb><b>Bruce Kohrs 403-205-7684</b></font><font color = gray>]</font> ,   Jim Pearson,    Gerry<br>
Kurtz<br>
<br>
BP - Elizabeth Bartnes<br>
BP - <font color = gray>[</font><font color = #8833bb><b>Kelvin Williams 403-233-5738</b></font><font color = gray>]</font><br>
<br>
<br>
Kelvin please e-mail Patrice and myself an acco...<br>
[ snip! ]<br>
... can our accounting people ready.<br>
<br>
Thanks,<br>
<br>
Grant<br>


<h1>Document 'ensample/10369'</h1>

<table class="aqltups">
<tr>
    <th>type: Text</th>
    <th>no: Integer</th>
    <th>ptype: Text</th>
    <th>phone: Span</th>
    <th>match: Span</th>
</tr>
<tr>
   <td>'Caps'</td>
   <td>2</td>
   <td>'Phone'</td>
   <td>[1303-1315]: '415-973-6659'</td>
   <td>[1289-1315]: 'Dave Anderson 415-973-6659'</td>
</tr>
</table>
<br><br>
Thanks, Dan!<br>
<br>
-----Original Message-----<br>
From: Dan...<br>
[ snip! ]<br>
...'s OK, we will make change and execute.<br>
<br>
Thanks,<br>
<br>
<font color = gray>[</font><font color = #8833bb><b>Dave Anderson 415-973-6659</b></font><font color = gray>]</font><br>
<br>
-----Original Message-----<br>
From: Dan.J.Hyvl@enro...<br>
[ snip! ]<br>
...        Dan<br>
<br>
<br>
(See attached file: PG&amp;E 4-3-01.doc)

<h1>Document 'ensample/10410'</h1>

<table class="aqltups">
<tr>
    <th>type: Text</th>
    <th>no: Integer</th>
    <th>ptype: Text</th>
    <th>phone: Span</th>
    <th>match: Span</th>
</tr>
<tr>
   <td>'Caps'</td>
   <td>2</td>
   <td>'Phone'</td>
   <td>[830-842]: '415-973-6659'</td>
   <td>[816-842]: 'Dave Anderson 415-973-6659'</td>
</tr>
</table>
<br><br>
Dave,<br>
 As we discussed, the change that you made r...<br>
[ snip! ]<br>
...'s OK, we will make change and execute.<br>
<br>
Thanks,<br>
<br>
<font color = gray>[</font><font color = #8833bb><b>Dave Anderson 415-973-6659</b></font><font color = gray>]</font><br>
<br>
-----Original Message-----<br>
From: Dan.J.Hyvl@enro...<br>
[ snip! ]<br>
...                         Dan<br>
<br>
<br>
 - PG&amp;E 4-3-01.doc<br>


<h1>Document 'ensample/1042'</h1>

<table class="aqltups">
<tr>
    <th>type: Text</th>
    <th>no: Integer</th>
    <th>ptype: Text</th>
    <th>phone: Span</th>
    <th>match: Span</th>
</tr>
<tr>
   <td>'Caps'</td>
   <td>2</td>
   <td>'Phone'</td>
   <td>[6923-6935]: '312-750-4129'</td>
   <td>[6905-6935]: 'Jones Newswires;  312-750-4129'</td>
</tr>
</table>
<br><br>
---------------------- Forwarded by Christopher Wa...<br>
[ snip! ]<br>
...system <br>
operators."  <br>
		<br>
		?????-By Jon Kamp, Dow <font color = gray>[</font><font color = #8833bb><b>Jones Newswires;  312-750-4129</b></font><font color = gray>]</font>; <br>
mailto:jon.kamp@dowjones.com  <br>
		<br>
		?????(END) ...<br>
[ snip! ]<br>
...59968043996049?<br>
 - pmabn-dj.gif<br>
 - djnewsplus.gif<br>


<h1>Document 'ensample/10459'</h1>

<table class="aqltups">
<tr>
    <th>type: Text</th>
    <th>no: Integer</th>
    <th>ptype: Text</th>
    <th>phone: Span</th>
    <th>match: Span</th>
</tr>
<tr>
   <td>'Caps'</td>
   <td>2</td>
   <td>'Phone'</td>
   <td>[1236-1248]: '403-974-6908'</td>
   <td>[1223-1248]: 'Thanks\nLinda\n403-974-6908'</td>
</tr>
</table>
<br><br>
I have not.<br>
<br>
<br>
Cordially,<br>
Mary Cook<br>
Enron North Ame...<br>
[ snip! ]<br>
...f an ISDA with them - not what he's looking for.<br>
<br>
<font color = gray>[</font><font color = #8833bb><b>Thanks<br>
Linda<br>
403-974-6908</b></font><font color = gray>]</font><br>
<br>


<h1>Document 'ensample/1046'</h1>

<table class="aqltups">
<tr>
    <th>type: Text</th>
    <th>no: Integer</th>
    <th>ptype: Text</th>
    <th>phone: Span</th>
    <th>match: Span</th>
</tr>
<tr>
   <td>'Caps'</td>
   <td>2</td>
   <td>'Phone'</td>
   <td>[407-419]: '713-853-3105'</td>
   <td>[395-419]: 'East Power \n713-853-3105'</td>
</tr>
</table>
<br><br>
---------------------- Forwarded by Tamara Jae Bla...<br>
[ snip! ]<br>
...n.com/portal<br>
<br>
Thanks<br>
<br>
Mark Symms<br>
Sr. Specialist - <font color = gray>[</font><font color = #8833bb><b>East Power <br>
713-853-3105</b></font><font color = gray>]</font><br>
<br>


<h1>Document 'ensample/10466'</h1>

<table class="aqltups">
<tr>
    <th>type: Text</th>
    <th>no: Integer</th>
    <th>ptype: Text</th>
    <th>phone: Span</th>
    <th>match: Span</th>
</tr>
<tr>
   <td>'Caps'</td>
   <td>2</td>
   <td>'Phone'</td>
   <td>[114-126]: '713-853-6794'</td>
   <td>[100-126]: 'America Corp.\n713-853-6794'</td>
</tr>
</table>
<br><br>
Nothing with or pertaining to Star Supply Petroleum Inc.<br>
<br>
Kay C. Young<br>
Legal Specialist<br>
Enron North <font color = gray>[</font><font color = #8833bb><b>America Corp.<br>
713-853-6794</b></font><font color = gray>]</font> Phone<br>
713-646-3393 Fax<br>
kay.young@enron.com<br>
<br>
<br>
<br>
<br>
	T...<br>
[ snip! ]<br>
...ood, NJ  07631<br>
robr@starsupply.com<br>
<br>
Thanks,<br>
<br>
Dan<br>
<br>


<h1>Document 'ensample/10479'</h1>

<table class="aqltups">
<tr>
    <th>type: Text</th>
    <th>no: Integer</th>
    <th>ptype: Text</th>
    <th>phone: Span</th>
    <th>match: Span</th>
</tr>
<tr>
   <td>'Caps'</td>
   <td>2</td>
   <td>'Phone'</td>
   <td>[308-320]: '713-853-6794'</td>
   <td>[294-320]: 'America Corp.\n713-853-6794'</td>
</tr>
<tr>
   <td>'Caps'</td>
   <td>2</td>
   <td>'Phone'</td>
   <td>[424-436]: '713-853-6794'</td>
   <td>[410-436]: 'America Corp.\n713-853-6794'</td>
</tr>
</table>
<br><br>
At Rex Shelby's request I am sending the proposed ...<br>
[ snip! ]<br>
...elf.<br>
<br>
<br>
<br>
Kay C. Young<br>
Legal Specialist<br>
Enron North <font color = gray>[</font><font color = #8833bb><b>America Corp.<br>
713-853-6794</b></font><font color = gray>]</font> Phone<br>
713-646-3393 Fax<br>
kay.young@enron.com<br>
<br>
<br>
<br>
<br>
Kay C. Young<br>
Legal Specialist<br>
Enron North <font color = gray>[</font><font color = #8833bb><b>America Corp.<br>
713-853-6794</b></font><font color = gray>]</font> Phone<br>
713-646-3393 Fax<br>
kay.young@enron.com

<h1>Document 'ensample/10499'</h1>

<table class="aqltups">
<tr>
    <th>type: Text</th>
    <th>no: Integer</th>
    <th>ptype: Text</th>
    <th>phone: Span</th>
    <th>match: Span</th>
</tr>
<tr>
   <td>'Caps'</td>
   <td>2</td>
   <td>'Phone'</td>
   <td>[1137-1149]: '408-744-7807'</td>
   <td>[1115-1149]: 'Representative\nPhone: 408-744-7807'</td>
</tr>
</table>
<br><br>
Should we reject this from this onset or do you th...<br>
[ snip! ]<br>
...st regards,<br>
Kathy<br>
<br>
--<br>
Kathy Weber<br>
Loudcloud<br>
Sales <font color = gray>[</font><font color = #8833bb><b>Representative<br>
Phone: 408-744-7807</b></font><font color = gray>]</font><br>
Fax: 408-744-7382<br>
mailto:kathy@loudcloud.com<br>
http://www.loudcloud.com<br>
<br>
<br>
 - Loudcloud Mutual NDA.pdf

<h1>Document 'ensample/10502'</h1>

<table class="aqltups">
<tr>
    <th>type: Text</th>
    <th>no: Integer</th>
    <th>ptype: Text</th>
    <th>phone: Span</th>
    <th>match: Span</th>
</tr>
<tr>
   <td>'Caps'</td>
   <td>2</td>
   <td>'Phone'</td>
   <td>[276-288]: '713-853-6794'</td>
   <td>[262-288]: 'America Corp.\n713-853-6794'</td>
</tr>
</table>
<br><br>
Tana:  So you'll know.  Sun MicroSystems is the ag...<br>
[ snip! ]<br>
...uff?  <br>
<br>
Kay C. Young<br>
Legal Specialist<br>
Enron North <font color = gray>[</font><font color = #8833bb><b>America Corp.<br>
713-853-6794</b></font><font color = gray>]</font> Phone<br>
713-646-3393 Fax<br>
kay.young@enron.com<br>
<br>
-----...<br>
[ snip! ]<br>
...*************************************************<br>


<h1>Document 'ensample/10504'</h1>

<table class="aqltups">
<tr>
    <th>type: Text</th>
    <th>no: Integer</th>
    <th>ptype: Text</th>
    <th>phone: Span</th>
    <th>match: Span</th>
</tr>
<tr>
   <td>'Caps'</td>
   <td>2</td>
   <td>'Phone'</td>
   <td>[388-400]: '972-943-5161'</td>
   <td>[375-400]: 'Western Area\n972-943-5161'</td>
</tr>
</table>
<br><br>
Any problems with this counterparty?<br>
----- Forward...<br>
[ snip! ]<br>
...ness Contact<br>
Mike Thack<br>
Senior Director of Sales, <font color = gray>[</font><font color = #8833bb><b>Western Area<br>
972-943-5161</b></font><font color = gray>]</font> (office)<br>
972-658-5603 (cell)<br>
972-943-5050 (fax)<br>
m...<br>
[ snip! ]<br>
...gal contact at the company (optional but helpful):

<h1>Document 'ensample/10518'</h1>

<table class="aqltups">
<tr>
    <th>type: Text</th>
    <th>no: Integer</th>
    <th>ptype: Text</th>
    <th>phone: Span</th>
    <th>match: Span</th>
</tr>
<tr>
   <td>'Caps'</td>
   <td>2</td>
   <td>'Phone'</td>
   <td>[784-796]: '713-646-6305'</td>
   <td>[758-796]: 'Legal Project Coordinator\n713-646-6305'</td>
</tr>
</table>
<br><br>
The speaker presentations are now available at the...<br>
[ snip! ]<br>
...irst "Binder Free" conference! <br>
<br>
Paulette Obrecht<br>
<font color = gray>[</font><font color = #8833bb><b>Legal Project Coordinator<br>
713-646-6305</b></font><font color = gray>]</font>

<h1>Document 'ensample/10530'</h1>

<table class="aqltups">
<tr>
    <th>type: Text</th>
    <th>no: Integer</th>
    <th>ptype: Text</th>
    <th>phone: Span</th>
    <th>match: Span</th>
</tr>
<tr>
   <td>'Caps'</td>
   <td>2</td>
   <td>'Phone'</td>
   <td>[53-65]: '713-345-8438'</td>
   <td>[29-65]: 'Clickpaper Support Team\n713-345-8438'</td>
</tr>
</table>
<br><br>
Best Regards,<br>
<br>
Nicole Hunter<br>
<font color = gray>[</font><font color = #8833bb><b>Clickpaper Support Team<br>
713-345-8438</b></font><font color = gray>]</font>

<h1>Document 'ensample/10532'</h1>

<table class="aqltups">
<tr>
    <th>type: Text</th>
    <th>no: Integer</th>
    <th>ptype: Text</th>
    <th>phone: Span</th>
    <th>match: Span</th>
</tr>
<tr>
   <td>'Caps'</td>
   <td>2</td>
   <td>'Phone'</td>
   <td>[1214-1226]: '713-688-5500'</td>
   <td>[1188-1226]: 'Princeton Review \n \n Call 713-688-5500'</td>
</tr>
</table>
<br><br>
Enron and The Princeton Review have teamed to offe...<br>
[ snip! ]<br>
...ne GMAT study program<br>
<br>
Register directly with the <font color = gray>[</font><font color = #8833bb><b>Princeton Review <br>
 <br>
 Call 713-688-5500</b></font><font color = gray>]</font><br>
 Pay tuition ($700) with your own credit card <br>
 R...<br>
[ snip! ]<br>
...----------------------- <br>
http://hrweb.enron.com/<br>
<br>


<h1>Document 'ensample/10533'</h1>

<table class="aqltups">
<tr>
    <th>type: Text</th>
    <th>no: Integer</th>
    <th>ptype: Text</th>
    <th>phone: Span</th>
    <th>match: Span</th>
</tr>
<tr>
   <td>'Caps'</td>
   <td>2</td>
   <td>'Phone'</td>
   <td>[107-119]: '713-345-7373'</td>
   <td>[95-119]: 'Legal\nTele: 713-345-7373'</td>
</tr>
</table>
<br><br>
Marie's move is scheduled for Friday, 5/25/01 at 5pm.<br>
<br>
<br>
Taffy Milligan<br>
Sr. Admin Assistant<br>
EWS-<font color = gray>[</font><font color = #8833bb><b>Legal<br>
Tele: 713-345-7373</b></font><font color = gray>]</font><br>
Fax:  713-646-6058<br>


<h1>Document 'ensample/10542'</h1>

<table class="aqltups">
<tr>
    <th>type: Text</th>
    <th>no: Integer</th>
    <th>ptype: Text</th>
    <th>phone: Span</th>
    <th>match: Span</th>
</tr>
<tr>
   <td>'Caps'</td>
   <td>2</td>
   <td>'Phone'</td>
   <td>[2446-2458]: '212-299-2920'</td>
   <td>[2431-2458]: 'Nick Galati at 212-299-2920'</td>
</tr>
<tr>
   <td>'Caps'</td>
   <td>2</td>
   <td>'Phone'</td>
   <td>[2484-2496]: '212-299-2334'</td>
   <td>[2462-2496]: 'Ploumi \nEfkarpidis at 212-299-2334'</td>
</tr>
</table>
<br><br>
Notice No. 01-171<br>
May 17, 2001<br>
<br>
TO:<br>
ALL COMEX DIVI...<br>
[ snip! ]<br>
..., please <br>
contact Albert J. Getz at 212-299-2608, <font color = gray>[</font><font color = #8833bb><b>Nick Galati at 212-299-2920</b></font><font color = gray>]</font> or <font color = gray>[</font><font color = #8833bb><b>Ploumi <br>
Efkarpidis at 212-299-2334</b></font><font color = gray>]</font>.<br>
<br>
<br>
<br>
<br>
____________________________________________...<br>
[ snip! ]<br>
...te it into the web site address and press Return.<br>


<h1>Document 'ensample/10569'</h1>

<table class="aqltups">
<tr>
    <th>type: Text</th>
    <th>no: Integer</th>
    <th>ptype: Text</th>
    <th>phone: Span</th>
    <th>match: Span</th>
</tr>
<tr>
   <td>'Caps'</td>
   <td>2</td>
   <td>'Phone'</td>
   <td>[1502-1514]: '713-345-4388'</td>
   <td>[1487-1514]: 'Bolender\nDesk: 713-345-4388'</td>
</tr>
</table>
<br><br>
Has this been signed and sent to Microsoft?<br>
<br>
 ----...<br>
[ snip! ]<br>
... your immediate attention to this matter,<br>
Corinna <font color = gray>[</font><font color = #8833bb><b>Bolender<br>
Desk: 713-345-4388</b></font><font color = gray>]</font><br>
Cell:   512-632-4285<br>
<br>
 -----Original Message-----...<br>
[ snip! ]<br>
...JDP MOU.doc &lt;&lt; File: SQL 2000 SP1 JDP MOU.doc &gt;&gt; <br>


<h1>Document 'ensample/10576'</h1>

<table class="aqltups">
<tr>
    <th>type: Text</th>
    <th>no: Integer</th>
    <th>ptype: Text</th>
    <th>phone: Span</th>
    <th>match: Span</th>
</tr>
<tr>
   <td>'Caps'</td>
   <td>2</td>
   <td>'Phone'</td>
   <td>[3415-3427]: '713-853-1543'</td>
   <td>[3399-3427]: 'Irma Alvarez at 713-853-1543'</td>
</tr>
</table>
<br><br>
The mid-year Performance Management cycle will beg...<br>
[ snip! ]<br>
...C, call your Help Desk=<br>
=20<br>
for assistance, or  <font color = gray>[</font><font color = #8833bb><b>Irma Alvarez at 713-853-1543</b></font><font color = gray>]</font> to get a hard copy.<br>
<br>
7.  The general responsibi...<br>
[ snip! ]<br>
...<br>
Process, you may contact your HR Representative.

<h1>Document 'ensample/10580'</h1>

<table class="aqltups">
<tr>
    <th>type: Text</th>
    <th>no: Integer</th>
    <th>ptype: Text</th>
    <th>phone: Span</th>
    <th>match: Span</th>
</tr>
<tr>
   <td>'Caps'</td>
   <td>2</td>
   <td>'Phone'</td>
   <td>[700-712]: '713-345-8259'</td>
   <td>[686-712]: 'Lee Steele at 713-345-8259'</td>
</tr>
</table>
<br><br>
As you are probably aware, your department has bee...<br>
[ snip! ]<br>
...ipation.  If you have any <br>
questions, please call <font color = gray>[</font><font color = #8833bb><b>Lee Steele at 713-345-8259</b></font><font color = gray>]</font>.

<h1>Document 'ensample/1060'</h1>

<table class="aqltups">
<tr>
    <th>type: Text</th>
    <th>no: Integer</th>
    <th>ptype: Text</th>
    <th>phone: Span</th>
    <th>match: Span</th>
</tr>
<tr>
   <td>'Caps'</td>
   <td>2</td>
   <td>'Phone'</td>
   <td>[2016-2028]: '281-488-8517'</td>
   <td>[2000-2028]: 'Baptist Church\n&gt;281-488-8517'</td>
</tr>
</table>
<br><br>
<br>
<br>
-----Original Message-----<br>
From: April Page [mai...<br>
[ snip! ]<br>
...e Reno<br>
&gt;Childhood Education Assistant<br>
&gt;University <font color = gray>[</font><font color = #8833bb><b>Baptist Church<br>
&gt;281-488-8517</b></font><font color = gray>]</font> ext. 225<br>
&gt;sue.reno@ubc.org<br>
&gt;sue730@yahoo.com<br>
&gt;<br>
&gt;"...<br>
[ snip! ]<br>
... service with MSN Hotmail.<br>
http://www.hotmail.com<br>


<h1>Document 'ensample/10701'</h1>

<table class="aqltups">
<tr>
    <th>type: Text</th>
    <th>no: Integer</th>
    <th>ptype: Text</th>
    <th>phone: Span</th>
    <th>match: Span</th>
</tr>
<tr>
   <td>'Caps'</td>
   <td>2</td>
   <td>'Phone'</td>
   <td>[1471-1483]: '713-345-8741'</td>
   <td>[1455-1483]: 'Greg Grissom at 713-345-8741'</td>
</tr>
<tr>
   <td>'Caps'</td>
   <td>2</td>
   <td>'Phone'</td>
   <td>[2454-2466]: '713-646-7668'</td>
   <td>[2441-2466]: 'Teresa Nava, 713-646-7668'</td>
</tr>
<tr>
   <td>'Caps'</td>
   <td>2</td>
   <td>'Phone'</td>
   <td>[2785-2797]: '713-853-1918'</td>
   <td>[2767-2797]: 'Jessica Nunez at \n713-853-1918'</td>
</tr>
<tr>
   <td>'Caps'</td>
   <td>2</td>
   <td>'Phone'</td>
   <td>[3123-3135]: '713-853-5346'</td>
   <td>[3109-3135]: 'Jim Coffey at 713-853-5346'</td>
</tr>
<tr>
   <td>'Caps'</td>
   <td>2</td>
   <td>'Phone'</td>
   <td>[3153-3165]: '713-853-5634'</td>
   <td>[3140-3165]: 'Lisa Lunz at 713-853-5634'</td>
</tr>
<tr>
   <td>'Caps'</td>
   <td>2</td>
   <td>'Phone'</td>
   <td>[3664-3676]: '713-610-5093'</td>
   <td>[3647-3676]: 'Diana Barrero at 713-610-5093'</td>
</tr>
</table>
<br><br>
This is the last week of the "Who Wants to Help Mi...<br>
[ snip! ]<br>
...ckets, click here.  <br>
For any questions, contact <br>
 <font color = gray>[</font><font color = #8833bb><b>Greg Grissom at 713-345-8741</b></font><font color = gray>]</font>. <br>
<br>
Radio Music  A Free Night of Comedy!  Enron em...<br>
[ snip! ]<br>
...nde River in southernmost Texas.  <br>
Please RSVP to <font color = gray>[</font><font color = #8833bb><b>Teresa Nava, 713-646-7668</b></font><font color = gray>]</font>.<br>
<br>
<br>
United Way Sign Up Now!  Mark your calendar fo...<br>
[ snip! ]<br>
...ere http://home.enron.com/cr. To sign up, contact <font color = gray>[</font><font color = #8833bb><b>Jessica Nunez at <br>
713-853-1918</b></font><font color = gray>]</font>.<br>
<br>
Energize Houston The Energize Houston Golf Tour...<br>
[ snip! ]<br>
...at the tournament.  If interested, please contact <font color = gray>[</font><font color = #8833bb><b>Jim Coffey at 713-853-5346</b></font><font color = gray>]</font> <br>
or <font color = gray>[</font><font color = #8833bb><b>Lisa Lunz at 713-853-5634</b></font><font color = gray>]</font>.  For <br>
 information regarding playing in the tour...<br>
[ snip! ]<br>
...e to participate, please sign up <br>
 now by calling <font color = gray>[</font><font color = #8833bb><b>Diana Barrero at 713-610-5093</b></font><font color = gray>]</font>.   <br>
<br>
 <br>
Hearing Screening Hear Ye! Hear Ye!  It's ...<br>
[ snip! ]<br>
... the 2000 MS150 Bike Tour from <br>
Houston to Austin.

<h1>Document 'ensample/10854'</h1>

<table class="aqltups">
<tr>
    <th>type: Text</th>
    <th>no: Integer</th>
    <th>ptype: Text</th>
    <th>phone: Span</th>
    <th>match: Span</th>
</tr>
<tr>
   <td>'Caps'</td>
   <td>2</td>
   <td>'Phone'</td>
   <td>[1036-1048]: '713-853-3528'</td>
   <td>[1023-1048]: 'Thanks\nDavid\n713-853-3528'</td>
</tr>
</table>
<br><br>
Denis,<br>
<br>
I saw a copy of an MOU dated in November t...<br>
[ snip! ]<br>
...h Steve Wagner <br>
of ERisk <br>
sent to her yesterday.<br>
<br>
<font color = gray>[</font><font color = #8833bb><b>Thanks<br>
David<br>
713-853-3528</b></font><font color = gray>]</font><br>
<br>
<br>
<br>
<br>
Denis O'Connell<br>
12/06/2000 03:49 AM<br>
To: David...<br>
[ snip! ]<br>
...ell that we include <br>
sometimes.<br>
<br>
<br>
<br>
<br>
<br>
<br>
<br>
<br>
<br>
<br>
<br>
<br>
<br>
<br>
<br>
<br>
<br>
<br>

</body>
</html>
