{
	"ProgrammingLanguageWithVersion": {
		"fullMatch": "Span",
		"name": "Span",
		"version": "Span"
	},
	"ProgrammingLanguageName": {
		"name": "Span"
	},
	"serializeSpan": "locationAndText"
}