<html>
<head>
<style type="text/css">
    table.aqltups {
        background-color: lightgray;
        width: 100%;
    }
    th {
        background-color: darkslategray;
        color: white;
    }
</style>
<title>OneTokenExpandedRightOneChar.htm</title>
</head>
<body>


<h1>Document '1.txt'</h1>

<table class="aqltups">
<tr>
    <th>match: Span</th>
</tr>
<tr>
   <td>[1-4]: 'On '</td>
</tr>
<tr>
   <td>[4-8]: 'two '</td>
</tr>
<tr>
   <td>[9-14]: 'three'</td>
</tr>
</table>
<br><br>
 <font color = gray>[</font><font color = #8833bb><b>On </b></font><font color = gray>]</font><font color = gray>[</font><font color = #8833bb><b>two </b></font><font color = gray>]</font> <font color = gray>[</font><font color = #8833bb><b>three</b></font><font color = gray>]</font>

<h1>Document '2.txt'</h1>

<table class="aqltups">
<tr>
    <th>match: Span</th>
</tr>
<tr>
   <td>[1-5]: 'One '</td>
</tr>
<tr>
   <td>[6-10]: 'two '</td>
</tr>
<tr>
   <td>[10-16]: 'three '</td>
</tr>
<tr>
   <td>[16-21]: 'four '</td>
</tr>
<tr>
   <td>[21-26]: 'five '</td>
</tr>
</table>
<br><br>
 <font color = gray>[</font><font color = #8833bb><b>One </b></font><font color = gray>]</font> <font color = gray>[</font><font color = #8833bb><b>two </b></font><font color = gray>]</font><font color = gray>[</font><font color = #8833bb><b>three </b></font><font color = gray>]</font><font color = gray>[</font><font color = #8833bb><b>four </b></font><font color = gray>]</font><font color = gray>[</font><font color = #8833bb><b>five </b></font><font color = gray>]</font>
</body>
</html>
