<html>
<head>
<style type="text/css">
    table.aqltups {
        background-color: lightgray;
        width: 100%;
    }
    th {
        background-color: darkslategray;
        color: white;
    }
</style>
<title>FirstName1.htm</title>
</head>
<body>


<h1>Document 'AOMDocument#1'</h1>

<table class="aqltups">
<tr>
    <th>match: Span</th>
</tr>
<tr>
   <td>[10-14]: 'Bill'</td>
</tr>
<tr>
   <td>[107-114]: 'Brendan'</td>
</tr>
<tr>
   <td>[312-317]: 'Nikki'</td>
</tr>
<tr>
   <td>[433-440]: 'Brendan'</td>
</tr>
<tr>
   <td>[842-849]: 'Brendan'</td>
</tr>
<tr>
   <td>[2860-2865]: 'Nikki'</td>
</tr>
</table>
<br><br>
Hey there <font color = gray>[</font><font color = #8833bb><b>Bill</b></font><font color = gray>]</font>!<br>
<br>
I thought I'd drop a quick line just to do a quick introduction of myself.<br>
Your buddy, <font color = gray>[</font><font color = #8833bb><b>Brendan</b></font><font color = gray>]</font>, has offered your tour guide ability to me when I...<br>
[ snip! ]<br>
...ht not have to be stuck with me. :)<br>
<br>
Anyhow I'm <font color = gray>[</font><font color = #8833bb><b>Nikki</b></font><font color = gray>]</font>.  I'd go more into depth but everytime I write it...<br>
[ snip! ]<br>
...more like a personal add then an introduction!<br>
<br>
<font color = gray>[</font><font color = #8833bb><b>Brendan</b></font><font color = gray>]</font> tells me you are about to close on a condo.  Cong...<br>
[ snip! ]<br>
... way to get to know<br>
people.<br>
<br>
I don't know what <font color = gray>[</font><font color = #8833bb><b>Brendan</b></font><font color = gray>]</font> has told you about me but here's the story.  I wa...<br>
[ snip! ]<br>
... take care of. :)<br>
<br>
Hope to hear from you soon!<br>
<font color = gray>[</font><font color = #8833bb><b>Nikki</b></font><font color = gray>]</font><br>
<br>
<br>
<br>
<br>
<br>
______________________________________...<br>
[ snip! ]<br>
...ur E-Card<br>
http://www.bluemountain.com/giftcenter/
</body>
</html>
