<html>
<head>
<style type="text/css">
    table.aqltups {
        background-color: lightgray;
        width: 100%;
    }
    th {
        background-color: darkslategray;
        color: white;
    }
</style>
<title>FirstName1.htm</title>
</head>
<body>


<h1>Document 'AOMDocument#1'</h1>

<table class="aqltups">
<tr>
    <th>name: Text</th>
</tr>
<tr>
   <td>'1_2_Bill_Bill'</td>
</tr>
<tr>
   <td>'1_2_Brendan_Brendan'</td>
</tr>
<tr>
   <td>'1_2_Nikki_Nikki'</td>
</tr>
<tr>
   <td>'1_2_Brendan_Brendan'</td>
</tr>
<tr>
   <td>'1_2_Brendan_Brendan'</td>
</tr>
<tr>
   <td>'1_2_Nikki_Nikki'</td>
</tr>
</table>
<br><br>
<font color = gray>[</font><font color = #8833bb><b></b></font><font color = gray>[</font><font color = #aa22aa><b></b></font><font color = gray>[</font><font color = #bb1111><b></b></font><font color = gray>[</font><font color = #ee0000><b></b></font><font color = gray>[</font><font color = #ff0000><b></b></font><font color = gray>[</font><font color = #ff0000><b>1_2_Bill_Bill</b></font><font color = gray>]</font><font color = gray>]</font><font color = gray>]</font><font color = gray>]</font><font color = gray>]</font><font color = gray>]</font>

<h1>Document 'AOMDocument#2'</h1>

<table class="aqltups">
<tr>
    <th>name: Text</th>
</tr>
<tr>
   <td>'1_2_Bill_Bill'</td>
</tr>
</table>
<br><br>
<font color = gray>[</font><font color = #8833bb><b>1_2_Bill_Bill</b></font><font color = gray>]</font>

<h1>Document 'AOMDocument#3'</h1>

<table class="aqltups">
<tr>
    <th>name: Text</th>
</tr>
<tr>
   <td>'1_2_Bill_Bill'</td>
</tr>
</table>
<br><br>
<font color = gray>[</font><font color = #8833bb><b>1_2_Bill_Bill</b></font><font color = gray>]</font>

<h1>Document 'AOMDocument#4'</h1>

<table class="aqltups">
<tr>
    <th>name: Text</th>
</tr>
<tr>
   <td>'1_2_Bill_Bill'</td>
</tr>
</table>
<br><br>
<font color = gray>[</font><font color = #8833bb><b>1_2_Bill_Bill</b></font><font color = gray>]</font>

<h1>Document 'AOMDocument#5'</h1>

<table class="aqltups">
<tr>
    <th>name: Text</th>
</tr>
<tr>
   <td>'1_2_Kathy_Kathy'</td>
</tr>
<tr>
   <td>'1_2_Bill_Bill'</td>
</tr>
</table>
<br><br>
<font color = gray>[</font><font color = #8833bb><b></b></font><font color = gray>[</font><font color = #aa22aa><b>1_2_Kathy_Kat</b></font><font color = gray>]</font><font color = #8833bb><b>hy</b></font><font color = gray>]</font>

<h1>Document 'AOMDocument#6'</h1>

<table class="aqltups">
<tr>
    <th>name: Text</th>
</tr>
<tr>
   <td>'1_2_Bill_Bill'</td>
</tr>
<tr>
   <td>'1_2_September_September'</td>
</tr>
<tr>
   <td>'1_2_Sara_Sara'</td>
</tr>
</table>
<br><br>
<font color = gray>[</font><font color = #8833bb><b></b></font><font color = gray>[</font><font color = #aa22aa><b></b></font><font color = gray>[</font><font color = #bb1111><b>1_2_Bill_Bill</b></font><font color = gray>]</font><font color = gray>]</font><font color = gray>]</font>

<h1>Document 'AOMDocument#7'</h1>

<table class="aqltups">
<tr>
    <th>name: Text</th>
</tr>
<tr>
   <td>'1_2_Scott_Scott'</td>
</tr>
</table>
<br><br>
<font color = gray>[</font><font color = #8833bb><b>1_2_Scott_Scott</b></font><font color = gray>]</font>

<h1>Document 'AOMDocument#8'</h1>

<table class="aqltups">
<tr>
    <th>name: Text</th>
</tr>
<tr>
   <td>'1_2_Lee_Lee'</td>
</tr>
</table>
<br><br>
<font color = gray>[</font><font color = #8833bb><b>1_2_Lee_Lee</b></font><font color = gray>]</font>

<h1>Document 'AOMDocument#9'</h1>

<table class="aqltups">
<tr>
    <th>name: Text</th>
</tr>
<tr>
   <td>'1_2_Bill_Bill'</td>
</tr>
<tr>
   <td>'1_2_Jerry_Jerry'</td>
</tr>
<tr>
   <td>'1_2_Wilson_Wilson'</td>
</tr>
<tr>
   <td>'1_2_Roosevelt_Roosevelt'</td>
</tr>
<tr>
   <td>'1_2_Roosevelt_Roosevelt'</td>
</tr>
<tr>
   <td>'1_2_Kirstin_Kirstin'</td>
</tr>
<tr>
   <td>'1_2_Jeff_Jeff'</td>
</tr>
</table>
<br><br>
<font color = gray>[</font><font color = #8833bb><b></b></font><font color = gray>[</font><font color = #aa22aa><b></b></font><font color = gray>[</font><font color = #bb1111><b></b></font><font color = gray>[</font><font color = #ee0000><b></b></font><font color = gray>[</font><font color = #ff0000><b></b></font><font color = gray>[</font><font color = #ff0000><b></b></font><font color = gray>[</font><font color = #ff0000><b>1_2_Bill_Bill</b></font><font color = gray>]</font><font color = gray>]</font><font color = gray>]</font><font color = gray>]</font><font color = gray>]</font><font color = gray>]</font><font color = gray>]</font>

<h1>Document 'AOMDocument#10'</h1>

<table class="aqltups">
<tr>
    <th>name: Text</th>
</tr>
<tr>
   <td>'1_2_Bill_Bill'</td>
</tr>
<tr>
   <td>'1_2_Morgan_Morgan'</td>
</tr>
</table>
<br><br>
<font color = gray>[</font><font color = #8833bb><b></b></font><font color = gray>[</font><font color = #aa22aa><b>1_2_Bill_Bill</b></font><font color = gray>]</font><font color = gray>]</font>

<h1>Document 'AOMDocument#12'</h1>

<table class="aqltups">
<tr>
    <th>name: Text</th>
</tr>
<tr>
   <td>'1_2_Bill_Bill'</td>
</tr>
<tr>
   <td>'1_2_Walker_Walker'</td>
</tr>
<tr>
   <td>'1_2_Mia_Mia'</td>
</tr>
<tr>
   <td>'1_2_Mia_Mia'</td>
</tr>
<tr>
   <td>'1_2_Jason_Jason'</td>
</tr>
</table>
<br><br>
<font color = gray>[</font><font color = #8833bb><b></b></font><font color = gray>[</font><font color = #aa22aa><b></b></font><font color = gray>[</font><font color = #bb1111><b></b></font><font color = gray>[</font><font color = #ee0000><b></b></font><font color = gray>[</font><font color = #ff0000><b>1_2_Bill_Bi</b></font><font color = gray>]</font><font color = #ee0000><b></b></font><font color = gray>]</font><font color = #bb1111><b>ll</b></font><font color = gray>]</font><font color = gray>]</font><font color = gray>]</font>

<h1>Document 'AOMDocument#15'</h1>

<table class="aqltups">
<tr>
    <th>name: Text</th>
</tr>
<tr>
   <td>'1_2_Thresa_Thresa'</td>
</tr>
</table>
<br><br>
<font color = gray>[</font><font color = #8833bb><b>1_2_Thresa_Thresa</b></font><font color = gray>]</font>

<h1>Document 'AOMDocument#16'</h1>

<table class="aqltups">
<tr>
    <th>name: Text</th>
</tr>
<tr>
   <td>'1_2_Bill_Bill'</td>
</tr>
<tr>
   <td>'1_2_Stephanie_Stephanie'</td>
</tr>
</table>
<br><br>
<font color = gray>[</font><font color = #8833bb><b></b></font><font color = gray>[</font><font color = #aa22aa><b>1_2_Bill_Bill</b></font><font color = gray>]</font><font color = gray>]</font>

<h1>Document 'AOMDocument#17'</h1>

<table class="aqltups">
<tr>
    <th>name: Text</th>
</tr>
<tr>
   <td>'1_2_Mollie_Mollie'</td>
</tr>
</table>
<br><br>
<font color = gray>[</font><font color = #8833bb><b>1_2_Mollie_Mollie</b></font><font color = gray>]</font>

<h1>Document 'AOMDocument#18'</h1>

<table class="aqltups">
<tr>
    <th>name: Text</th>
</tr>
<tr>
   <td>'1_2_Foster_Foster'</td>
</tr>
<tr>
   <td>'1_2_Williams_Williams'</td>
</tr>
<tr>
   <td>'1_2_Tim_Tim'</td>
</tr>
<tr>
   <td>'1_2_Mallory_Mallory'</td>
</tr>
<tr>
   <td>'1_2_Williams_Williams'</td>
</tr>
<tr>
   <td>'1_2_Mallory_Mallory'</td>
</tr>
<tr>
   <td>'1_2_Kit_Kit'</td>
</tr>
<tr>
   <td>'1_2_Blair_Blair'</td>
</tr>
<tr>
   <td>'1_2_Kara_Kara'</td>
</tr>
<tr>
   <td>'1_2_Alan_Alan'</td>
</tr>
</table>
<br><br>
<font color = gray>[</font><font color = #8833bb><b></b></font><font color = gray>[</font><font color = #aa22aa><b></b></font><font color = gray>[</font><font color = #bb1111><b></b></font><font color = gray>[</font><font color = #ee0000><b></b></font><font color = gray>[</font><font color = #ff0000><b></b></font><font color = gray>[</font><font color = #ff0000><b></b></font><font color = gray>[</font><font color = #ff0000><b></b></font><font color = gray>[</font><font color = #ff0000><b></b></font><font color = gray>[</font><font color = #ff0000><b></b></font><font color = gray>[</font><font color = #ff0000><b>1_2_Foster_</b></font><font color = gray>]</font><font color = #ff0000><b></b></font><font color = gray>]</font><font color = #ff0000><b>Fo</b></font><font color = gray>]</font><font color = #ff0000><b></b></font><font color = gray>]</font><font color = #ff0000><b>st</b></font><font color = gray>]</font><font color = #ff0000><b>er</b></font><font color = gray>]</font><font color = gray>]</font><font color = gray>]</font><font color = gray>]</font><font color = gray>]</font>

<h1>Document 'AOMDocument#20'</h1>

<table class="aqltups">
<tr>
    <th>name: Text</th>
</tr>
<tr>
   <td>'1_2_Kathy_Kathy'</td>
</tr>
<tr>
   <td>'1_2_Kathy_Kathy'</td>
</tr>
</table>
<br><br>
<font color = gray>[</font><font color = #8833bb><b></b></font><font color = gray>[</font><font color = #aa22aa><b>1_2_Kathy_Kathy</b></font><font color = gray>]</font><font color = gray>]</font>

<h1>Document 'AOMDocument#22'</h1>

<table class="aqltups">
<tr>
    <th>name: Text</th>
</tr>
<tr>
   <td>'1_2_Debra_Debra'</td>
</tr>
</table>
<br><br>
<font color = gray>[</font><font color = #8833bb><b>1_2_Debra_Debra</b></font><font color = gray>]</font>

<h1>Document 'AOMDocument#24'</h1>

<table class="aqltups">
<tr>
    <th>name: Text</th>
</tr>
<tr>
   <td>'1_2_Dave_Dave'</td>
</tr>
<tr>
   <td>'1_2_Dave_Dave'</td>
</tr>
<tr>
   <td>'1_2_Alan_Alan'</td>
</tr>
<tr>
   <td>'1_2_Dave_Dave'</td>
</tr>
</table>
<br><br>
<font color = gray>[</font><font color = #8833bb><b></b></font><font color = gray>[</font><font color = #aa22aa><b></b></font><font color = gray>[</font><font color = #bb1111><b></b></font><font color = gray>[</font><font color = #ee0000><b>1_2_Dave_Dave</b></font><font color = gray>]</font><font color = gray>]</font><font color = gray>]</font><font color = gray>]</font>

<h1>Document 'AOMDocument#32'</h1>

<table class="aqltups">
<tr>
    <th>name: Text</th>
</tr>
<tr>
   <td>'1_2_Jeanne_Jeanne'</td>
</tr>
<tr>
   <td>'1_2_Sol_Sol'</td>
</tr>
<tr>
   <td>'1_2_Jeanne_Jeanne'</td>
</tr>
<tr>
   <td>'1_2_Sol_Sol'</td>
</tr>
</table>
<br><br>
<font color = gray>[</font><font color = #8833bb><b></b></font><font color = gray>[</font><font color = #aa22aa><b></b></font><font color = gray>[</font><font color = #bb1111><b></b></font><font color = gray>[</font><font color = #ee0000><b>1_2_Jeanne_</b></font><font color = gray>]</font><font color = #bb1111><b></b></font><font color = gray>]</font><font color = #aa22aa><b>Jeanne</b></font><font color = gray>]</font><font color = gray>]</font>

<h1>Document 'AOMDocument#34'</h1>

<table class="aqltups">
<tr>
    <th>name: Text</th>
</tr>
<tr>
   <td>'1_2_Alberta_Alberta'</td>
</tr>
<tr>
   <td>'1_2_Bill_Bill'</td>
</tr>
</table>
<br><br>
<font color = gray>[</font><font color = #8833bb><b></b></font><font color = gray>[</font><font color = #aa22aa><b>1_2_Alberta_A</b></font><font color = gray>]</font><font color = #8833bb><b>lberta</b></font><font color = gray>]</font>

<h1>Document 'AOMDocument#40'</h1>

<table class="aqltups">
<tr>
    <th>name: Text</th>
</tr>
<tr>
   <td>'1_2_Bill_Bill'</td>
</tr>
<tr>
   <td>'1_2_Sunday_Sunday'</td>
</tr>
<tr>
   <td>'1_2_Roger_Roger'</td>
</tr>
<tr>
   <td>'1_2_Kathy_Kathy'</td>
</tr>
</table>
<br><br>
<font color = gray>[</font><font color = #8833bb><b></b></font><font color = gray>[</font><font color = #aa22aa><b></b></font><font color = gray>[</font><font color = #bb1111><b></b></font><font color = gray>[</font><font color = #ee0000><b>1_2_Bill_Bill</b></font><font color = gray>]</font><font color = gray>]</font><font color = gray>]</font><font color = gray>]</font>

<h1>Document 'AOMDocument#41'</h1>

<table class="aqltups">
<tr>
    <th>name: Text</th>
</tr>
<tr>
   <td>'1_2_Bill_Bill'</td>
</tr>
<tr>
   <td>'1_2_Kathy_Kathy'</td>
</tr>
</table>
<br><br>
<font color = gray>[</font><font color = #8833bb><b></b></font><font color = gray>[</font><font color = #aa22aa><b>1_2_Bill_Bill</b></font><font color = gray>]</font><font color = gray>]</font>

<h1>Document 'AOMDocument#42'</h1>

<table class="aqltups">
<tr>
    <th>name: Text</th>
</tr>
<tr>
   <td>'1_2_Bill_Bill'</td>
</tr>
<tr>
   <td>'1_2_Kathy_Kathy'</td>
</tr>
</table>
<br><br>
<font color = gray>[</font><font color = #8833bb><b></b></font><font color = gray>[</font><font color = #aa22aa><b>1_2_Bill_Bill</b></font><font color = gray>]</font><font color = gray>]</font>

<h1>Document 'AOMDocument#44'</h1>

<table class="aqltups">
<tr>
    <th>name: Text</th>
</tr>
<tr>
   <td>'1_2_Bill_Bill'</td>
</tr>
<tr>
   <td>'1_2_Amy_Amy'</td>
</tr>
<tr>
   <td>'1_2_Kelley_Kelley'</td>
</tr>
<tr>
   <td>'1_2_Kathy_Kathy'</td>
</tr>
</table>
<br><br>
<font color = gray>[</font><font color = #8833bb><b></b></font><font color = gray>[</font><font color = #aa22aa><b></b></font><font color = gray>[</font><font color = #bb1111><b></b></font><font color = gray>[</font><font color = #ee0000><b>1_2_Bill_Bi</b></font><font color = gray>]</font><font color = #bb1111><b>ll</b></font><font color = gray>]</font><font color = gray>]</font><font color = gray>]</font>

<h1>Document 'AOMDocument#45'</h1>

<table class="aqltups">
<tr>
    <th>name: Text</th>
</tr>
<tr>
   <td>'1_2_Bill_Bill'</td>
</tr>
<tr>
   <td>'1_2_Tony_Tony'</td>
</tr>
<tr>
   <td>'1_2_Kathy_Kathy'</td>
</tr>
</table>
<br><br>
<font color = gray>[</font><font color = #8833bb><b></b></font><font color = gray>[</font><font color = #aa22aa><b></b></font><font color = gray>[</font><font color = #bb1111><b>1_2_Bill_Bill</b></font><font color = gray>]</font><font color = gray>]</font><font color = gray>]</font>

<h1>Document 'AOMDocument#46'</h1>

<table class="aqltups">
<tr>
    <th>name: Text</th>
</tr>
<tr>
   <td>'1_2_Bill_Bill'</td>
</tr>
<tr>
   <td>'1_2_Kathy_Kathy'</td>
</tr>
</table>
<br><br>
<font color = gray>[</font><font color = #8833bb><b></b></font><font color = gray>[</font><font color = #aa22aa><b>1_2_Bill_Bill</b></font><font color = gray>]</font><font color = gray>]</font>

<h1>Document 'AOMDocument#47'</h1>

<table class="aqltups">
<tr>
    <th>name: Text</th>
</tr>
<tr>
   <td>'1_2_Bill_Bill'</td>
</tr>
<tr>
   <td>'1_2_Kathy_Kathy'</td>
</tr>
</table>
<br><br>
<font color = gray>[</font><font color = #8833bb><b></b></font><font color = gray>[</font><font color = #aa22aa><b>1_2_Bill_Bill</b></font><font color = gray>]</font><font color = gray>]</font>

<h1>Document 'AOMDocument#49'</h1>

<table class="aqltups">
<tr>
    <th>name: Text</th>
</tr>
<tr>
   <td>'1_2_Bill_Bill'</td>
</tr>
<tr>
   <td>'1_2_Kathy_Kathy'</td>
</tr>
</table>
<br><br>
<font color = gray>[</font><font color = #8833bb><b></b></font><font color = gray>[</font><font color = #aa22aa><b>1_2_Bill_Bill</b></font><font color = gray>]</font><font color = gray>]</font>

<h1>Document 'AOMDocument#50'</h1>

<table class="aqltups">
<tr>
    <th>name: Text</th>
</tr>
<tr>
   <td>'1_2_Bill_Bill'</td>
</tr>
<tr>
   <td>'1_2_Tony_Tony'</td>
</tr>
<tr>
   <td>'1_2_Mark_Mark'</td>
</tr>
<tr>
   <td>'1_2_Kathy_Kathy'</td>
</tr>
</table>
<br><br>
<font color = gray>[</font><font color = #8833bb><b></b></font><font color = gray>[</font><font color = #aa22aa><b></b></font><font color = gray>[</font><font color = #bb1111><b></b></font><font color = gray>[</font><font color = #ee0000><b>1_2_Bill_Bill</b></font><font color = gray>]</font><font color = gray>]</font><font color = gray>]</font><font color = gray>]</font>

<h1>Document 'AOMDocument#51'</h1>

<table class="aqltups">
<tr>
    <th>name: Text</th>
</tr>
<tr>
   <td>'1_2_Dave_Dave'</td>
</tr>
<tr>
   <td>'1_2_Allan_Allan'</td>
</tr>
<tr>
   <td>'1_2_Dave_Dave'</td>
</tr>
<tr>
   <td>'1_2_Rose_Rose'</td>
</tr>
<tr>
   <td>'1_2_Janelle_Janelle'</td>
</tr>
<tr>
   <td>'1_2_Russell_Russell'</td>
</tr>
<tr>
   <td>'1_2_David_David'</td>
</tr>
<tr>
   <td>'1_2_Allan_Allan'</td>
</tr>
<tr>
   <td>'1_2_Sylvia_Sylvia'</td>
</tr>
<tr>
   <td>'1_2_Carter_Carter'</td>
</tr>
<tr>
   <td>'1_2_Sasha_Sasha'</td>
</tr>
<tr>
   <td>'1_2_Amy_Amy'</td>
</tr>
<tr>
   <td>'1_2_Judy_Judy'</td>
</tr>
<tr>
   <td>'1_2_Annette_Annette'</td>
</tr>
<tr>
   <td>'1_2_Kelly_Kelly'</td>
</tr>
<tr>
   <td>'1_2_Lee_Lee'</td>
</tr>
<tr>
   <td>'1_2_Grant_Grant'</td>
</tr>
<tr>
   <td>'1_2_William_William'</td>
</tr>
<tr>
   <td>'1_2_Magdalena_Magdalena'</td>
</tr>
<tr>
   <td>'1_2_Cruz_Cruz'</td>
</tr>
<tr>
   <td>'1_2_Barbara_Barbara'</td>
</tr>
<tr>
   <td>'1_2_Taylor_Taylor'</td>
</tr>
<tr>
   <td>'1_2_James_James'</td>
</tr>
<tr>
   <td>'1_2_Reyes_Reyes'</td>
</tr>
<tr>
   <td>'1_2_Marvin_Marvin'</td>
</tr>
<tr>
   <td>'1_2_Carter_Carter'</td>
</tr>
<tr>
   <td>'1_2_Angel_Angel'</td>
</tr>
<tr>
   <td>'1_2_Jesse_Jesse'</td>
</tr>
<tr>
   <td>'1_2_Cassandra_Cassandra'</td>
</tr>
<tr>
   <td>'1_2_Christine_Christine'</td>
</tr>
<tr>
   <td>'1_2_Camille_Camille'</td>
</tr>
<tr>
   <td>'1_2_Gerard_Gerard'</td>
</tr>
<tr>
   <td>'1_2_Sherri_Sherri'</td>
</tr>
<tr>
   <td>'1_2_Jennifer_Jennifer'</td>
</tr>
<tr>
   <td>'1_2_Steven_Steven'</td>
</tr>
</table>
<br><br>
<font color = gray>[</font><font color = #8833bb><b></b></font><font color = gray>[</font><font color = #aa22aa><b></b></font><font color = gray>[</font><font color = #bb1111><b></b></font><font color = gray>[</font><font color = #ee0000><b></b></font><font color = gray>[</font><font color = #ff0000><b></b></font><font color = gray>[</font><font color = #ff0000><b></b></font><font color = gray>[</font><font color = #ff0000><b></b></font><font color = gray>[</font><font color = #ff0000><b></b></font><font color = gray>[</font><font color = #ff0000><b></b></font><font color = gray>[</font><font color = #ff0000><b></b></font><font color = gray>[</font><font color = #ff0000><b></b></font><font color = gray>[</font><font color = #ff0000><b></b></font><font color = gray>[</font><font color = #ff0000><b></b></font><font color = gray>[</font><font color = #ff0000><b></b></font><font color = gray>[</font><font color = #ff0000><b></b></font><font color = gray>[</font><font color = #ff0000><b></b></font><font color = gray>[</font><font color = #ff0000><b></b></font><font color = gray>[</font><font color = #ff0000><b></b></font><font color = gray>[</font><font color = #ff0000><b></b></font><font color = gray>[</font><font color = #ff0000><b></b></font><font color = gray>[</font><font color = #ff0000><b></b></font><font color = gray>[</font><font color = #ff0000><b></b></font><font color = gray>[</font><font color = #ff0000><b></b></font><font color = gray>[</font><font color = #ff0000><b></b></font><font color = gray>[</font><font color = #ff0000><b></b></font><font color = gray>[</font><font color = #ff0000><b></b></font><font color = gray>[</font><font color = #ff0000><b></b></font><font color = gray>[</font><font color = #ff0000><b></b></font><font color = gray>[</font><font color = #ff0000><b></b></font><font color = gray>[</font><font color = #ff0000><b></b></font><font color = gray>[</font><font color = #ff0000><b></b></font><font color = gray>[</font><font color = #ff0000><b></b></font><font color = gray>[</font><font color = #ff0000><b></b></font><font color = gray>[</font><font color = #ff0000><b></b></font><font color = gray>[</font><font color = #ff0000><b>1_2_Dave_Da</b></font><font color = gray>]</font><font color = #ff0000><b></b></font><font color = gray>]</font><font color = #ff0000><b>ve</b></font><font color = gray>]</font><font color = gray>]</font><font color = gray>]</font><font color = gray>]</font><font color = gray>]</font><font color = gray>]</font><font color = gray>]</font><font color = gray>]</font><font color = gray>]</font><font color = gray>]</font><font color = gray>]</font><font color = gray>]</font><font color = gray>]</font><font color = gray>]</font><font color = gray>]</font><font color = gray>]</font><font color = gray>]</font><font color = gray>]</font><font color = gray>]</font><font color = gray>]</font><font color = gray>]</font><font color = gray>]</font><font color = gray>]</font><font color = gray>]</font><font color = gray>]</font><font color = gray>]</font><font color = gray>]</font><font color = gray>]</font><font color = gray>]</font><font color = gray>]</font><font color = gray>]</font><font color = gray>]</font><font color = gray>]</font>

<h1>Document 'AOMDocument#52'</h1>

<table class="aqltups">
<tr>
    <th>name: Text</th>
</tr>
<tr>
   <td>'1_2_Laura_Laura'</td>
</tr>
<tr>
   <td>'1_2_Dorie_Dorie'</td>
</tr>
</table>
<br><br>
<font color = gray>[</font><font color = #8833bb><b></b></font><font color = gray>[</font><font color = #aa22aa><b>1_2_Laura_Laura</b></font><font color = gray>]</font><font color = gray>]</font>

<h1>Document 'AOMDocument#54'</h1>

<table class="aqltups">
<tr>
    <th>name: Text</th>
</tr>
<tr>
   <td>'1_2_Joe_Joe'</td>
</tr>
<tr>
   <td>'1_2_Joe_Joe'</td>
</tr>
<tr>
   <td>'1_2_Joe_Joe'</td>
</tr>
<tr>
   <td>'1_2_Alan_Alan'</td>
</tr>
</table>
<br><br>
<font color = gray>[</font><font color = #8833bb><b></b></font><font color = gray>[</font><font color = #aa22aa><b></b></font><font color = gray>[</font><font color = #bb1111><b></b></font><font color = gray>[</font><font color = #ee0000><b>1_2_Joe_Joe</b></font><font color = gray>]</font><font color = gray>]</font><font color = gray>]</font><font color = gray>]</font>

<h1>Document 'AOMDocument#56'</h1>

<table class="aqltups">
<tr>
    <th>name: Text</th>
</tr>
<tr>
   <td>'1_2_Todd_Todd'</td>
</tr>
<tr>
   <td>'1_2_Bill_Bill'</td>
</tr>
</table>
<br><br>
<font color = gray>[</font><font color = #8833bb><b></b></font><font color = gray>[</font><font color = #aa22aa><b>1_2_Todd_Todd</b></font><font color = gray>]</font><font color = gray>]</font>

<h1>Document 'AOMDocument#59'</h1>

<table class="aqltups">
<tr>
    <th>name: Text</th>
</tr>
<tr>
   <td>'1_2_Fred_Fred'</td>
</tr>
<tr>
   <td>'1_2_Cleveland_Cleveland'</td>
</tr>
<tr>
   <td>'1_2_Sunday_Sunday'</td>
</tr>
<tr>
   <td>'1_2_Grace_Grace'</td>
</tr>
<tr>
   <td>'1_2_Grace_Grace'</td>
</tr>
<tr>
   <td>'1_2_Julie_Julie'</td>
</tr>
</table>
<br><br>
<font color = gray>[</font><font color = #8833bb><b></b></font><font color = gray>[</font><font color = #aa22aa><b></b></font><font color = gray>[</font><font color = #bb1111><b></b></font><font color = gray>[</font><font color = #ee0000><b></b></font><font color = gray>[</font><font color = #ff0000><b></b></font><font color = gray>[</font><font color = #ff0000><b>1_2_Fred_Fred</b></font><font color = gray>]</font><font color = gray>]</font><font color = gray>]</font><font color = gray>]</font><font color = gray>]</font><font color = gray>]</font>

<h1>Document 'AOMDocument#60'</h1>

<table class="aqltups">
<tr>
    <th>name: Text</th>
</tr>
<tr>
   <td>'1_2_Grace_Grace'</td>
</tr>
<tr>
   <td>'1_2_Julie_Julie'</td>
</tr>
</table>
<br><br>
<font color = gray>[</font><font color = #8833bb><b></b></font><font color = gray>[</font><font color = #aa22aa><b>1_2_Grace_Grace</b></font><font color = gray>]</font><font color = gray>]</font>

<h1>Document 'AOMDocument#61'</h1>

<table class="aqltups">
<tr>
    <th>name: Text</th>
</tr>
<tr>
   <td>'1_2_Grace_Grace'</td>
</tr>
<tr>
   <td>'1_2_Julie_Julie'</td>
</tr>
<tr>
   <td>'1_2_Grace_Grace'</td>
</tr>
</table>
<br><br>
<font color = gray>[</font><font color = #8833bb><b></b></font><font color = gray>[</font><font color = #aa22aa><b></b></font><font color = gray>[</font><font color = #bb1111><b>1_2_Grace_Grace</b></font><font color = gray>]</font><font color = gray>]</font><font color = gray>]</font>

<h1>Document 'AOMDocument#62'</h1>

<table class="aqltups">
<tr>
    <th>name: Text</th>
</tr>
<tr>
   <td>'1_2_Grace_Grace'</td>
</tr>
</table>
<br><br>
<font color = gray>[</font><font color = #8833bb><b>1_2_Grace_Grace</b></font><font color = gray>]</font>

<h1>Document 'AOMDocument#63'</h1>

<table class="aqltups">
<tr>
    <th>name: Text</th>
</tr>
<tr>
   <td>'1_2_Grace_Grace'</td>
</tr>
</table>
<br><br>
<font color = gray>[</font><font color = #8833bb><b>1_2_Grace_Grace</b></font><font color = gray>]</font>

<h1>Document 'AOMDocument#64'</h1>

<table class="aqltups">
<tr>
    <th>name: Text</th>
</tr>
<tr>
   <td>'1_2_Grace_Grace'</td>
</tr>
<tr>
   <td>'1_2_Samantha_Samantha'</td>
</tr>
</table>
<br><br>
<font color = gray>[</font><font color = #8833bb><b></b></font><font color = gray>[</font><font color = #aa22aa><b>1_2_Grace_Grace</b></font><font color = gray>]</font><font color = gray>]</font>

<h1>Document 'AOMDocument#67'</h1>

<table class="aqltups">
<tr>
    <th>name: Text</th>
</tr>
<tr>
   <td>'1_2_Grace_Grace'</td>
</tr>
</table>
<br><br>
<font color = gray>[</font><font color = #8833bb><b>1_2_Grace_Grace</b></font><font color = gray>]</font>

<h1>Document 'AOMDocument#68'</h1>

<table class="aqltups">
<tr>
    <th>name: Text</th>
</tr>
<tr>
   <td>'1_2_Grace_Grace'</td>
</tr>
</table>
<br><br>
<font color = gray>[</font><font color = #8833bb><b>1_2_Grace_Grace</b></font><font color = gray>]</font>

<h1>Document 'AOMDocument#69'</h1>

<table class="aqltups">
<tr>
    <th>name: Text</th>
</tr>
<tr>
   <td>'1_2_Grace_Grace'</td>
</tr>
</table>
<br><br>
<font color = gray>[</font><font color = #8833bb><b>1_2_Grace_Grace</b></font><font color = gray>]</font>

<h1>Document 'AOMDocument#70'</h1>

<table class="aqltups">
<tr>
    <th>name: Text</th>
</tr>
<tr>
   <td>'1_2_Liz_Liz'</td>
</tr>
<tr>
   <td>'1_2_Grace_Grace'</td>
</tr>
</table>
<br><br>
<font color = gray>[</font><font color = #8833bb><b></b></font><font color = gray>[</font><font color = #aa22aa><b>1_2_Liz_Liz</b></font><font color = gray>]</font><font color = gray>]</font>

<h1>Document 'AOMDocument#71'</h1>

<table class="aqltups">
<tr>
    <th>name: Text</th>
</tr>
<tr>
   <td>'1_2_Grace_Grace'</td>
</tr>
</table>
<br><br>
<font color = gray>[</font><font color = #8833bb><b>1_2_Grace_Grace</b></font><font color = gray>]</font>

<h1>Document 'AOMDocument#72'</h1>

<table class="aqltups">
<tr>
    <th>name: Text</th>
</tr>
<tr>
   <td>'1_2_Grace_Grace'</td>
</tr>
<tr>
   <td>'1_2_Chris_Chris'</td>
</tr>
<tr>
   <td>'1_2_James_James'</td>
</tr>
<tr>
   <td>'1_2_Reyes_Reyes'</td>
</tr>
<tr>
   <td>'1_2_Stan_Stan'</td>
</tr>
<tr>
   <td>'1_2_Darin_Darin'</td>
</tr>
<tr>
   <td>'1_2_Eric_Eric'</td>
</tr>
<tr>
   <td>'1_2_Stacy_Stacy'</td>
</tr>
<tr>
   <td>'1_2_Timothy_Timothy'</td>
</tr>
<tr>
   <td>'1_2_Steven_Steven'</td>
</tr>
<tr>
   <td>'1_2_Craig_Craig'</td>
</tr>
<tr>
   <td>'1_2_Dean_Dean'</td>
</tr>
<tr>
   <td>'1_2_Casey_Casey'</td>
</tr>
<tr>
   <td>'1_2_Anderson_Anderson'</td>
</tr>
<tr>
   <td>'1_2_Mike_Mike'</td>
</tr>
<tr>
   <td>'1_2_Kit_Kit'</td>
</tr>
<tr>
   <td>'1_2_Blair_Blair'</td>
</tr>
<tr>
   <td>'1_2_Jonathan_Jonathan'</td>
</tr>
<tr>
   <td>'1_2_Lawrence_Lawrence'</td>
</tr>
</table>
<br><br>
<font color = gray>[</font><font color = #8833bb><b></b></font><font color = gray>[</font><font color = #aa22aa><b></b></font><font color = gray>[</font><font color = #bb1111><b></b></font><font color = gray>[</font><font color = #ee0000><b></b></font><font color = gray>[</font><font color = #ff0000><b></b></font><font color = gray>[</font><font color = #ff0000><b></b></font><font color = gray>[</font><font color = #ff0000><b></b></font><font color = gray>[</font><font color = #ff0000><b></b></font><font color = gray>[</font><font color = #ff0000><b></b></font><font color = gray>[</font><font color = #ff0000><b></b></font><font color = gray>[</font><font color = #ff0000><b></b></font><font color = gray>[</font><font color = #ff0000><b></b></font><font color = gray>[</font><font color = #ff0000><b></b></font><font color = gray>[</font><font color = #ff0000><b></b></font><font color = gray>[</font><font color = #ff0000><b></b></font><font color = gray>[</font><font color = #ff0000><b></b></font><font color = gray>[</font><font color = #ff0000><b></b></font><font color = gray>[</font><font color = #ff0000><b></b></font><font color = gray>[</font><font color = #ff0000><b>1_2_Grace_G</b></font><font color = gray>]</font><font color = #ff0000><b>ra</b></font><font color = gray>]</font><font color = #ff0000><b></b></font><font color = gray>]</font><font color = #ff0000><b></b></font><font color = gray>]</font><font color = #ff0000><b></b></font><font color = gray>]</font><font color = #ff0000><b>ce</b></font><font color = gray>]</font><font color = gray>]</font><font color = gray>]</font><font color = gray>]</font><font color = gray>]</font><font color = gray>]</font><font color = gray>]</font><font color = gray>]</font><font color = gray>]</font><font color = gray>]</font><font color = gray>]</font><font color = gray>]</font><font color = gray>]</font><font color = gray>]</font>

<h1>Document 'AOMDocument#73'</h1>

<table class="aqltups">
<tr>
    <th>name: Text</th>
</tr>
<tr>
   <td>'1_2_Grace_Grace'</td>
</tr>
<tr>
   <td>'1_2_Mark_Mark'</td>
</tr>
<tr>
   <td>'1_2_Eric_Eric'</td>
</tr>
<tr>
   <td>'1_2_Andrea_Andrea'</td>
</tr>
<tr>
   <td>'1_2_David_David'</td>
</tr>
<tr>
   <td>'1_2_David_David'</td>
</tr>
<tr>
   <td>'1_2_Samantha_Samantha'</td>
</tr>
<tr>
   <td>'1_2_Angela_Angela'</td>
</tr>
</table>
<br><br>
<font color = gray>[</font><font color = #8833bb><b></b></font><font color = gray>[</font><font color = #aa22aa><b></b></font><font color = gray>[</font><font color = #bb1111><b></b></font><font color = gray>[</font><font color = #ee0000><b></b></font><font color = gray>[</font><font color = #ff0000><b></b></font><font color = gray>[</font><font color = #ff0000><b></b></font><font color = gray>[</font><font color = #ff0000><b></b></font><font color = gray>[</font><font color = #ff0000><b>1_2_Grace_Gra</b></font><font color = gray>]</font><font color = #ff0000><b></b></font><font color = gray>]</font><font color = #ff0000><b>ce</b></font><font color = gray>]</font><font color = gray>]</font><font color = gray>]</font><font color = gray>]</font><font color = gray>]</font><font color = gray>]</font>

<h1>Document 'AOMDocument#74'</h1>

<table class="aqltups">
<tr>
</body>
</html>
