<?xml version="1.0" encoding="UTF-8" standalone="yes"?>
<module-metadata module-name="genericModule" compilationTime="Tue Nov 21 16:59:07 EST 2023" hostName="Zacs-MacBook-Pro.local" userName="zbranson" productVersion="4.1" tokenizerType="STANDARD">
    <requiredModules/>
    <dictionaries/>
    <views>
        <view viewName="MyTest" exported="false" external="false" output="true">
            <schema>
                <column name="res" type="Span"/>
                <column name="__auto__id" type="Integer"/>
                <column name="__stmt__type" type="Text"/>
                <column name="Document_____sep_____D____id" type="Integer"/>
            </schema>
            <costRec numJavaRegexes="0.0" numSimpleRegexes="0.0" numMultiRegexes="0.0" numNLJoins="0.0" numMergeJoins="0.0" numHashJoins="0.0"/>
        </view>
        <view viewName="conflictName" exported="false" external="false" output="true">
            <schema>
                <column name="text" type="Text"/>
                <column name="__auto__id" type="Integer"/>
                <column name="__stmt__type" type="Text"/>
                <column name="Document_____sep_____D____id" type="Integer"/>
            </schema>
            <costRec numJavaRegexes="0.0" numSimpleRegexes="0.0" numMultiRegexes="0.0" numNLJoins="0.0" numMergeJoins="0.0" numHashJoins="0.0"/>
        </view>
        <view viewName="Document" exported="false" external="false" output="false">
            <schema>
                <column name="label" type="Text"/>
                <column name="text" type="Text"/>
            </schema>
            <costRec numJavaRegexes="0.0" numSimpleRegexes="0.0" numMultiRegexes="0.0" numNLJoins="0.0" numMergeJoins="0.0" numHashJoins="0.0"/>
        </view>
    </views>
    <tables/>
    <functions/>
</module-metadata>
