<html>
<META http-equiv="Content-Type" content="text/html; charset=UTF-8">
<head>
<title>NLJoinFollowedByTok.htm</title>
</head>
<body>


<h1>Document 'AOMDocument#1'</h1>

<font color = gray>[</font><font color = #8833bb><b>Bill and Kathy</b></font><font color = gray>]</font>

<h1>Document 'AOMDocument#3'</h1>

<font color = gray>[</font><font color = #8833bb><b>Williams, Kathy</b></font><font color = gray>]</font>
</body>
</html>
