<html>
<META http-equiv="Content-Type" content="text/html; charset=UTF-8">
<head>
<title>InternetEmail.htm</title>
</head>
<body>


<h1>Document 'imdb/bioTildaWinton.htm'</h1>

<br>
<br>
<br>
<br>
Tilda Swinton - Biography<br>
<br>
<br>
<br>
<br>
<br>
<br>
<br>
<br>
<br>
<br>
<br>
<br>
<br>
<br>
  <br>
  <br>
...<br>
[ snip! ]<br>
...ties.<br>
<br>
IMDb Mini Biography By: <br>
<br>
Gary Brumburgh / <font color = gray>[</font><font color = #8833bb><b>gr-home@pacbell.net</b></font><font color = gray>]</font><br>
<br>
<br>
<br>
Trivia<br>
Lives an hour north of Inverness in Sco...<br>
[ snip! ]<br>
...rtise on IMDb. <br>
License our content.<br>
<br>
<br>
<br>
<br>
<br>
  <br>
<br>
 <br>
<br>
<br>

</body>
</html>
