<html>
<head>
<style type="text/css">
    table.aqltups {
        background-color: lightgray;
        width: 100%;
    }
    th {
        background-color: darkslategray;
        color: white;
    }
</style>
<title>Coonetothree.htm</title>
</head>
<body>


<h1>Document 'AOMDocument#1'</h1>

<table class="aqltups">
<tr>
    <th>match: Span</th>
</tr>
<tr>
   <td>[0-5]: 'Happy'</td>
</tr>
<tr>
   <td>[0-9]: 'Happy New'</td>
</tr>
<tr>
   <td>[0-14]: 'Happy New Year'</td>
</tr>
<tr>
   <td>[6-9]: 'New'</td>
</tr>
<tr>
   <td>[6-14]: 'New Year'</td>
</tr>
<tr>
   <td>[6-23]: 'New Year Everyone'</td>
</tr>
<tr>
   <td>[10-14]: 'Year'</td>
</tr>
<tr>
   <td>[10-23]: 'Year Everyone'</td>
</tr>
<tr>
   <td>[10-28]: 'Year Everyone Else'</td>
</tr>
<tr>
   <td>[15-23]: 'Everyone'</td>
</tr>
<tr>
   <td>[15-28]: 'Everyone Else'</td>
</tr>
<tr>
   <td>[24-28]: 'Else'</td>
</tr>
</table>
<br><br>
<font color = gray>[</font><font color = #8833bb><b></b></font><font color = gray>[</font><font color = #aa22aa><b></b></font><font color = gray>[</font><font color = #bb1111><b>Happy</b></font><font color = gray>]</font><font color = #aa22aa><b> </b></font><font color = gray>[</font><font color = #bb1111><b></b></font><font color = gray>[</font><font color = #ee0000><b></b></font><font color = gray>[</font><font color = #ff0000><b>New</b></font><font color = gray>]</font><font color = #ee0000><b></b></font><font color = gray>]</font><font color = #bb1111><b> </b></font><font color = gray>[</font><font color = #ee0000><b></b></font><font color = gray>[</font><font color = #ff0000><b></b></font><font color = gray>[</font><font color = #ff0000><b>Year</b></font><font color = gray>]</font><font color = #ff0000><b></b></font><font color = gray>]</font><font color = #ee0000><b></b></font><font color = gray>]</font><font color = #bb1111><b> </b></font><font color = gray>[</font><font color = #ee0000><b></b></font><font color = gray>[</font><font color = #ff0000><b>Everyone</b></font><font color = gray>]</font><font color = #ee0000><b></b></font><font color = gray>]</font><font color = #bb1111><b></b></font><font color = gray>]</font><font color = #aa22aa><b> </b></font><font color = gray>[</font><font color = #bb1111><b>Else</b></font><font color = gray>]</font><font color = gray>]</font><font color = gray>]</font>
</body>
</html>
