<html>
<head>
<title>mQPron_en.htm</title>
</head>
<body>


<h1>Document 'AOMDocument#1'</h1>

SystemT of <font color = gray>[</font><font color = #8833bb><b>the</b></font><font color = gray>]</font> shared dictionary match test

<h1>Document 'AOMDocument#2'</h1>

<font color = gray>[</font><font color = #8833bb><b>The</b></font><font color = gray>]</font> last Samurai
</body>
</html>
