<html>
<head>
<style type="text/css">
    table.aqltups {
        background-color: lightgray;
        width: 100%;
    }
    th {
        background-color: darkslategray;
        color: white;
    }
</style>
<title>copyright.TestCopyrightDoesntWork.htm</title>
</head>
<body>


<h1>Document 'copyright.txt'</h1>

<table class="aqltups">
<tr>
    <th>match: Span</th>
</tr>
<tr>
   <td>[54-55]: '©'</td>
</tr>
</table>
<br><br>
Have you tried to match the special characters  like "<font color = gray>[</font><font color = #8833bb><b>©</b></font><font color = gray>]</font>"  with regex /\u00A9/ in aql before?
</body>
</html>
