<html>
<META http-equiv="Content-Type" content="text/html; charset=UTF-8">
<head>
<style type="text/css">
    table.aqltups {
        background-color: lightgray;
        width: 100%;
    }
    th {
        background-color: darkslategray;
        color: white;
    }
</style>
<title>AssetClass.htm</title>
</head>
<body>


<h1>Document 'GPS-1186510-0.xml'</h1>

<table class="aqltups">
<tr>
    <th>assetclass: Text</th>
    <th>assettype: Text</th>
    <th>match: Span</th>
</tr>
<tr>
   <td>'AssetClass:Equity'</td>
   <td>null</td>
   <td>[6-9]: 'IBM'</td>
</tr>
<tr>
   <td>'AssetClass:Equity'</td>
   <td>null</td>
   <td>[19-19]: ''</td>
</tr>
<tr>
   <td>null</td>
   <td>'Asset:Equity'</td>
   <td>[29-33]: 'MSFT'</td>
</tr>
<tr>
   <td>null</td>
   <td>'Asset:Equity'</td>
   <td>[43-43]: ''</td>
</tr>
</table>
<br><br>
<br>
<br>
		<font color = gray>[</font><font color = #8833bb><b>IBM</b></font><font color = gray>]</font><br>
        <font color = gray>[</font><font color = #8833bb><b></b></font><font color = gray>]</font><br>
        <font color = gray>[</font><font color = #8833bb><b>MSFT</b></font><font color = gray>]</font><br>
        <font color = gray>[</font><font color = #8833bb><b></b></font><font color = gray>]</font><br>

</body>
</html>
