{
	"Tokens": {
		"match": "Span"
	},
	"serializeSpan": "simple"
}