<html>
<META http-equiv="Content-Type" content="text/html; charset=UTF-8">
<head>
<style type="text/css">
    table.aqltups {
        background-color: lightgray;
        width: 100%;
    }
    th {
        background-color: darkslategray;
        color: white;
    }
</style>
<title>TitleRemap.htm</title>
</head>
<body>


<h1>Document 'Document with all title tag empty'</h1>

<table class="aqltups">
<tr>
    <th>match: Span</th>
</tr>
<tr>
   <td>[0-0]: ''</td>
</tr>
<tr>
   <td>[0-0]: ''</td>
</tr>
<tr>
   <td>[0-0]: ''</td>
</tr>
</table>
<br><br>
<font color = gray>[</font><font color = #8833bb><b></b></font><font color = gray>]</font><font color = gray>[</font><font color = #8833bb><b></b></font><font color = gray>]</font><font color = gray>[</font><font color = #8833bb><b></b></font><font color = gray>]</font>&lt;html&gt;&lt;head&gt;&lt;title&gt;&lt;/title&gt;&lt;title&gt;&lt;/title&gt;&lt;title&gt;&lt;/title&gt;&lt;/head&gt;&lt;/html&gt;

<h1>Document 'Document with first title tag empty'</h1>

<table class="aqltups">
<tr>
    <th>match: Span</th>
</tr>
<tr>
   <td>[34-34]: ''</td>
</tr>
<tr>
   <td>[34-35]: '2'</td>
</tr>
<tr>
   <td>[50-51]: '3'</td>
</tr>
</table>
<br><br>
&lt;html&gt;&lt;head&gt;&lt;title&gt;&lt;/title&gt;&lt;title&gt;<font color = gray>[</font><font color = #8833bb><b></b></font><font color = gray>]</font><font color = gray>[</font><font color = #8833bb><b>2</b></font><font color = gray>]</font>&lt;/title&gt;&lt;title&gt;<font color = gray>[</font><font color = #8833bb><b>3</b></font><font color = gray>]</font>&lt;/title&gt;&lt;/head&gt;&lt;/html&gt;

<h1>Document 'Document with last title tag empty '</h1>

<table class="aqltups">
<tr>
    <th>match: Span</th>
</tr>
<tr>
   <td>[19-20]: '1'</td>
</tr>
<tr>
   <td>[35-36]: '2'</td>
</tr>
<tr>
   <td>[36-36]: ''</td>
</tr>
</table>
<br><br>
&lt;html&gt;&lt;head&gt;&lt;title&gt;<font color = gray>[</font><font color = #8833bb><b>1</b></font><font color = gray>]</font>&lt;/title&gt;&lt;title&gt;<font color = gray>[</font><font color = #8833bb><b>2</b></font><font color = gray>]</font><font color = gray>[</font><font color = #8833bb><b></b></font><font color = gray>]</font>&lt;/title&gt;&lt;title&gt;&lt;/title&gt;&lt;/head&gt;&lt;/html&gt;

<h1>Document 'Document with all title tag empty written as empty tags'</h1>

<table class="aqltups">
<tr>
    <th>match: Span</th>
</tr>
<tr>
   <td>[0-0]: ''</td>
</tr>
<tr>
   <td>[0-0]: ''</td>
</tr>
<tr>
   <td>[0-0]: ''</td>
</tr>
</table>
<br><br>
<font color = gray>[</font><font color = #8833bb><b></b></font><font color = gray>]</font><font color = gray>[</font><font color = #8833bb><b></b></font><font color = gray>]</font><font color = gray>[</font><font color = #8833bb><b></b></font><font color = gray>]</font>&lt;html&gt;&lt;head&gt;&lt;title/&gt;&lt;title/&gt;&lt;title/&gt;&lt;/head&gt;&lt;/html&gt;
</body>
</html>
