"Document label","text"
"1","body text second paragraph."
"2","Google bought Youtube"
