<html>
<head>
<title>OrgNoCase.htm</title>
</head>
<body>


<h1>Document '1.txt'</h1>

<font color = gray>[</font><font color = #8833bb><b>MICROSOFT</b></font><font color = gray>]</font>

<h1>Document '2.txt'</h1>

<font color = gray>[</font><font color = #8833bb><b>Microsoft</b></font><font color = gray>]</font>
</body>
</html>
