<html>
<head>
<style type="text/css">
    table.aqltups {
        background-color: lightgray;
        width: 100%;
    }
    th {
        background-color: darkslategray;
        color: white;
    }
</style>
<title>First3NamesAlpha.htm</title>
</head>
<body>


<h1>Document 'AOMDocument#1'</h1>

<table class="aqltups">
<tr>
    <th>name: Span</th>
</tr>
<tr>
   <td>[10-14]: 'Bill'</td>
</tr>
<tr>
   <td>[104-111]: 'Brendan'</td>
</tr>
<tr>
   <td>[423-430]: 'Brendan'</td>
</tr>
</table>
<br><br>
Hey there <font color = gray>[</font><font color = #8833bb><b>Bill</b></font><font color = gray>]</font>!<br>
<br>
I thought I'd drop a quick line just to do a quick introduction of myself.<br>
Your buddy, <font color = gray>[</font><font color = #8833bb><b>Brendan</b></font><font color = gray>]</font>, has offered your tour guide ability to me when I...<br>
[ snip! ]<br>
...s more like a personal add then an introduction!<br>
<br>
<font color = gray>[</font><font color = #8833bb><b>Brendan</b></font><font color = gray>]</font> tells me you are about to close on a condo.  Cong...<br>
[ snip! ]<br>
...our E-Card<br>
http://www.bluemountain.com/giftcenter/

<h1>Document 'AOMDocument#2'</h1>

<table class="aqltups">
<tr>
    <th>name: Span</th>
</tr>
<tr>
   <td>[281-285]: 'Bill'</td>
</tr>
</table>
<br><br>
Group,<br>
EES and I have not been receiving emails de...<br>
[ snip! ]<br>
...elp in the office, and should call on it.<br>
Thanks,<br>
<font color = gray>[</font><font color = #8833bb><b>Bill</b></font><font color = gray>]</font>

<h1>Document 'AOMDocument#3'</h1>

<table class="aqltups">
<tr>
    <th>name: Span</th>
</tr>
<tr>
   <td>[15-19]: 'Bill'</td>
</tr>
<tr>
   <td>[390-396]: 'birdie'</td>
</tr>
<tr>
   <td>[405-408]: 'hee'</td>
</tr>
</table>
<br><br>
That is so rad <font color = gray>[</font><font color = #8833bb><b>Bill</b></font><font color = gray>]</font>. I'm pretty jealous, but at least one of us will ...<br>
[ snip! ]<br>
...w, have a great time playing golf. Try to shoot a <font color = gray>[</font><font color = #8833bb><b>birdie</b></font><font color = gray>]</font> for me. <font color = gray>[</font><font color = #8833bb><b>hee</b></font><font color = gray>]</font> hee

<h1>Document 'AOMDocument#4'</h1>

<table class="aqltups">
<tr>
    <th>name: Span</th>
</tr>
<tr>
   <td>[318-322]: 'Bill'</td>
</tr>
</table>
<br><br>
Group.<br>
We are short 25 mws under ST-WBOM in NP-15 ...<br>
[ snip! ]<br>
... on and off peak that we should try to move/fill.<br>
<font color = gray>[</font><font color = #8833bb><b>Bill</b></font><font color = gray>]</font>

<h1>Document 'AOMDocument#5'</h1>

<table class="aqltups">
<tr>
    <th>name: Span</th>
</tr>
<tr>
   <td>[823-827]: 'Bill'</td>
</tr>
<tr>
   <td>[512-517]: 'Kathy'</td>
</tr>
</table>
<br><br>
A quick reminder for the newer members of the grou...<br>
[ snip! ]<br>
...into the blue ancillary service summary section.  <font color = gray>[</font><font color = #8833bb><b>Kathy</b></font><font color = gray>]</font> at El Paso and/or those on shift the next day are...<br>
[ snip! ]<br>
...rmulas should be expected not to happen.<br>
<br>
Thanks,<br>
<font color = gray>[</font><font color = #8833bb><b>Bill</b></font><font color = gray>]</font>

<h1>Document 'AOMDocument#6'</h1>

<table class="aqltups">
<tr>
    <th>name: Span</th>
</tr>
<tr>
   <td>[0-4]: 'Bill'</td>
</tr>
<tr>
   <td>[1620-1624]: 'Sara'</td>
</tr>
<tr>
   <td>[668-677]: 'September'</td>
</tr>
</table>
<br><br>
<font color = gray>[</font><font color = #8833bb><b>Bill</b></font><font color = gray>]</font>,<br>
Thank you so much for writing back to me. I have...<br>
[ snip! ]<br>
...e.  I'll actually be in Seattle all of August and <font color = gray>[</font><font color = #8833bb><b>September</b></font><font color = gray>]</font>, so hopefully we can arrange some kind of meeting...<br>
[ snip! ]<br>
...catch up.<br>
I have missed you my friend, take care,<br>
<font color = gray>[</font><font color = #8833bb><b>Sara</b></font><font color = gray>]</font><br>
<br>
Get your FREE download of MSN Explorer at http://explorer.msn.com

<h1>Document 'AOMDocument#7'</h1>

<table class="aqltups">
<tr>
    <th>name: Span</th>
</tr>
<tr>
   <td>[82-87]: 'Scott'</td>
</tr>
<tr>
   <td>[63-67]: 'hang'</td>
</tr>
</table>
<br><br>
Yo!  My phone# is 503-224-4223.  Give me a call if you want to <font color = gray>[</font><font color = #8833bb><b>hang</b></font><font color = gray>]</font> out<br>
tonight.<br>
-<font color = gray>[</font><font color = #8833bb><b>Scott</b></font><font color = gray>]</font><br>


<h1>Document 'AOMDocument#8'</h1>

<table class="aqltups">
<tr>
    <th>name: Span</th>
</tr>
<tr>
   <td>[150-153]: 'Lee'</td>
</tr>
<tr>
   <td>[67-71]: 'will'</td>
</tr>
</table>
<br><br>
Ahoy!  the tide is high and the mermaids are singing.  What waters <font color = gray>[</font><font color = #8833bb><b>will</b></font><font color = gray>]</font> you<br>
sail this weekend?  Portland?  There could be trouble on the horizon....<br>
-<font color = gray>[</font><font color = #8833bb><b>Lee</b></font><font color = gray>]</font> Mellon

<h1>Document 'AOMDocument#9'</h1>

<table class="aqltups">
<tr>
    <th>name: Span</th>
</tr>
<tr>
   <td>[3-7]: 'Bill'</td>
</tr>
<tr>
   <td>[793-797]: 'Jeff'</td>
</tr>
<tr>
   <td>[407-412]: 'Jerry'</td>
</tr>
</table>
<br><br>
Hi <font color = gray>[</font><font color = #8833bb><b>Bill</b></font><font color = gray>]</font>!<br>
<br>
Thank you for returning the paperwork to me. Th...<br>
[ snip! ]<br>
...ersion,<br>
some Lenders have trouble doing the loan. <font color = gray>[</font><font color = #8833bb><b>Jerry</b></font><font color = gray>]</font> Wilson of Pacific Northwest<br>
Mortgage, Inc. has pr...<br>
[ snip! ]<br>
...bout the building.<br>
<br>
Thanks,<br>
Kirstin Boettcher for <font color = gray>[</font><font color = #8833bb><b>Jeff</b></font><font color = gray>]</font> Burghart P.C.<br>
The Hasson Company Realtors<br>
503-735...<br>
[ snip! ]<br>
...ee ya walking for MS! :-) Late night? he he he<br>
J/K

<h1>Document 'AOMDocument#10'</h1>

<table class="aqltups">
<tr>
    <th>name: Span</th>
</tr>
<tr>
   <td>[0-4]: 'Bill'</td>
</tr>
<tr>
   <td>[52-58]: 'Morgan'</td>
</tr>
</table>
<br><br>
<font color = gray>[</font><font color = #8833bb><b>Bill</b></font><font color = gray>]</font>,<br>
<br>
Want to make sure this is your email first.<br>
<br>
<font color = gray>[</font><font color = #8833bb><b>Morgan</b></font><font color = gray>]</font><br>
<br>
________________________________________________...<br>
[ snip! ]<br>
...ou want at great prices<br>
http://auctions.yahoo.com/

<h1>Document 'AOMDocument#12'</h1>

<table class="aqltups">
<tr>
    <th>name: Span</th>
</tr>
<tr>
   <td>[6-10]: 'Bill'</td>
</tr>
<tr>
   <td>[725-730]: 'Jason'</td>
</tr>
<tr>
   <td>[471-474]: 'Mia'</td>
</tr>
</table>
<br><br>
Hello <font color = gray>[</font><font color = #8833bb><b>Bill</b></font><font color = gray>]</font>,<br>
<br>
Just a reminder that we scheduled the test for ...<br>
[ snip! ]<br>
...l come up on a huge building on your left this is <font color = gray>[</font><font color = #8833bb><b>Mia</b></font><font color = gray>]</font> Hamm building.<br>
Park where ever you can find a spo...<br>
[ snip! ]<br>
...e know if you have any other questions.<br>
Thanks,<br>
<br>
<br>
<font color = gray>[</font><font color = #8833bb><b>Jason</b></font><font color = gray>]</font> Meeker<br>
Field Test Coordinator(MH-1)<br>
800-896-6453<br>
ext. 324736  M

<h1>Document 'AOMDocument#14'</h1>

<table class="aqltups">
<tr>
    <th>name: Span</th>
</tr>
<tr>
   <td>[81-85]: 'long'</td>
</tr>
</table>
<br><br>
Please respond to cfredrikson<br>
I'm back.  How was your weekend?  Still putting in <font color = gray>[</font><font color = #8833bb><b>long</b></font><font color = gray>]</font> hours or is that over?  I'm pretty pissed. My fiv...<br>
[ snip! ]<br>
...on????  Aughhhhh!  I'm never going to make it!<br>
<br>
:)

<h1>Document 'AOMDocument#15'</h1>

<table class="aqltups">
<tr>
    <th>name: Span</th>
</tr>
<tr>
   <td>[35-41]: 'Thresa'</td>
</tr>
</table>
<br><br>
FYI,  Let me know what you think.<br>
<br>
<font color = gray>[</font><font color = #8833bb><b>Thresa</b></font><font color = gray>]</font>

<h1>Document 'AOMDocument#16'</h1>

<table class="aqltups">
<tr>
    <th>name: Span</th>
</tr>
<tr>
   <td>[0-4]: 'Bill'</td>
</tr>
<tr>
   <td>[507-516]: 'Stephanie'</td>
</tr>
<tr>
   <td>[151-155]: 'will'</td>
</tr>
</table>
<br><br>
<font color = gray>[</font><font color = #8833bb><b>Bill</b></font><font color = gray>]</font>,<br>
<br>
The EPMI-ST-WBOM book has been set up as an int...<br>
[ snip! ]<br>
...EnronOnline.<br>
<br>
<br>
The following User ID and Password <font color = gray>[</font><font color = #8833bb><b>will</b></font><font color = gray>]</font> give you access to live prices on the web-site ht...<br>
[ snip! ]<br>
...r problems gaining access with this ID.<br>
<br>
<br>
Thanks,<br>
<font color = gray>[</font><font color = #8833bb><b>Stephanie</b></font><font color = gray>]</font> x33465

<h1>Document 'AOMDocument#17'</h1>

<table class="aqltups">
<tr>
    <th>name: Span</th>
</tr>
<tr>
   <td>[0-6]: 'Mollie'</td>
</tr>
</table>
<br><br>
<font color = gray>[</font><font color = #8833bb><b>Mollie</b></font><font color = gray>]</font>....<br>


<h1>Document 'AOMDocument#18'</h1>

<table class="aqltups">
<tr>
    <th>name: Span</th>
</tr>
<tr>
   <td>[836-840]: 'Alan'</td>
</tr>
<tr>
   <td>[721-726]: 'Blair'</td>
</tr>
<tr>
   <td>[171-177]: 'Foster'</td>
</tr>
</table>
<br><br>
On Tues and Wed  27-28 Nov 01 CAISO will be having...<br>
[ snip! ]<br>
... uninstructed deviations.<br>
<br>
I have already briefed <font color = gray>[</font><font color = #8833bb><b>Foster</b></font><font color = gray>]</font> and Williams III on this topic.<br>
<br>
Tim Belden was u...<br>
[ snip! ]<br>
...ailable on the same topic on CAISO's website (Kit <font color = gray>[</font><font color = #8833bb><b>Blair</b></font><font color = gray>]</font> has copies too).<br>
<br>
<br>
<br>
Kara, please set up a call in...<br>
[ snip! ]<br>
...d get a small room at the above referenced time.<br>
<br>
<font color = gray>[</font><font color = #8833bb><b>Alan</b></font><font color = gray>]</font>

<h1>Document 'AOMDocument#20'</h1>

<table class="aqltups">
<tr>
    <th>name: Span</th>
</tr>
<tr>
   <td>[329-334]: 'Kathy'</td>
</tr>
<tr>
   <td>[342-347]: 'Kathy'</td>
</tr>
</table>
<br><br>
It's time to start planning the 2002 Mt. Bachelor ...<br>
[ snip! ]<br>
...dress, telephone number. and fax number.<br>
<br>
Thanks,<br>
<font color = gray>[</font><font color = #8833bb><b>Kathy</b></font><font color = gray>]</font> S. and <font color = gray>[</font><font color = #8833bb><b>Kathy</b></font><font color = gray>]</font> A.

<h1>Document 'AOMDocument#22'</h1>

<table class="aqltups">
<tr>
    <th>name: Span</th>
</tr>
<tr>
   <td>[188-193]: 'Debra'</td>
</tr>
<tr>
   <td>[160-164]: 'will'</td>
</tr>
</table>
<br><br>
Please make plans to attend a West Power Trading l...<br>
[ snip! ]<br>
.... Hood Conference Room<br>
Time:  11:00 a.m. -- Lunch <font color = gray>[</font><font color = #8833bb><b>will</b></font><font color = gray>]</font> be served.<br>
<br>
Please let <font color = gray>[</font><font color = #8833bb><b>Debra</b></font><font color = gray>]</font> know if you have a scheduling conflict and cannot attend.

<h1>Document 'AOMDocument#24'</h1>

<table class="aqltups">
<tr>
    <th>name: Span</th>
</tr>
<tr>
   <td>[613-617]: 'Alan'</td>
</tr>
<tr>
   <td>[197-201]: 'Dave'</td>
</tr>
<tr>
   <td>[399-403]: 'Dave'</td>
</tr>
</table>
<br><br>
Had to reschedule because D. Perrino could not get...<br>
[ snip! ]<br>
...rove coordination among the three emerging RTOs.  <font color = gray>[</font><font color = #8833bb><b>Dave</b></font><font color = gray>]</font> Perrino has been on the front line of these discu...<br>
[ snip! ]<br>
...cit input from you--the commercial trading team.  <font color = gray>[</font><font color = #8833bb><b>Dave</b></font><font color = gray>]</font> can also provide the latest news on DSTAR, the So...<br>
[ snip! ]<br>
... make it, please reply to this message.<br>
<br>
Thanks,<br>
<br>
<font color = gray>[</font><font color = #8833bb><b>Alan</b></font><font color = gray>]</font> Comnes and Dave Perrino<br>
<br>
Proposed Agenda:<br>
<br>
*	Revi...<br>
[ snip! ]<br>
...onalNetworkedMarketConcept WMIC dfp 09_05_01.doc&gt;&gt;

<h1>Document 'AOMDocument#27'</h1>

<table class="aqltups">
<tr>
    <th>name: Span</th>
</tr>
<tr>
   <td>[125-129]: 'will'</td>
</tr>
</table>
<br><br>
Internal path flows are now below limits.  BEEP ha...<br>
[ snip! ]<br>
...<br>
mode (unsplit operation) as of 0000 hours.  BEEP <font color = gray>[</font><font color = #8833bb><b>will</b></font><font color = gray>]</font> dispatch as one zone.<br>
Sent by Market Operations, ...<br>
[ snip! ]<br>
...ions<br>
may change suddenly with little or no notice.

<h1>Document 'AOMDocument#28'</h1>

<table class="aqltups">
<tr>
    <th>name: Span</th>
</tr>
<tr>
   <td>[104-108]: 'will'</td>
</tr>
<tr>
   <td>[135-139]: 'will'</td>
</tr>
</table>
<br><br>
Path 15 S-N flows are near the limit.  BEEP has be...<br>
[ snip! ]<br>
...ut into split region<br>
mode as of 2331 hours.  BEEP <font color = gray>[</font><font color = #8833bb><b>will</b></font><font color = gray>]</font> dispatch in two zones and <font color = gray>[</font><font color = #8833bb><b>will</b></font><font color = gray>]</font> produce two<br>
Ex-Post prices.  Sent by Market Opera...<br>
[ snip! ]<br>
...ions<br>
may change suddenly with little or no notice.

<h1>Document 'AOMDocument#31'</h1>

<table class="aqltups">
<tr>
    <th>name: Span</th>
</tr>
<tr>
   <td>[117-121]: 'soon'</td>
</tr>
<tr>
   <td>[175-179]: 'will'</td>
</tr>
</table>
<br><br>
Starting HE19 the ISO is posting incorrect 10 minu...<br>
[ snip! ]<br>
...urly<br>
expost pricing due to software problems.  As <font color = gray>[</font><font color = #8833bb><b>soon</b></font><font color = gray>]</font> as the problem has been<br>
repaired the correct pricing <font color = gray>[</font><font color = #8833bb><b>will</b></font><font color = gray>]</font> be posted.  Sent by the Real time desk.<br>
<br>
The syst...<br>
[ snip! ]<br>
...ions<br>
may change suddenly with little or no notice.

<h1>Document 'AOMDocument#32'</h1>

<table class="aqltups">
<tr>
    <th>name: Span</th>
</tr>
<tr>
   <td>[335-341]: 'Jeanne'</td>
</tr>
<tr>
   <td>[493-499]: 'Jeanne'</td>
</tr>
<tr>
   <td>[345-348]: 'Sol'</td>
</tr>
</table>
<br><br>
To Market Participants and Scheduling Coordinators...<br>
[ snip! ]<br>
...ends to respond in a timely manner. Please notify <font color = gray>[</font><font color = #8833bb><b>Jeanne</b></font><font color = gray>]</font> M. <font color = gray>[</font><font color = #8833bb><b>Sol</b></font><font color = gray>]</font>?<br>
no later than November 10 if you consider any of...<br>
[ snip! ]<br>
... under the ISO Tariff and the basis for you view. <font color = gray>[</font><font color = #8833bb><b>Jeanne</b></font><font color = gray>]</font><br>
Sol? can be reached at (916) 608-7144, email jsol...<br>
[ snip! ]<br>
...elations Communications<br>
CRCommunications@caiso.com

<h1>Document 'AOMDocument#33'</h1>

<table class="aqltups">
<tr>
    <th>name: Span</th>
</tr>
<tr>
   <td>[121-126]: 'alpha'</td>
</tr>
<tr>
   <td>[127-131]: 'page'</td>
</tr>
</table>
<br><br>
The price is still 91.87.<br>
<br>
Keoni Almeida<br>
Californi...<br>
[ snip! ]<br>
...Operator<br>
phone: 916/608-7053<br>
pager:  916/814-7352<br>
<font color = gray>[</font><font color = #8833bb><b>alpha</b></font><font color = gray>]</font> <font color = gray>[</font><font color = #8833bb><b>page</b></font><font color = gray>]</font>:  9169812000.1151268@pagenet.net<br>
e-mail:  &lt;mailto:kalmeida@caiso.com&gt;<br>
<br>
<br>


<h1>Document 'AOMDocument#34'</h1>

<table class="aqltups">
<tr>
    <th>name: Span</th>
</tr>
<tr>
   <td>[310-317]: 'Alberta'</td>
</tr>
<tr>
   <td>[2463-2467]: 'Bill'</td>
</tr>
<tr>
   <td>[792-798]: 'chance'</td>
</tr>
</table>
<br><br>
Group,<br>
<br>
Going forward we will be transacting with ...<br>
[ snip! ]<br>
...xport and import.  We should be familiar with the <font color = gray>[</font><font color = #8833bb><b>Alberta</b></font><font color = gray>]</font> Power Pool forecast and be aware of the conversio...<br>
[ snip! ]<br>
... $7 per mw (CDD) on unused transmission with zero <font color = gray>[</font><font color = #8833bb><b>chance</b></font><font color = gray>]</font> for return.<br>
<br>
Further, Enron Canada wants the oppo...<br>
[ snip! ]<br>
...p with Enron Canada, please let me know.<br>
<br>
Thanks,<br>
<font color = gray>[</font><font color = #8833bb><b>Bill</b></font><font color = gray>]</font>

<h1>Document 'AOMDocument#39'</h1>

<table class="aqltups">
<tr>
    <th>name: Span</th>
</tr>
<tr>
   <td>[894-898]: 'BILL'</td>
</tr>
<tr>
   <td>[899-907]: 'WILLIAMS'</td>
</tr>
<tr>
   <td>[1292-1296]: 'bill'</td>
</tr>
</table>
<br><br>
Reservation status has changed. Details of the res...<br>
[ snip! ]<br>
...E_FLAG =<br>
STATUS = CONFIRMED<br>
STATUS_NOTIFICATION = <font color = gray>[</font><font color = #8833bb><b>BILL</b></font><font color = gray>]</font>.<font color = gray>[</font><font color = #8833bb><b>WILLIAMS</b></font><font color = gray>]</font>.III@ENRON.COM<br>
STATUS_COMMENTS =<br>
TIME_QUEUED = 06/...<br>
[ snip! ]<br>
...801<br>
CUSTOMER_FAX = (713)646-8272<br>
CUSTOMER_EMAIL = <font color = gray>[</font><font color = #8833bb><b>bill</b></font><font color = gray>]</font>.rust@enron.com<br>
REASSIGNED_REF = 0<br>
REASSIGNED_CAPACITY = 0

<h1>Document 'AOMDocument#40'</h1>

<table class="aqltups">
<tr>
    <th>name: Span</th>
</tr>
<tr>
   <td>[3-7]: 'Bill'</td>
</tr>
<tr>
   <td>[728-733]: 'Kathy'</td>
</tr>
<tr>
   <td>[685-690]: 'Roger'</td>
</tr>
</table>
<br><br>
Hi <font color = gray>[</font><font color = #8833bb><b>Bill</b></font><font color = gray>]</font>,<br>
<br>
I know you have been out and I will be out all ...<br>
[ snip! ]<br>
... as a<br>
real-time deal.<br>
<br>
If you have any questions, <font color = gray>[</font><font color = #8833bb><b>Roger</b></font><font color = gray>]</font> will be filling in for me.<br>
<br>
Thanks,<br>
<br>
<font color = gray>[</font><font color = #8833bb><b>Kathy</b></font><font color = gray>]</font>

<h1>Document 'AOMDocument#41'</h1>

<table class="aqltups">
<tr>
    <th>name: Span</th>
</tr>
<tr>
   <td>[6-10]: 'Bill'</td>
</tr>
<tr>
   <td>[92-97]: 'Kathy'</td>
</tr>
</table>
<br><br>
Sorry <font color = gray>[</font><font color = #8833bb><b>Bill</b></font><font color = gray>]</font>,<br>
<br>
But one more time...the ancillary are in the regular purchase total.<br>
<br>
Thanks,<br>
<br>
<font color = gray>[</font><font color = #8833bb><b>Kathy</b></font><font color = gray>]</font>

<h1>Document 'AOMDocument#42'</h1>

<table class="aqltups">
<tr>
    <th>name: Span</th>
</tr>
<tr>
   <td>[21-25]: 'Bill'</td>
</tr>
<tr>
   <td>[145-150]: 'Kathy'</td>
</tr>
</table>
<br><br>
Thanks for your help <font color = gray>[</font><font color = #8833bb><b>Bill</b></font><font color = gray>]</font>.<br>
<br>
One little thing on the 25th.  The ancillary ar...<br>
[ snip! ]<br>
...th the<br>
regular purchases in the totals.<br>
<br>
Thanks,<br>
<br>
<font color = gray>[</font><font color = #8833bb><b>Kathy</b></font><font color = gray>]</font>

<h1>Document 'AOMDocument#44'</h1>

<table class="aqltups">
<tr>
    <th>name: Span</th>
</tr>
<tr>
   <td>[240-243]: 'Amy'</td>
</tr>
<tr>
   <td>[13-17]: 'Bill'</td>
</tr>
<tr>
   <td>[350-355]: 'Kathy'</td>
</tr>
</table>
<br><br>
Good morning <font color = gray>[</font><font color = #8833bb><b>Bill</b></font><font color = gray>]</font><br>
<br>
On 4/28 could you move the -100 bookouts for HE ...<br>
[ snip! ]<br>
... the month.  I will probably be checking out with<br>
<font color = gray>[</font><font color = #8833bb><b>Amy</b></font><font color = gray>]</font> (Kelley's replacement in Houston) Wed. or Thurs. ...<br>
[ snip! ]<br>
... need all the<br>
models corrected by then.<br>
<br>
Thanks,<br>
<br>
<font color = gray>[</font><font color = #8833bb><b>Kathy</b></font><font color = gray>]</font>

<h1>Document 'AOMDocument#45'</h1>

<table class="aqltups">
<tr>
    <th>name: Span</th>
</tr>
<tr>
   <td>[9-13]: 'Bill'</td>
</tr>
<tr>
   <td>[98-103]: 'Kathy'</td>
</tr>
<tr>
   <td>[73-77]: 'Tony'</td>
</tr>
</table>
<br><br>
One more <font color = gray>[</font><font color = #8833bb><b>Bill</b></font><font color = gray>]</font>,<br>
<br>
The sale to PSCO HE 14-19  35MWH should be @ $220.00 per <font color = gray>[</font><font color = #8833bb><b>Tony</b></font><font color = gray>]</font> and PSCO.<br>
<br>
Thanks,<br>
<br>
<font color = gray>[</font><font color = #8833bb><b>Kathy</b></font><font color = gray>]</font>

<h1>Document 'AOMDocument#46'</h1>

<table class="aqltups">
<tr>
    <th>name: Span</th>
</tr>
<tr>
   <td>[3-7]: 'Bill'</td>
</tr>
<tr>
   <td>[450-455]: 'Kathy'</td>
</tr>
<tr>
   <td>[25-31]: 'chance'</td>
</tr>
</table>
<br><br>
Hi <font color = gray>[</font><font color = #8833bb><b>Bill</b></font><font color = gray>]</font>,<br>
<br>
When you get a <font color = gray>[</font><font color = #8833bb><b>chance</b></font><font color = gray>]</font> can you correct this day?<br>
<br>
HE 14 sale to CISO/Pow...<br>
[ snip! ]<br>
...ke??  Prices are $350.00 and $520.00???<br>
<br>
Thanks,<br>
<br>
<font color = gray>[</font><font color = #8833bb><b>Kathy</b></font><font color = gray>]</font>

<h1>Document 'AOMDocument#47'</h1>

<table class="aqltups">
<tr>
    <th>name: Span</th>
</tr>
<tr>
   <td>[3-7]: 'Bill'</td>
</tr>
<tr>
   <td>[196-201]: 'Kathy'</td>
</tr>
</table>
<br><br>
Hi <font color = gray>[</font><font color = #8833bb><b>Bill</b></font><font color = gray>]</font>,<br>
<br>
I just got back in the office today and I am go...<br>
[ snip! ]<br>
...rvices are not<br>
adding up on the bottom.<br>
<br>
Thanks,<br>
<br>
<font color = gray>[</font><font color = #8833bb><b>Kathy</b></font><font color = gray>]</font>

<h1>Document 'AOMDocument#49'</h1>

<table class="aqltups">
<tr>
    <th>name: Span</th>
</tr>
<tr>
   <td>[3-7]: 'Bill'</td>
</tr>
<tr>
   <td>[125-130]: 'Kathy'</td>
</tr>
</table>
<br><br>
Hi <font color = gray>[</font><font color = #8833bb><b>Bill</b></font><font color = gray>]</font>,<br>
<br>
On yesterday's...HE16 from SRP should be a -65 ...<br>
[ snip! ]<br>
... ancillary<br>
is not adding up the bottom.<br>
<br>
Thanks,<br>
<br>
<font color = gray>[</font><font color = #8833bb><b>Kathy</b></font><font color = gray>]</font>

<h1>Document 'AOMDocument#50'</h1>

<table class="aqltups">
<tr>
    <th>name: Span</th>
</tr>
<tr>
   <td>[3-7]: 'Bill'</td>
</tr>
<tr>
   <td>[256-261]: 'Kathy'</td>
</tr>
<tr>
   <td>[123-127]: 'Mark'</td>
</tr>
</table>
<br><br>
Hi <font color = gray>[</font><font color = #8833bb><b>Bill</b></font><font color = gray>]</font>,<br>
<br>
Just a couple of things on these models..<br>
<br>
On 4...<br>
[ snip! ]<br>
...ale to Enron changed to an 11MWH.  Tony talked to <font color = gray>[</font><font color = #8833bb><b>Mark</b></font><font color = gray>]</font><br>
about this.<br>
<br>
On 4/18 the ancillary are not adding...<br>
[ snip! ]<br>
...get a chance, just re-email them to me.<br>
<br>
Thanks,<br>
<br>
<font color = gray>[</font><font color = #8833bb><b>Kathy</b></font><font color = gray>]</font>

<h1>Document 'AOMDocument#51'</h1>

<table class="aqltups">
<tr>
    <th>name: Span</th>
</tr>
<tr>
   <td>[348-353]: 'Allan'</td>
</tr>
<tr>
   <td>[2343-2348]: 'Allan'</td>
</tr>
<tr>
   <td>[2388-2391]: 'Amy'</td>
</tr>
</table>
<br><br>
BUSINESS HIGHLIGHTS<br>
<br>
Enron Industrial Markets<br>
Meta...<br>
[ snip! ]<br>
...s Analysis group is excited to announce that Dave <font color = gray>[</font><font color = #8833bb><b>Allan</b></font><font color = gray>]</font> has joined as a Director, responsible for all For...<br>
[ snip! ]<br>
...ME<br>
New Hires<br>
EGM - Janelle Russell,<br>
EIM   - David <font color = gray>[</font><font color = #8833bb><b>Allan</b></font><font color = gray>]</font>, Sylvia Carter<br>
ENA  - Sasha Divelbiss, <font color = gray>[</font><font color = #8833bb><b>Amy</b></font><font color = gray>]</font> Quirsfeld, Judy Zhang, Annette Thompson, Kelly Do...<br>
[ snip! ]<br>
...for internal use only and should not be disclosed.

<h1>Document 'AOMDocument#52'</h1>

<table class="aqltups">
<tr>
    <th>name: Span</th>
</tr>
<tr>
   <td>[1319-1324]: 'Dorie'</td>
</tr>
<tr>
   <td>[689-694]: 'LAURA'</td>
</tr>
<tr>
   <td>[1292-1297]: 'Laura'</td>
</tr>
</table>
<br><br>
Enron is proud to be a Charity Partner Sponsor for...<br>
[ snip! ]<br>
...OUSTON OPEN TICKETS<br>
1)  Send an E-MAIL request to <font color = gray>[</font><font color = #8833bb><b>LAURA</b></font><font color = gray>]</font> PENA with the following information:<br>
a)  Name of ...<br>
[ snip! ]<br>
...kets.<br>
<br>
If you have any questions, please contact:<br>
<font color = gray>[</font><font color = #8833bb><b>Laura</b></font><font color = gray>]</font> Pena		(713) 853-5376<br>
<font color = gray>[</font><font color = #8833bb><b>Dorie</b></font><font color = gray>]</font> Hitchcock		(713) 853-6978<br>
<br>
http://home.enron.com:84/messaging/shelldescript.doc

<h1>Document 'AOMDocument#54'</h1>

<table class="aqltups">
<tr>
    <th>name: Span</th>
</tr>
<tr>
   <td>[2236-2240]: 'Alan'</td>
</tr>
<tr>
   <td>[278-281]: 'Joe'</td>
</tr>
<tr>
   <td>[988-991]: 'Joe'</td>
</tr>
</table>
<br><br>
To further the process of reaching the stated obje...<br>
[ snip! ]<br>
... target associated with it and will be managed by <font color = gray>[</font><font color = #8833bb><b>Joe</b></font><font color = gray>]</font> Deffner. The purpose of creating this book is to ...<br>
[ snip! ]<br>
...all transactions in Enron Americas will be set by <font color = gray>[</font><font color = #8833bb><b>Joe</b></font><font color = gray>]</font>. This process is separate and apart from the curr...<br>
[ snip! ]<br>
...l Book can be addressed to:<br>
Joe Deffner		853-7117<br>
<font color = gray>[</font><font color = #8833bb><b>Alan</b></font><font color = gray>]</font> Quaintance	345-7731

<h1>Document 'AOMDocument#56'</h1>

<table class="aqltups">
</body>
</html>
