<html>
<head>
<style type="text/css">
    table.aqltups {
        background-color: lightgray;
        width: 100%;
    }
    th {
        background-color: darkslategray;
        color: white;
    }
</style>
<title>SP11_a.htm</title>
</head>
<body>


<h1>Document 'AOMDocument#9'</h1>

<table class="aqltups">
<tr>
    <th>match: Span</th>
</tr>
<tr>
   <td>[823-852]: 'Company Realtors\n503-735-4884'</td>
</tr>
</table>
<br><br>
Hi Bill!<br>
<br>
Thank you for returning the paperwork to...<br>
[ snip! ]<br>
...rstin Boettcher for Jeff Burghart P.C.<br>
The Hasson <font color = gray>[</font><font color = #8833bb><b>Company Realtors<br>
503-735-4884</b></font><font color = gray>]</font><br>
<br>
PS Didn't see ya walking for MS! :-) Late night? he he he<br>
J/K

<h1>Document 'AOMDocument#83'</h1>

<table class="aqltups">
<tr>
    <th>match: Span</th>
</tr>
<tr>
   <td>[705-730]: 'David Vandor\n713-853-6306'</td>
</tr>
</table>
<br><br>
Here is the G&amp;A Expense worksheet to use as a guid...<br>
[ snip! ]<br>
... any questions, please let me know.<br>
<br>
<br>
<br>
<br>
<br>
<br>
Thanks,<br>
<font color = gray>[</font><font color = #8833bb><b>David Vandor<br>
713-853-6306</b></font><font color = gray>]</font>

<h1>Document 'AOMDocument#203'</h1>

<table class="aqltups">
<tr>
    <th>match: Span</th>
</tr>
<tr>
   <td>[1079-1101]: 'Center at 713-584-4444'</td>
</tr>
<tr>
   <td>[1116-1144]: 'Stephanie Sever\n713-853-3465'</td>
</tr>
</table>
<br><br>
IMPORTANT - THE IDS BELOW WILL BE YOUR PERMANENT A...<br>
[ snip! ]<br>
...r issues, please contact me at x33465 or the Call <font color = gray>[</font><font color = #8833bb><b>Center at 713-584-4444</b></font><font color = gray>]</font><br>
<br>
<br>
Thank you,<br>
<br>
<font color = gray>[</font><font color = #8833bb><b>Stephanie Sever<br>
713-853-3465</b></font><font color = gray>]</font>

<h1>Document 'AOMDocument#299'</h1>

<table class="aqltups">
<tr>
    <th>match: Span</th>
</tr>
<tr>
   <td>[267-289]: 'Woertz at 916-608-7066'</td>
</tr>
</table>
<br><br>
Market Notice<br>
<br>
January 9, 2002<br>
<br>
ISO Market Partici...<br>
[ snip! ]<br>
...<br>
<br>
If you have any questions, please contact Byron <font color = gray>[</font><font color = #8833bb><b>Woertz at 916-608-7066</b></font><font color = gray>]</font> or<br>
bwoertz@caiso.com.<br>
<br>
Client Relations Communica...<br>
[ snip! ]<br>
...ions@caiso.com &lt;mailto:CRCommunications@caiso.com&gt;

<h1>Document 'AOMDocument#302'</h1>

<table class="aqltups">
<tr>
    <th>match: Span</th>
</tr>
<tr>
   <td>[783-805]: 'Telephone:800-991-7360'</td>
</tr>
</table>
<br><br>
Thank you for trying Quickoffice.<br>
<br>
<br>
DOWNLOADING IN...<br>
[ snip! ]<br>
...---<br>
Online: http://store.cesinc.com/buyonline.asp<br>
<font color = gray>[</font><font color = #8833bb><b>Telephone:800-991-7360</b></font><font color = gray>]</font> or 214-956-9806<br>
<br>
<br>
USERS MANUAL<br>
------------------...<br>
[ snip! ]<br>
...rt.html or via email<br>
at mailto:support@cesinc.com.

<h1>Document 'AOMDocument#313'</h1>

<table class="aqltups">
<tr>
    <th>match: Span</th>
</tr>
<tr>
   <td>[973-996]: 'Houston at 713-345-4745'</td>
</tr>
<tr>
   <td>[1042-1063]: 'Omaha at 402-398-7454'</td>
</tr>
</table>
<br><br>
The Resolution Center will be decommissioning one ...<br>
[ snip! ]<br>
...hould continue to contact the ETS Solution Center-<font color = gray>[</font><font color = #8833bb><b>Houston at 713-345-4745</b></font><font color = gray>]</font> or 888-465-4745, and the ETS Solution Center-<font color = gray>[</font><font color = #8833bb><b>Omaha at 402-398-7454</b></font><font color = gray>]</font>.
</body>
</html>
