<html>
<head>
<title>PersonPhoneReversed.htm</title>
</head>
<body>


<h1>Document 'AOMDocument#16'</h1>

Bill,<br>
<br>
The EPMI-ST-WBOM book has been set up as an...<br>
[ snip! ]<br>
... gaining access with this ID.<br>
<br>
<br>
Thanks,<br>
Stephanie <font color = gray>[</font><font color = #8833bb><b>x33465</b></font><font color = gray>]</font>

<h1>Document 'AOMDocument#59'</h1>

Hello all!<br>
<br>
Thanks again to everyone who participa...<br>
[ snip! ]<br>
...!<br>
The Enron Elves Team<br>
<br>
------------------<br>
Grace, <font color = gray>[</font><font color = #8833bb><b>x8321</b></font><font color = gray>]</font><br>
Julie, <font color = gray>[</font><font color = #8833bb><b></b></font><font color = gray>[</font><font color = #aa22aa><b>x7404</b></font><font color = gray>]</font><font color = gray>]</font>

<h1>Document 'AOMDocument#60'</h1>

Hello, and happy new year!<br>
<br>
REGARDING NEW HEALTH I...<br>
[ snip! ]<br>
...<br>
<br>
Thanks!<br>
Your HR Team<br>
<br>
------------------<br>
Grace, <font color = gray>[</font><font color = #8833bb><b>x8321</b></font><font color = gray>]</font><br>
Julie, <font color = gray>[</font><font color = #8833bb><b></b></font><font color = gray>[</font><font color = #aa22aa><b>x7404</b></font><font color = gray>]</font><font color = gray>]</font>

<h1>Document 'AOMDocument#61'</h1>

Please see Grace or Julie to pick up your paycheck for 12/31/01.<br>
<br>
Happy New Year!<br>
<br>
-Grace<br>
<font color = gray>[</font><font color = #8833bb><b>x8321</b></font><font color = gray>]</font>

<h1>Document 'AOMDocument#62'</h1>

They have restored the link on eHRonline to view y...<br>
[ snip! ]<br>
...any questions, please let me know!<br>
<br>
Thanks,<br>
Grace<br>
<font color = gray>[</font><font color = #8833bb><b>x8321</b></font><font color = gray>]</font><br>


<h1>Document 'AOMDocument#64'</h1>

Howdy all!<br>
<br>
Just an FYI: If you are interested in ...<br>
[ snip! ]<br>
...e sent to the office in your name.<br>
<br>
Thanks,<br>
Grace<br>
<font color = gray>[</font><font color = #8833bb><b>x8321</b></font><font color = gray>]</font><br>
<br>
====<br>
P.S. Samantha: I've already added you to the list! :o) --G

<h1>Document 'AOMDocument#67'</h1>

If you are unable to login to the Open Enrollment ...<br>
[ snip! ]<br>
...til 3:00pm to make your elections!<br>
<br>
Thanks,<br>
Grace<br>
<font color = gray>[</font><font color = #8833bb><b>x8321</b></font><font color = gray>]</font>

<h1>Document 'AOMDocument#68'</h1>

Howdy all!<br>
<br>
I am just confirming your attendance a...<br>
[ snip! ]<br>
...can add someone from the waitlist.<br>
<br>
Thanks,<br>
Grace<br>
<font color = gray>[</font><font color = #8833bb><b>x8321</b></font><font color = gray>]</font>

<h1>Document 'AOMDocument#69'</h1>

Howdy all!<br>
<br>
Just a reminder that you are invited t...<br>
[ snip! ]<br>
...riday)! :o)<br>
<br>
Enjoy the rest of your week!<br>
<br>
-Grace<br>
<font color = gray>[</font><font color = #8833bb><b>x8321</b></font><font color = gray>]</font><br>


<h1>Document 'AOMDocument#70'</h1>

A pair of glasses was found in Mt. Hood yesterday:...<br>
[ snip! ]<br>
...ng to you, please come claim them!<br>
<br>
Thanks,<br>
Grace<br>
<font color = gray>[</font><font color = #8833bb><b>x8321</b></font><font color = gray>]</font>

<h1>Document 'AOMDocument#71'</h1>

The World Trade Center has made arrangements with ...<br>
[ snip! ]<br>
...Total Fitness, please let me know!<br>
<br>
Thanks,<br>
Grace<br>
<font color = gray>[</font><font color = #8833bb><b>x8321</b></font><font color = gray>]</font><br>
<br>
&lt;Embedded Picture (Metafile)&gt;<br>
&lt;Embedded Picture (Metafile)&gt;

<h1>Document 'AOMDocument#72'</h1>

Howdy all!<br>
<br>
There is still room available in the T...<br>
[ snip! ]<br>
...2nd. See below for course details.<br>
<br>
Thanks,<br>
Grace<br>
<font color = gray>[</font><font color = #8833bb><b>x8321</b></font><font color = gray>]</font><br>
<br>
*Current list includes:<br>
Chris Mumm<br>
James Reyes<br>
S...<br>
[ snip! ]<br>
...ns.<br>
Summary of US and Western electricity systems.

<h1>Document 'AOMDocument#73'</h1>

We will be offering the Derivatives II training co...<br>
[ snip! ]<br>
...o later than Monday, November 5th.<br>
<br>
Thanks,<br>
Grace<br>
<font color = gray>[</font><font color = #8833bb><b>x8321</b></font><font color = gray>]</font><br>
<br>
*The following people are currently signed up fo...<br>
[ snip! ]<br>
...aps in complex structures: e.g. "blend-and-extend"

<h1>Document 'AOMDocument#80'</h1>

Howdy all!<br>
<br>
We currently have an opening in the Re...<br>
[ snip! ]<br>
... for this position, please contact Julie Kearney (<font color = gray>[</font><font color = #8833bb><b>x7404</b></font><font color = gray>]</font>) or Grace Rodriguez (<font color = gray>[</font><font color = #8833bb><b></b></font><font color = gray>[</font><font color = #aa22aa><b>x8321</b></font><font color = gray>]</font><font color = #8833bb><b></b></font><font color = gray>]</font>) by close of business on Friday, October 19th, 2001.<br>
<br>
Regards,<br>
Grace<br>
<font color = gray>[</font><font color = #8833bb><b>x8321</b></font><font color = gray>]</font><br>
<br>
===============================================<br>
...<br>
[ snip! ]<br>
...ays and weekends.<br>
Self-motivated.<br>
Detail oriented.

<h1>Document 'AOMDocument#82'</h1>

This information was sent by Tim Belden and Chris ...<br>
[ snip! ]<br>
... at the event--no questions asked.<br>
<br>
Thanks,<br>
Grace<br>
<font color = gray>[</font><font color = #8833bb><b>x8321</b></font><font color = gray>]</font>

<h1>Document 'AOMDocument#84'</h1>

Hello all!<br>
<br>
FYI: There are still a few spaces left...<br>
[ snip! ]<br>
...sent to participants on Wednesday.<br>
<br>
Thanks!<br>
Grace<br>
<font color = gray>[</font><font color = #8833bb><b>x8321</b></font><font color = gray>]</font><br>
<br>


<h1>Document 'AOMDocument#85'</h1>

Hello all!<br>
<br>
As you are aware, Houston is asking al...<br>
[ snip! ]<br>
...ny questions, please let me know.<br>
<br>
Regards,<br>
Grace<br>
<font color = gray>[</font><font color = #8833bb><b>x8321</b></font><font color = gray>]</font>

<h1>Document 'AOMDocument#89'</h1>

Hello!<br>
<br>
You have been selected to represent Enron-...<br>
[ snip! ]<br>
...e-mail) if you have any questions!<br>
<br>
Thanks,<br>
Grace<br>
<font color = gray>[</font><font color = #8833bb><b>x8321</b></font><font color = gray>]</font><br>
<br>
================================<br>
<br>
School				Care...<br>
[ snip! ]<br>
...f Washington		N/A		N/A (same day as UC Davis Fair)

<h1>Document 'AOMDocument#94'</h1>

Join us in welcoming ENA's new employees to the Po...<br>
[ snip! ]<br>
... look forward to seeing you there!<br>
<br>
Thanks,<br>
Grace<br>
<font color = gray>[</font><font color = #8833bb><b>x8321</b></font><font color = gray>]</font>

<h1>Document 'AOMDocument#104'</h1>

Jake Arnold is scheduled to interview for the Real...<br>
[ snip! ]<br>
...u have any questions, let me know!<br>
<br>
Thanks,<br>
Grace<br>
<font color = gray>[</font><font color = #8833bb><b>x8321</b></font><font color = gray>]</font>

<h1>Document 'AOMDocument#105'</h1>

Hello!<br>
<br>
You have been selected to interview Real T...<br>
[ snip! ]<br>
...re the close of business tomorrow.<br>
<br>
Thanks,<br>
Grace<br>
<font color = gray>[</font><font color = #8833bb><b>x8321</b></font><font color = gray>]</font><br>
<br>
Added notes:<br>
ANNA: Please let me know if either ...<br>
[ snip! ]<br>
...terview (both do not need to interview, per Bill).

<h1>Document 'AOMDocument#110'</h1>

Justin Bates is returning for a second round of in...<br>
[ snip! ]<br>
...e know if you have any questions.<br>
<br>
Regards,<br>
Grace<br>
<font color = gray>[</font><font color = #8833bb><b>x8321</b></font><font color = gray>]</font>

<h1>Document 'AOMDocument#111'</h1>

Cookies and milk will be provided. =o)<br>
<br>
Please let...<br>
[ snip! ]<br>
...know if you need more information.<br>
<br>
Thanks,<br>
Grace<br>
<font color = gray>[</font><font color = #8833bb><b>x8321</b></font><font color = gray>]</font><br>


<h1>Document 'AOMDocument#113'</h1>

Just a reminder that Darin Presto will be in today...<br>
[ snip! ]<br>
...me know if you have any questions!<br>
<br>
Thanks,<br>
Grace<br>
<font color = gray>[</font><font color = #8833bb><b>x8321</b></font><font color = gray>]</font><br>


<h1>Document 'AOMDocument#115'</h1>

You have been selected to interview Real Time cand...<br>
[ snip! ]<br>
...u have any questions, let me know!<br>
<br>
Thanks,<br>
Grace<br>
<font color = gray>[</font><font color = #8833bb><b>x8321</b></font><font color = gray>]</font><br>
<br>


<h1>Document 'AOMDocument#117'</h1>

As this course is on Thursday, please let me know ...<br>
[ snip! ]<br>
... have any questions, let me know!<br>
<br>
Regards,<br>
Grace<br>
<font color = gray>[</font><font color = #8833bb><b>x8321</b></font><font color = gray>]</font><br>


<h1>Document 'AOMDocument#118'</h1>

You have been selected to interview Real Time Cand...<br>
[ snip! ]<br>
...any questions, please let me know!<br>
<br>
Thanks,<br>
Grace<br>
<font color = gray>[</font><font color = #8833bb><b>x8321</b></font><font color = gray>]</font><br>


<h1>Document 'AOMDocument#126'</h1>

Jerald Surface will be in Portland (from Houston) ...<br>
[ snip! ]<br>
...me know if you have any questions.<br>
<br>
Thanks,<br>
Grace<br>
<font color = gray>[</font><font color = #8833bb><b>x8321</b></font><font color = gray>]</font>

<h1>Document 'AOMDocument#127'</h1>

JUST A REMINDER:<br>
<br>
Ken Guernsey will be coming in t...<br>
[ snip! ]<br>
...any questions, please let me know!<br>
<br>
Thanks,<br>
Grace<br>
<font color = gray>[</font><font color = #8833bb><b>x8321</b></font><font color = gray>]</font>

<h1>Document 'AOMDocument#138'</h1>

PEP ACCESS (LOGIN/PASSWORD)<br>
<br>
You will be receiving...<br>
[ snip! ]<br>
...stions, please see Amy or myself.<br>
<br>
Regards,<br>
Grace<br>
<font color = gray>[</font><font color = #8833bb><b></b></font><font color = gray>[</font><font color = #aa22aa><b>x8321</b></font><font color = gray>]</font><font color = gray>]</font>

<h1>Document 'AOMDocument#141'</h1>

Hello again!<br>
<br>
For those of you who are unavailable...<br>
[ snip! ]<br>
...me know if you have any questions.<br>
<br>
Thanks,<br>
Grace<br>
<font color = gray>[</font><font color = #8833bb><b>x8321</b></font><font color = gray>]</font><br>


<h1>Document 'AOMDocument#142'</h1>

Hello all!<br>
<br>
Amy would like to meet with all of you...<br>
[ snip! ]<br>
...my (Mt. Hood)? Please let me know!<br>
<br>
Thanks,<br>
Grace<br>
<font color = gray>[</font><font color = #8833bb><b></b></font><font color = gray>[</font><font color = #aa22aa><b>x8321</b></font><font color = gray>]</font><font color = gray>]</font>

<h1>Document 'AOMDocument#163'</h1>

Hello!<br>
<br>
Amy would like to meet with you both for a...<br>
[ snip! ]<br>
...ably 1 hour (to discuss HR needs).<br>
<br>
Thanks,<br>
Grace<br>
<font color = gray>[</font><font color = #8833bb><b>x8321</b></font><font color = gray>]</font>

<h1>Document 'AOMDocument#166'</h1>

Don't forget to let me know if you are interested ...<br>
[ snip! ]<br>
...l entree numbers Thursday morning.<br>
<br>
Thanks,<br>
Grace<br>
<font color = gray>[</font><font color = #8833bb><b>x8321</b></font><font color = gray>]</font>

<h1>Document 'AOMDocument#170'</h1>

Ann Van Mele will be coming in around 10:00am for ...<br>
[ snip! ]<br>
...e know if you have any questions.<br>
<br>
Thanks!<br>
-Grace<br>
<font color = gray>[</font><font color = #8833bb><b>x8321</b></font><font color = gray>]</font>

<h1>Document 'AOMDocument#176'</h1>

FYI:<br>
<br>
The 1pm interview with Mitch Moulton will ta...<br>
[ snip! ]<br>
....<br>
<br>
Let me know if you have any questions!<br>
<br>
-Grace<br>
<font color = gray>[</font><font color = #8833bb><b>x8321</b></font><font color = gray>]</font>

<h1>Document 'AOMDocument#185'</h1>

Ann Van Mele is unavailable to interview next week...<br>
[ snip! ]<br>
... work for you, please let me know.<br>
<br>
Thanks,<br>
Grace<br>
<font color = gray>[</font><font color = #8833bb><b>x8321</b></font><font color = gray>]</font>

<h1>Document 'AOMDocument#244'</h1>

If you're receiving this email its because we're s...<br>
[ snip! ]<br>
...ave, please contact myself x39673, Teresa Mandola <font color = gray>[</font><font color = #8833bb><b>x39807</b></font><font color = gray>]</font> or Jennifer McQuade <font color = gray>[</font><font color = #8833bb><b></b></font><font color = gray>[</font><font color = #aa22aa><b>x53614</b></font><font color = gray>]</font><font color = #8833bb><b></b></font><font color = gray>]</font> and we'll come by your desk to help you.<br>
<br>
Thank you,<br>
<br>
Dan Diamond

<h1>Document 'AOMDocument#259'</h1>

We are in the process of confirming that all trade...<br>
[ snip! ]<br>
...ave, please contact myself x39673, Teresa Mandola <font color = gray>[</font><font color = #8833bb><b>x39807</b></font><font color = gray>]</font> or Jennifer McQuade <font color = gray>[</font><font color = #8833bb><b></b></font><font color = gray>[</font><font color = #aa22aa><b>x53614</b></font><font color = gray>]</font><font color = #8833bb><b></b></font><font color = gray>]</font> and we'll come by your desk to help you.<br>
<br>
Thank you,<br>
<br>
Dan Diamond

<h1>Document 'AOMDocument#369'</h1>

There is a 25 mw heavy load schedule that BPA is g...<br>
[ snip! ]<br>
...everyone in the path to check out.<br>
<br>
Thanks,<br>
Stacy<br>
<font color = gray>[</font><font color = #8833bb><b>(503)807-7861</b></font><font color = gray>]</font>

<h1>Document 'AOMDocument#370'</h1>

There is a 25 mw heavy load schedule that BPA is g...<br>
[ snip! ]<br>
...everyone in the path to check out.<br>
<br>
Thanks,<br>
Stacy<br>
<font color = gray>[</font><font color = #8833bb><b>(503)807-7861</b></font><font color = gray>]</font>
</body>
</html>
