<html>
<head>
<style type="text/css">
    table.aqltups {
        background-color: lightgray;
        width: 100%;
    }
    th {
        background-color: darkslategray;
        color: white;
    }
</style>
<title>test.CombineViews31.htm</title>
</head>
<body>


<h1>Document 'AOMDocument#1'</h1>

<table class="aqltups">
<tr>
    <th>match: Span</th>
</tr>
<tr>
   <td>[0-7]: 'Germany'</td>
</tr>
</table>
<br><br>
<font color = gray>[</font><font color = #8833bb><b>Germany</b></font><font color = gray>]</font> is a great place.
</body>
</html>
