<html>
<head>
<style type="text/css">
    table.aqltups {
        background-color: lightgray;
        width: 100%;
    }
    th {
        background-color: darkslategray;
        color: white;
    }
</style>
<title>spanBetweenTest.Test.htm</title>
</head>
<body>


<h1>Document 'AOMDocument#1'</h1>

<table class="aqltups">
<tr>
    <th>match1: Span</th>
    <th>match2: Span</th>
    <th>match: Span</th>
</tr>
<tr>
   <td>[0-3]: 'aaa'</td>
   <td>[8-11]: 'bbb'</td>
   <td>[3-8]: ' AAA '</td>
</tr>
</table>
<br><br>
aaa<font color = gray>[</font><font color = #8833bb><b> AAA </b></font><font color = gray>]</font>bbb

<h1>Document 'AOMDocument#2'</h1>

<table class="aqltups">
<tr>
    <th>match1: Span</th>
    <th>match2: Span</th>
    <th>match: Span</th>
</tr>
<tr>
   <td>[8-11]: 'aaa'</td>
   <td>[0-3]: 'bbb'</td>
   <td>[3-8]: ' BBB '</td>
</tr>
</table>
<br><br>
bbb<font color = gray>[</font><font color = #8833bb><b> BBB </b></font><font color = gray>]</font>aaa

<h1>Document 'AOMDocument#3'</h1>

<table class="aqltups">
<tr>
    <th>match1: Span</th>
    <th>match2: Span</th>
    <th>match: Span</th>
</tr>
<tr>
   <td>[0-3]: 'aaa'</td>
   <td>[8-11]: 'bbb'</td>
   <td>[3-8]: ' AAA '</td>
</tr>
<tr>
   <td>[16-19]: 'aaa'</td>
   <td>[8-11]: 'bbb'</td>
   <td>[11-16]: ' BBB '</td>
</tr>
</table>
<br><br>
aaa<font color = gray>[</font><font color = #8833bb><b> AAA </b></font><font color = gray>]</font>bbb<font color = gray>[</font><font color = #8833bb><b> BBB </b></font><font color = gray>]</font>aaa
</body>
</html>
