<html>
<head>
<title>MidWords.htm</title>
</head>
<body>


<h1>Document 'AOMDocument#1'</h1>

Hey there Bill!<br>
<br>
I thought I'd drop a quick line j...<br>
[ snip! ]<br>
...y to me when I visit<br>
Portland in July.  I do have <font color = gray>[</font><font color = #8833bb><b>a</b></font><font color = gray>]</font> college friend out there (who I hope to<br>
locate) s...<br>
[ snip! ]<br>
...our E-Card<br>
http://www.bluemountain.com/giftcenter/

<h1>Document 'AOMDocument#3'</h1>

That is so rad Bill. I'm pretty jealous, but at le...<br>
[ snip! ]<br>
...l get to enjoy this amazing day! What happened to <font color = gray>[</font><font color = #8833bb><b>the</b></font><font color = gray>]</font> drive up to St Helens on your motorcycle?? I think that sounds like <font color = gray>[</font><font color = #8833bb><b>a</b></font><font color = gray>]</font> rad time. Maybe you will take me up there one day...<br>
[ snip! ]<br>
...laying golf. Try to shoot a birdie for me. hee hee

<h1>Document 'AOMDocument#4'</h1>

Group.<br>
We are short 25 mws under ST-WBOM in NP-15 ...<br>
[ snip! ]<br>
...espectively).  We are short at $150.  Please make <font color = gray>[</font><font color = #8833bb><b>a</b></font><font color = gray>]</font> purchase to fill this under ST-WBOM and <font color = gray>[</font><font color = #8833bb><b>a</b></font><font color = gray>]</font> sale to the imbalance under ST-WBOM.  ST-CALI/EES...<br>
[ snip! ]<br>
...and off peak that we should try to move/fill.<br>
Bill

<h1>Document 'AOMDocument#8'</h1>

Ahoy!  the tide is high and the mermaids are singi...<br>
[ snip! ]<br>
...is weekend?  Portland?  There could be trouble on <font color = gray>[</font><font color = #8833bb><b>the</b></font><font color = gray>]</font> horizon....<br>
-Lee Mellon

<h1>Document 'AOMDocument#9'</h1>

Hi Bill!<br>
<br>
Thank you for returning the paperwork to...<br>
[ snip! ]<br>
... 4th floor right now. (I was down there this am). <font color = gray>[</font><font color = #8833bb><b>The</b></font><font color = gray>]</font> Lobby is<br>
complete...just some touch up needed. El...<br>
[ snip! ]<br>
...ee ya walking for MS! :-) Late night? he he he<br>
J/K

<h1>Document 'AOMDocument#10'</h1>

Bill,<br>
<br>
Want to make sure this is your email first....<br>
[ snip! ]<br>
...____________<br>
Do You Yahoo!?<br>
Yahoo! Auctions - buy <font color = gray>[</font><font color = #8833bb><b>the</b></font><font color = gray>]</font> things you want at great prices<br>
http://auctions.yahoo.com/

<h1>Document 'AOMDocument#11'</h1>

Hey dude,<br>
<br>
How about Booty?  He could be developed...<br>
[ snip! ]<br>
...ood news for your dogs.  I hope my Tigers keep up <font color = gray>[</font><font color = #8833bb><b>the</b></font><font color = gray>]</font> improvements.<br>
<br>
Smith

<h1>Document 'AOMDocument#13'</h1>

Hey,<br>
do you happen to know the name of the scooter...<br>
[ snip! ]<br>
...n and also about how much I can expect to pay for <font color = gray>[</font><font color = #8833bb><b>a</b></font><font color = gray>]</font> pretty good 125 cc scooter ? thanks. Are you leaving work early to go to Seattle?

<h1>Document 'AOMDocument#16'</h1>

Bill,<br>
<br>
The EPMI-ST-WBOM book has been set up as an...<br>
[ snip! ]<br>
...rparty for desk-to-desk trading on EnronOnline.<br>
<br>
<br>
<font color = gray>[</font><font color = #8833bb><b>The</b></font><font color = gray>]</font> following User ID and Password will give you access to live prices on <font color = gray>[</font><font color = #8833bb><b>the</b></font><font color = gray>]</font> web-site http://www.enrononline.com.<br>
<br>
User ID:	AD...<br>
[ snip! ]<br>
...ng access with this ID.<br>
<br>
<br>
Thanks,<br>
Stephanie x33465

<h1>Document 'AOMDocument#20'</h1>

It's time to start planning the 2002 Mt. Bachelor ...<br>
[ snip! ]<br>
...rip - and your ideas are needed !!!<br>
<br>
Please bring <font color = gray>[</font><font color = #8833bb><b>a</b></font><font color = gray>]</font> preliminary list <font color = gray>[</font><font color = #8833bb><b>of</b></font><font color = gray>]</font> customers and employees you would like added to <font color = gray>[</font><font color = #8833bb><b>the</b></font><font color = gray>]</font> guest list.  Be sure to include complete informat...<br>
[ snip! ]<br>
...er. and fax number.<br>
<br>
Thanks,<br>
Kathy S. and Kathy A.

<h1>Document 'AOMDocument#21'</h1>

***The Ski Trip meeting has been rescheduled for W...<br>
[ snip! ]<br>
...31 at 10:30 a.m. in the Mt. Hood Conf. Room  ***<br>
<br>
<font color = gray>[</font><font color = #8833bb><b>The</b></font><font color = gray>]</font> original meeting was planned for Thursday, 10/25 at 1:00 p.m.

<h1>Document 'AOMDocument#22'</h1>

Please make plans to attend a West Power Trading l...<br>
[ snip! ]<br>
... 22<br>
Place:  Mt. Hood Conference Room<br>
Time:  11:00 <font color = gray>[</font><font color = #8833bb><b>a</b></font><font color = gray>]</font>.m. -- Lunch will be served.<br>
<br>
Please let Debra kno...<br>
[ snip! ]<br>
... you have a scheduling conflict and cannot attend.

<h1>Document 'AOMDocument#24'</h1>

Had to reschedule because D. Perrino could not get...<br>
[ snip! ]<br>
...ees that are trying to improve coordination among <font color = gray>[</font><font color = #8833bb><b>the</b></font><font color = gray>]</font> three emerging RTOs.  Dave Perrino has been on th...<br>
[ snip! ]<br>
...onalNetworkedMarketConcept WMIC dfp 09_05_01.doc&gt;&gt;

<h1>Document 'AOMDocument#27'</h1>

Internal path flows are now below limits.  BEEP ha...<br>
[ snip! ]<br>
...en returned to normal<br>
mode (unsplit operation) as <font color = gray>[</font><font color = #8833bb><b>of</b></font><font color = gray>]</font> 0000 hours.  BEEP will dispatch as one zone.<br>
Sent...<br>
[ snip! ]<br>
...ions<br>
may change suddenly with little or no notice.

<h1>Document 'AOMDocument#30'</h1>

Beginning HE20, the 10 minute and expost pricing o...<br>
[ snip! ]<br>
...rrect.  Sent by the Real time Market Operations.<br>
<br>
<font color = gray>[</font><font color = #8833bb><b>The</b></font><font color = gray>]</font> system conditions described in this communication...<br>
[ snip! ]<br>
...ions<br>
may change suddenly with little or no notice.

<h1>Document 'AOMDocument#31'</h1>

Starting HE19 the ISO is posting incorrect 10 minu...<br>
[ snip! ]<br>
...ost pricing due to software problems.  As soon as <font color = gray>[</font><font color = #8833bb><b>the</b></font><font color = gray>]</font> problem has been<br>
repaired <font color = gray>[</font><font color = #8833bb><b>the</b></font><font color = gray>]</font> correct pricing will be posted.  Sent by the Real...<br>
[ snip! ]<br>
...ions<br>
may change suddenly with little or no notice.

<h1>Document 'AOMDocument#32'</h1>

To Market Participants and Scheduling Coordinators...<br>
[ snip! ]<br>
...received a data request yesterday from the Office <font color = gray>[</font><font color = #8833bb><b>of</b></font><font color = gray>]</font> Ratepayer<br>
Advocates in CPUC docket 01-03-036. <font color = gray>[</font><font color = #8833bb><b>The</b></font><font color = gray>]</font> request requires <font color = gray>[</font><font color = #8833bb><b>a</b></font><font color = gray>]</font> response no later<br>
than November 16, 2001. An elec...<br>
[ snip! ]<br>
...elations Communications<br>
CRCommunications@caiso.com

<h1>Document 'AOMDocument#34'</h1>

Group,<br>
<br>
Going forward we will be transacting with ...<br>
[ snip! ]<br>
...ver-the-counter basis.  We will provide them with <font color = gray>[</font><font color = #8833bb><b>a</b></font><font color = gray>]</font> bid and an offer suitable for non-firm energy tra...<br>
[ snip! ]<br>
...th Enron Canada, please let me know.<br>
<br>
Thanks,<br>
Bill

<h1>Document 'AOMDocument#40'</h1>

Hi Bill,<br>
<br>
I know you have been out and I will be o...<br>
[ snip! ]<br>
...mail<br>
these to you.<br>
<br>
May 18th    HE 12 sale to PNM <font color = gray>[</font><font color = #8833bb><b>the</b></font><font color = gray>]</font> 40 needs to be <font color = gray>[</font><font color = #8833bb><b>a</b></font><font color = gray>]</font> 45 @ $120.00<br>
May 18th    Got <font color = gray>[</font><font color = #8833bb><b>the</b></font><font color = gray>]</font> note from "you all" that HE 16 PNM Cont, they sho...<br>
[ snip! ]<br>
..., Roger will be filling in for me.<br>
<br>
Thanks,<br>
<br>
Kathy

<h1>Document 'AOMDocument#42'</h1>

Thanks for your help Bill.<br>
<br>
One little thing on th...<br>
[ snip! ]<br>
...are still adding up with the<br>
regular purchases in <font color = gray>[</font><font color = #8833bb><b>the</b></font><font color = gray>]</font> totals.<br>
<br>
Thanks,<br>
<br>
Kathy

<h1>Document 'AOMDocument#44'</h1>

Good morning Bill<br>
<br>
On 4/28 could you move the -100...<br>
[ snip! ]<br>
...or $6.00 to the top<br>
for direct bill.  Any cuts on <font color = gray>[</font><font color = #8833bb><b>the</b></font><font color = gray>]</font> PSCO deals we are keeping together.<br>
<br>
Also, today is <font color = gray>[</font><font color = #8833bb><b>the</b></font><font color = gray>]</font> end <font color = gray>[</font><font color = #8833bb><b>of</b></font><font color = gray>]</font> <font color = gray>[</font><font color = #8833bb><b>the</b></font><font color = gray>]</font> month.  I will probably be checking out with<br>
Amy ...<br>
[ snip! ]<br>
... all the<br>
models corrected by then.<br>
<br>
Thanks,<br>
<br>
Kathy

<h1>Document 'AOMDocument#46'</h1>

Hi Bill,<br>
<br>
When you get a chance can you correct th...<br>
[ snip! ]<br>
... be @ $250.00<br>
HE 15 sale to CISO/Powerx should be <font color = gray>[</font><font color = #8833bb><b>a</b></font><font color = gray>]</font> 0 MWH (Cut at top <font color = gray>[</font><font color = #8833bb><b>of</b></font><font color = gray>]</font> hour)<br>
HE 11 and 12 sale to CISO/Powerx 25 MWH's s...<br>
[ snip! ]<br>
... Prices are $350.00 and $520.00???<br>
<br>
Thanks,<br>
<br>
Kathy

<h1>Document 'AOMDocument#47'</h1>

Hi Bill,<br>
<br>
I just got back in the office today and ...<br>
[ snip! ]<br>
...ays.  Just one<br>
little formula problem so far...on <font color = gray>[</font><font color = #8833bb><b>the</b></font><font color = gray>]</font> 20th <font color = gray>[</font><font color = #8833bb><b>the</b></font><font color = gray>]</font> Ancillary Services are not<br>
adding up on <font color = gray>[</font><font color = #8833bb><b>the</b></font><font color = gray>]</font> bottom.<br>
<br>
Thanks,<br>
<br>
Kathy

<h1>Document 'AOMDocument#49'</h1>

Hi Bill,<br>
<br>
On yesterday's...HE16 from SRP should be...<br>
[ snip! ]<br>
...-65 not -16.  Also the ancillary<br>
is not adding up <font color = gray>[</font><font color = #8833bb><b>the</b></font><font color = gray>]</font> bottom.<br>
<br>
Thanks,<br>
<br>
Kathy

<h1>Document 'AOMDocument#50'</h1>

Hi Bill,<br>
<br>
Just a couple of things on these models....<br>
[ snip! ]<br>
... 11MWH.  Tony talked to Mark<br>
about this.<br>
<br>
On 4/18 <font color = gray>[</font><font color = #8833bb><b>the</b></font><font color = gray>]</font> ancillary are not adding up at <font color = gray>[</font><font color = #8833bb><b>the</b></font><font color = gray>]</font> bottom.<br>
<br>
When you get a chance, just re-email them to me.<br>
<br>
Thanks,<br>
<br>
Kathy

<h1>Document 'AOMDocument#51'</h1>

BUSINESS HIGHLIGHTS<br>
<br>
Enron Industrial Markets<br>
Meta...<br>
[ snip! ]<br>
...nd Steel Awards for 2000<br>
Pushiest Entrant: Enron, <font color = gray>[</font><font color = #8833bb><b>the</b></font><font color = gray>]</font> US commodity trading company, which promised it would revolutionize <font color = gray>[</font><font color = #8833bb><b>the</b></font><font color = gray>]</font> steel business by offering futures in hot rolled ...<br>
[ snip! ]<br>
...for internal use only and should not be disclosed.

<h1>Document 'AOMDocument#52'</h1>

Enron is proud to be a Charity Partner Sponsor for...<br>
[ snip! ]<br>
...2001 Shell Houston Open being held April 16-22 on <font color = gray>[</font><font color = #8833bb><b>the</b></font><font color = gray>]</font> Tournament Players Course at <font color = gray>[</font><font color = #8833bb><b>The</b></font><font color = gray>]</font> Woodlands.  <font color = gray>[</font><font color = #8833bb><b>The</b></font><font color = gray>]</font> Shell Houston Open ranks No. 2 among PGA TOUR tou...<br>
[ snip! ]<br>
...tp://home.enron.com:84/messaging/shelldescript.doc

<h1>Document 'AOMDocument#53'</h1>

Read about the two new FERC Commissioners.<br>
<br>
Also i...<br>
[ snip! ]<br>
...e smiles on Enron<br>
Annuity effects -- what's that?<br>
<font color = gray>[</font><font color = #8833bb><b>The</b></font><font color = gray>]</font> U.K. gets new energy rules<br>
<br>
It's all in the lates...<br>
[ snip! ]<br>
...ations, then click eBiz and "eBiz April 13, 2001."

<h1>Document 'AOMDocument#54'</h1>

To further the process of reaching the stated obje...<br>
[ snip! ]<br>
...rn on Invested Capital, we have decided to create <font color = gray>[</font><font color = #8833bb><b>a</b></font><font color = gray>]</font> Capital Book. <font color = gray>[</font><font color = #8833bb><b>The</b></font><font color = gray>]</font> Capital Book will have no profit target associate...<br>
[ snip! ]<br>
...to:<br>
Joe Deffner		853-7117<br>
Alan Quaintance	345-7731

<h1>Document 'AOMDocument#59'</h1>

Hello all!<br>
<br>
Thanks again to everyone who participa...<br>
[ snip! ]<br>
... Elves Event! We were able to provide each family <font color = gray>[</font><font color = #8833bb><b>a</b></font><font color = gray>]</font> number <font color = gray>[</font><font color = #8833bb><b>of</b></font><font color = gray>]</font> gifts for <font color = gray>[</font><font color = #8833bb><b>the</b></font><font color = gray>]</font> children as well as <font color = gray>[</font><font color = #8833bb><b>a</b></font><font color = gray>]</font> gift certificate to Fred Meyer.<br>
<br>
We will be holdi...<br>
[ snip! ]<br>
...Team<br>
<br>
------------------<br>
Grace, x8321<br>
Julie, x7404

<h1>Document 'AOMDocument#62'</h1>

They have restored the link on eHRonline to view y...<br>
[ snip! ]<br>
...lease see below for instructions on how to access <font color = gray>[</font><font color = #8833bb><b>the</b></font><font color = gray>]</font> system.<br>
<br>
If you have any questions, please let me know!<br>
<br>
Thanks,<br>
Grace<br>
x8321<br>


<h1>Document 'AOMDocument#63'</h1>

I believe CPE stands for "Continuing Professional ...<br>
[ snip! ]<br>
...ly, some certifications (CPA, CFA, Legal) require <font color = gray>[</font><font color = #8833bb><b>a</b></font><font color = gray>]</font> person to complete <font color = gray>[</font><font color = #8833bb><b>a</b></font><font color = gray>]</font> minimum number <font color = gray>[</font><font color = #8833bb><b>of</b></font><font color = gray>]</font> training hours to keep <font color = gray>[</font><font color = #8833bb><b>the</b></font><font color = gray>]</font> certification current. A CPE hour goes toward filling that requirement.<br>
<br>
-Grace<br>


<h1>Document 'AOMDocument#67'</h1>

If you are unable to login to the Open Enrollment ...<br>
[ snip! ]<br>
...ite online, you have another option:<br>
<br>
Please call <font color = gray>[</font><font color = #8833bb><b>the</b></font><font color = gray>]</font> Benefits Center directly at 800.332.7979.<br>
Select option "5"<br>
Enter <font color = gray>[</font><font color = #8833bb><b>the</b></font><font color = gray>]</font> company number on your benefits worksheet (for mo...<br>
[ snip! ]<br>
...:00pm to make your elections!<br>
<br>
Thanks,<br>
Grace<br>
x8321

<h1>Document 'AOMDocument#69'</h1>

Howdy all!<br>
<br>
Just a reminder that you are invited t...<br>
[ snip! ]<br>
...ssociate/Analyst Happy Hour we will be hosting at <font color = gray>[</font><font color = #8833bb><b>the</b></font><font color = gray>]</font> Heathman Hotel on Friday, November 9th (4:30pm-6:...<br>
[ snip! ]<br>
...! :o)<br>
<br>
Enjoy the rest of your week!<br>
<br>
-Grace<br>
x8321<br>


<h1>Document 'AOMDocument#71'</h1>

The World Trade Center has made arrangements with ...<br>
[ snip! ]<br>
... Total Fitness to offer discounts to WTC tenants. <font color = gray>[</font><font color = #8833bb><b>The</b></font><font color = gray>]</font> current promotion includes 2 weeks <font color = gray>[</font><font color = #8833bb><b>of</b></font><font color = gray>]</font> free visits and an 8-day guest pass. If you are i...<br>
[ snip! ]<br>
... Picture (Metafile)&gt;<br>
&lt;Embedded Picture (Metafile)&gt;

<h1>Document 'AOMDocument#72'</h1>

Howdy all!<br>
<br>
There is still room available in the T...<br>
[ snip! ]<br>
...erested in attending, please let me know by close <font color = gray>[</font><font color = #8833bb><b>of</b></font><font color = gray>]</font> business Friday, November 2nd. See below for cour...<br>
[ snip! ]<br>
...ns.<br>
Summary of US and Western electricity systems.

<h1>Document 'AOMDocument#74'</h1>

Please note that Chris Calger is in a meeting with...<br>
[ snip! ]<br>
...ing has been moved to Mt. St. Helens<br>
<br>
(located in <font color = gray>[</font><font color = #8833bb><b>the</b></font><font color = gray>]</font> NE corner <font color = gray>[</font><font color = #8833bb><b>of</b></font><font color = gray>]</font> <font color = gray>[</font><font color = #8833bb><b>the</b></font><font color = gray>]</font> office, behind the Volume Management group).

<h1>Document 'AOMDocument#75'</h1>

HR is wishing you a Happy Friday!<br>
<br>
We've got some ...<br>
[ snip! ]<br>
...ur desk area...<br>
<br>
Stop by to say "hello" (and grab <font color = gray>[</font><font color = #8833bb><b>a</b></font><font color = gray>]</font> chipper)!

<h1>Document 'AOMDocument#79'</h1>

We are pleased to announce the arrival of Kara Aus...<br>
[ snip! ]<br>
...es to us from EBS-Portland, where she worked with <font color = gray>[</font><font color = #8833bb><b>the</b></font><font color = gray>]</font> Optical Engineering group. Prior to working at En...<br>
[ snip! ]<br>
...on Team.<br>
<br>
Please join us in welcoming Kara to ENA!

<h1>Document 'AOMDocument#80'</h1>

Howdy all!<br>
<br>
We currently have an opening in the Re...<br>
[ snip! ]<br>
...questions about this position, please see Bill at <font color = gray>[</font><font color = #8833bb><b>the</b></font><font color = gray>]</font> Real Time Desk. <font color = gray>[</font><font color = #8833bb><b>A</b></font><font color = gray>]</font> list of responsibilities and candidate requiremen...<br>
[ snip! ]<br>
...ays and weekends.<br>
Self-motivated.<br>
Detail oriented.

<h1>Document 'AOMDocument#82'</h1>

This information was sent by Tim Belden and Chris ...<br>
[ snip! ]<br>
...er earlier in the year. I am sending it again for <font color = gray>[</font><font color = #8833bb><b>the</b></font><font color = gray>]</font> benefit <font color = gray>[</font><font color = #8833bb><b>of</b></font><font color = gray>]</font> our new hires and as <font color = gray>[</font><font color = #8833bb><b>a</b></font><font color = gray>]</font> reminder to be responsible while enjoying this ev...<br>
[ snip! ]<br>
...he event--no questions asked.<br>
<br>
Thanks,<br>
Grace<br>
x8321

<h1>Document 'AOMDocument#83'</h1>

Here is the G&amp;A Expense worksheet to use as a guid...<br>
[ snip! ]<br>
...notes into your assumptions as I could find.  For <font color = gray>[</font><font color = #8833bb><b>the</b></font><font color = gray>]</font> 2002 plan, I already input salaries adjusted for ...<br>
[ snip! ]<br>
...t me know.<br>
<br>
<br>
<br>
<br>
<br>
<br>
Thanks,<br>
David Vandor<br>
713-853-6306

<h1>Document 'AOMDocument#84'</h1>

Hello all!<br>
<br>
FYI: There are still a few spaces left...<br>
[ snip! ]<br>
...se on Friday/Saturday. Those who have attended in <font color = gray>[</font><font color = #8833bb><b>the</b></font><font color = gray>]</font> past have given <font color = gray>[</font><font color = #8833bb><b>the</b></font><font color = gray>]</font> course great reviews, so if you are interested in...<br>
[ snip! ]<br>
... participants on Wednesday.<br>
<br>
Thanks!<br>
Grace<br>
x8321<br>
<br>


<h1>Document 'AOMDocument#85'</h1>

Hello all!<br>
<br>
As you are aware, Houston is asking al...<br>
[ snip! ]<br>
...e part, please keep in mind that we will be doing <font color = gray>[</font><font color = #8833bb><b>a</b></font><font color = gray>]</font> Portland United Way Campaign to benefit our local...<br>
[ snip! ]<br>
...estions, please let me know.<br>
<br>
Regards,<br>
Grace<br>
x8321

<h1>Document 'AOMDocument#87'</h1>

Lisa Gang is interviewing for the Services Desk po...<br>
[ snip! ]<br>
...tion in El Paso Scheduling. I will provide a copy <font color = gray>[</font><font color = #8833bb><b>of</b></font><font color = gray>]</font> her resume to <font color = gray>[</font><font color = #8833bb><b>the</b></font><font color = gray>]</font> interviews for review. Please see below for inter...<br>
[ snip! ]<br>
...tes. Please let me know if you have any questions.

<h1>Document 'AOMDocument#88'</h1>

Bill: I've checked the information for the WSU Stu...<br>
[ snip! ]<br>
...keting meeting on 9/26, and it will take place at <font color = gray>[</font><font color = #8833bb><b>the</b></font><font color = gray>]</font> WSU campus (so: no driving to Lacey, WA!). I have not yet heard back from <font color = gray>[</font><font color = #8833bb><b>the</b></font><font color = gray>]</font> president of the organization, but will let you k...<br>
[ snip! ]<br>
...t morning? I'll follow-up with you later.<br>
<br>
-Grace<br>


<h1>Document 'AOMDocument#89'</h1>

Hello!<br>
<br>
You have been selected to represent Enron-...<br>
[ snip! ]<br>
...ir this fall or early winter. Below you will find <font color = gray>[</font><font color = #8833bb><b>the</b></font><font color = gray>]</font> school and date <font color = gray>[</font><font color = #8833bb><b>of</b></font><font color = gray>]</font> <font color = gray>[</font><font color = #8833bb><b>the</b></font><font color = gray>]</font> career fair you are asked to attend. Could you ch...<br>
[ snip! ]<br>
...f Washington		N/A		N/A (same day as UC Davis Fair)

<h1>Document 'AOMDocument#90'</h1>

We are pleased to announce a new addition to the P...<br>
[ snip! ]<br>
...land West Desk:<br>
<br>
Darin Presto has recently joined <font color = gray>[</font><font color = #8833bb><b>the</b></font><font color = gray>]</font> Real Time Trading Group.<br>
<br>
Prior to working at Enron, Darin was <font color = gray>[</font><font color = #8833bb><b>a</b></font><font color = gray>]</font> Biology teacher in Richland, Washington. He is a ...<br>
[ snip! ]<br>
...join us in welcoming Darin to our Portland office!

<h1>Document 'AOMDocument#93'</h1>

We are happy to announce the arrival of several ne...<br>
[ snip! ]<br>
...ortland office!<br>
<br>
Serena Bishop began working with <font color = gray>[</font><font color = #8833bb><b>the</b></font><font color = gray>]</font> Short Term California Desk late last week.<br>
She is <font color = gray>[</font><font color = #8833bb><b>a</b></font><font color = gray>]</font> '01 graduate from the University of Portland, wit...<br>
[ snip! ]<br>
...land office!<br>
We look forward to working with them!

<h1>Document 'AOMDocument#94'</h1>

Join us in welcoming ENA's new employees to the Po...<br>
[ snip! ]<br>
...ill be meeting at 6:00pm in the Hawthorne Room at <font color = gray>[</font><font color = #8833bb><b>the</b></font><font color = gray>]</font> Heathman Hotel. Hors d'oeuvres will be available,...<br>
[ snip! ]<br>
... forward to seeing you there!<br>
<br>
Thanks,<br>
Grace<br>
x8321

<h1>Document 'AOMDocument#95'</h1>

Ryan Slinger and Geir Solberg are interviewing for...<br>
[ snip! ]<br>
...n West Hourly EnronOnline Trading. I will provide <font color = gray>[</font><font color = #8833bb><b>a</b></font><font color = gray>]</font> copies <font color = gray>[</font><font color = #8833bb><b>of</b></font><font color = gray>]</font> their resumes to <font color = gray>[</font><font color = #8833bb><b>the</b></font><font color = gray>]</font> interviewers for review. Please see below for int...<br>
[ snip! ]<br>
... me know if you have any questions.<br>
<br>
Thanks,<br>
Grace

<h1>Document 'AOMDocument#97'</h1>

Bill -<br>
<br>
Here is the info that you requested.<br>
<br>
Geir...<br>
[ snip! ]<br>
...000<br>
Bert	$46,000<br>
Leaf	$50,000<br>
<br>
No other changes!<br>
<br>
<font color = gray>[</font><font color = #8833bb><b>A</b></font><font color = gray>]</font>

<h1>Document 'AOMDocument#98'</h1>

As I will be out of the office all day tomorrow, p...<br>
[ snip! ]<br>
...e any questions. Mike has been instructed to call <font color = gray>[</font><font color = #8833bb><b>the</b></font><font color = gray>]</font> receptionist for an escort to <font color = gray>[</font><font color = #8833bb><b>the</b></font><font color = gray>]</font> floor.<br>
<br>
Thanks,<br>
Grace<br>


<h1>Document 'AOMDocument#103'</h1>

Will you be attending the New Hire Dinner<br>
6pm on A...<br>
[ snip! ]<br>
...ur meal preference (beef, chicken, veggie)!)<br>
<br>
*To <font color = gray>[</font><font color = #8833bb><b>the</b></font><font color = gray>]</font> new analysts/associates: Your invitations were ma...<br>
[ snip! ]<br>
...d in our files.<br>
<br>
&lt;Embedded Microsoft Clip Gallery&gt;

<h1>Document 'AOMDocument#104'</h1>

Jake Arnold is scheduled to interview for the Real...<br>
[ snip! ]<br>
...e position today, at 9am in Mt. Adams. Please see <font color = gray>[</font><font color = #8833bb><b>the</b></font><font color = gray>]</font> schedule below for more information:<br>
<br>
9:00am - Am...<br>
[ snip! ]<br>
...e any questions, let me know!<br>
<br>
Thanks,<br>
Grace<br>
x8321

<h1>Document 'AOMDocument#105'</h1>

Hello!<br>
<br>
You have been selected to interview Real T...<br>
[ snip! ]<br>
...nterview will be about 45 minutes in length, with <font color = gray>[</font><font color = #8833bb><b>the</b></font><font color = gray>]</font> last interview ending at around 5:30pm at the lat...<br>
[ snip! ]<br>
...terview (both do not need to interview, per Bill).

<h1>Document 'AOMDocument#109'</h1>

We have a new addition to the Portland West Desk:<br>
...<br>
[ snip! ]<br>
...Group.<br>
<br>
Prior to working at Enron, John worked as <font color = gray>[</font><font color = #8833bb><b>a</b></font><font color = gray>]</font> Registered Assistant with KMS Financial Services,...<br>
[ snip! ]<br>
... join us in welcoming John to our Portland office!

<h1>Document 'AOMDocument#110'</h1>

Justin Bates is returning for a second round of in...<br>
[ snip! ]<br>
...views for a position in Real Time. I will provide <font color = gray>[</font><font color = #8833bb><b>a</b></font><font color = gray>]</font> copy <font color = gray>[</font><font color = #8833bb><b>of</b></font><font color = gray>]</font> his resume to <font color = gray>[</font><font color = #8833bb><b>the</b></font><font color = gray>]</font> interviews for review. Please see below for inter...<br>
[ snip! ]<br>
...w if you have any questions.<br>
<br>
Regards,<br>
Grace<br>
x8321

<h1>Document 'AOMDocument#114'</h1>

Jacob Arnold will talk with Bill Williams III in a...<br>
[ snip! ]<br>
...h, at 10:00am. He can be reached at 541.354.2616. <font color = gray>[</font><font color = #8833bb><b>A</b></font><font color = gray>]</font> copy <font color = gray>[</font><font color = #8833bb><b>of</b></font><font color = gray>]</font> <font color = gray>[</font><font color = #8833bb><b>the</b></font><font color = gray>]</font> resume has been provided.<br>
<br>
Let me know if you have any questions.<br>
<br>
Thanks,<br>
Grace

<h1>Document 'AOMDocument#115'</h1>

You have been selected to interview Real Time cand...<br>
[ snip! ]<br>
...l be returning to the office for his second round <font color = gray>[</font><font color = #8833bb><b>of</b></font><font color = gray>]</font> interviews and has indicated that early morning i...<br>
[ snip! ]<br>
...any questions, let me know!<br>
<br>
Thanks,<br>
Grace<br>
x8321<br>
<br>


<h1>Document 'AOMDocument#120'</h1>

Hello all! Hope you had a good 4th!<br>
<br>
Just a remind...<br>
[ snip! ]<br>
...hat Ted Bland, Director of Career Development for <font color = gray>[</font><font color = #8833bb><b>the</b></font><font color = gray>]</font> Associate/Analyst Program, will be in <font color = gray>[</font><font color = #8833bb><b>the</b></font><font color = gray>]</font> Mt. Hood conference room at 11:00am today to disc...<br>
[ snip! ]<br>
...ou have any questions!<br>
<br>
Thanks,<br>
Grace<br>
503.464.8321

<h1>Document 'AOMDocument#126'</h1>

Jerald Surface will be in Portland (from Houston) ...<br>
[ snip! ]<br>
...rview for a position in Real Time. I will provide <font color = gray>[</font><font color = #8833bb><b>a</b></font><font color = gray>]</font> copy <font color = gray>[</font><font color = #8833bb><b>of</b></font><font color = gray>]</font> his resume to his interviews for review. See belo...<br>
[ snip! ]<br>
...ow if you have any questions.<br>
<br>
Thanks,<br>
Grace<br>
x8321

<h1>Document 'AOMDocument#127'</h1>

JUST A REMINDER:<br>
<br>
Ken Guernsey will be coming in t...<br>
[ snip! ]<br>
...ition in the IT Development group. I will provide <font color = gray>[</font><font color = #8833bb><b>a</b></font><font color = gray>]</font> copy <font color = gray>[</font><font color = #8833bb><b>of</b></font><font color = gray>]</font> his resume for review.  <font color = gray>[</font><font color = #8833bb><b>The</b></font><font color = gray>]</font> Mt. Rainier conference room has been reserved.<br>
<br>
K...<br>
[ snip! ]<br>
...uestions, please let me know!<br>
<br>
Thanks,<br>
Grace<br>
x8321

<h1>Document 'AOMDocument#128'</h1>

Justin Bates will be coming in next Friday, July 6...<br>
[ snip! ]<br>
... a position in Real Time. I have already provided <font color = gray>[</font><font color = #8833bb><b>a</b></font><font color = gray>]</font> copy <font color = gray>[</font><font color = #8833bb><b>of</b></font><font color = gray>]</font> his resume for <font color = gray>[</font><font color = #8833bb><b>the</b></font><font color = gray>]</font> phone interview; please let me know if an additio...<br>
[ snip! ]<br>
... any questions, please let me know.<br>
<br>
Thanks,<br>
Grace

<h1>Document 'AOMDocument#130'</h1>

Chris Kim and Justin Bates are interviewing for a ...<br>
[ snip! ]<br>
...tion in Real Time. I have already provided copies <font color = gray>[</font><font color = #8833bb><b>of</b></font><font color = gray>]</font> their resumes for review.  Mt. Rainier has been r...<br>
[ snip! ]<br>
...9)<br>
<br>
If you have any questions, please let me know.

<h1>Document 'AOMDocument#131'</h1>

We are pleased to announce another addition (trans...<br>
[ snip! ]<br>
...rtland West Desk:<br>
<br>
Kate Symes has recently joined <font color = gray>[</font><font color = #8833bb><b>the</b></font><font color = gray>]</font> Real Time group as Trading Support (effective las...<br>
[ snip! ]<br>
... us in congratulating Kate on her new opportunity!

<h1>Document 'AOMDocument#132'</h1>

We are please to announce the addition of John Pos...<br>
[ snip! ]<br>
...and Risk Management.<br>
<br>
John transferred to us from <font color = gray>[</font><font color = #8833bb><b>the</b></font><font color = gray>]</font> Calgary office, where he worked to set up <font color = gray>[</font><font color = #8833bb><b>the</b></font><font color = gray>]</font> Risk Desk for Alberta Power. Prior to his work in...<br>
[ snip! ]<br>
... join us in welcoming John to our Portland office!

<h1>Document 'AOMDocument#133'</h1>

Please note:<br>
<br>
The deadline for all PEP feedback ha...<br>
[ snip! ]<br>
...  E X T E N D E D  to Monday at noon (yes, that's <font color = gray>[</font><font color = #8833bb><b>a</b></font><font color = gray>]</font> holiday)!<br>
<br>
If you have any questions, please let me or Amy know.<br>
<br>
Thanks,<br>
Grace

<h1>Document 'AOMDocument#134'</h1>

We have another new addition to the Portland West ...<br>
[ snip! ]<br>
...as recently joined the Real-Time Trading group as <font color = gray>[</font><font color = #8833bb><b>a</b></font><font color = gray>]</font> summer associate.<br>
<br>
Todd received his BA in Agricultural Economics from Texas <font color = gray>[</font><font color = #8833bb><b>A</b></font><font color = gray>]</font>&amp;M University, where he is currently working towar...<br>
[ snip! ]<br>
...nter.<br>
<br>
Please welcome Todd to our Portland office!

<h1>Document 'AOMDocument#135'</h1>

Amy:<br>
<br>
Please review.<br>
<br>
Thanks,<br>
Grace<br>
<br>
=============...<br>
[ snip! ]<br>
...rtland West Desk:<br>
<br>
Todd Bland has recently joined <font color = gray>[</font><font color = #8833bb><b>the</b></font><font color = gray>]</font> Real-Time Trading group as <font color = gray>[</font><font color = #8833bb><b>a</b></font><font color = gray>]</font> summer associate.<br>
<br>
Todd received his BA in Agricu...<br>
[ snip! ]<br>
...nter.<br>
<br>
Please welcome Todd to our Portland office!

<h1>Document 'AOMDocument#136'</h1>

Hello!<br>
<br>
Amy reminded me that we will need to get n...<br>
[ snip! ]<br>
...aft something for you to review and distribute to <font color = gray>[</font><font color = #8833bb><b>the</b></font><font color = gray>]</font> floor, or if you would prefer to do it yourself. ...<br>
[ snip! ]<br>
...umes for your reference, if needed.<br>
<br>
Thanks,<br>
Grace

<h1>Document 'AOMDocument#138'</h1>

PEP ACCESS (LOGIN/PASSWORD)<br>
<br>
You will be receiving...<br>
[ snip! ]<br>
... by Monday, May 7th. See below for information on <font color = gray>[</font><font color = #8833bb><b>the</b></font><font color = gray>]</font> PEP Process.<br>
<br>
-----------------------------------...<br>
[ snip! ]<br>
...s, please see Amy or myself.<br>
<br>
Regards,<br>
Grace<br>
x8321

<h1>Document 'AOMDocument#140'</h1>

Emily Butler is scheduled for a follow-up intervie...<br>
[ snip! ]<br>
...eduling Admin Support position. I will distribute <font color = gray>[</font><font color = #8833bb><b>a</b></font><font color = gray>]</font> copy <font color = gray>[</font><font color = #8833bb><b>of</b></font><font color = gray>]</font> her resume for your review.<br>
<br>
Please note <font color = gray>[</font><font color = #8833bb><b>the</b></font><font color = gray>]</font> schedule for Friday's interview:<br>
<br>
Emily Butler (M...<br>
[ snip! ]<br>
...ns, please let me know. I can be reached at x8321.

<h1>Document 'AOMDocument#144'</h1>

There is a position available in Deal Control, rep...<br>
[ snip! ]<br>
...applying, please contact Amy FitzPatrick by close <font color = gray>[</font><font color = #8833bb><b>of</b></font><font color = gray>]</font> business Friday, May 4, 2001.<br>
<br>
Following is a sum...<br>
[ snip! ]<br>
...egarding this role, please see either Jeff or Amy.

<h1>Document 'AOMDocument#146'</h1>

Catherine Wright is returning for a follow-up inte...<br>
[ snip! ]<br>
...ion on Tuesday (tomorrow). I will be distributing <font color = gray>[</font><font color = #8833bb><b>a</b></font><font color = gray>]</font> copy <font color = gray>[</font><font color = #8833bb><b>of</b></font><font color = gray>]</font> her resume to <font color = gray>[</font><font color = #8833bb><b>the</b></font><font color = gray>]</font> interviewers for review.<br>
<br>
Please note the schedul...<br>
[ snip! ]<br>
...ns, please let me know. I can be reached at x8321.

<h1>Document 'AOMDocument#148'</h1>

Jill Chatterton is returning for a follow-up inter...<br>
[ snip! ]<br>
...cheduling Admin Support position. I have attached <font color = gray>[</font><font color = #8833bb><b>a</b></font><font color = gray>]</font> copy <font color = gray>[</font><font color = #8833bb><b>of</b></font><font color = gray>]</font> her resume for your review.<br>
<br>
Please note <font color = gray>[</font><font color = #8833bb><b>the</b></font><font color = gray>]</font> schedule for Wednesday's interview:<br>
<br>
Jill Chatter...<br>
[ snip! ]<br>
...me know. I can be reached at x8321.<br>
<br>
Thanks,<br>
Grace

<h1>Document 'AOMDocument#150'</h1>

Hello!<br>
<br>
Just a reminder that Rusty Mills will be i...<br>
[ snip! ]<br>
...Analyst position today. I have distributed copies <font color = gray>[</font><font color = #8833bb><b>of</b></font><font color = gray>]</font> his resume to all interviewers. Please let me kno...<br>
[ snip! ]<br>
...me know. I can be reached at x8321.<br>
<br>
Thanks,<br>
Grace

<h1>Document 'AOMDocument#152'</h1>

Hello!<br>
<br>
Rusty Mills is interviewing for the Day Ah...<br>
[ snip! ]<br>
...ion on Monday, April 30th. I will be distributing <font color = gray>[</font><font color = #8833bb><b>a</b></font><font color = gray>]</font> copy <font color = gray>[</font><font color = #8833bb><b>of</b></font><font color = gray>]</font> his resume for your review.<br>
<br>
Please note <font color = gray>[</font><font color = #8833bb><b>the</b></font><font color = gray>]</font> schedule for Monday's interview:<br>
<br>
Russell "Rusty"...<br>
[ snip! ]<br>
...me know. I can be reached at x8321.<br>
<br>
Thanks,<br>
Grace

<h1>Document 'AOMDocument#156'</h1>

Hello all!<br>
<br>
Just a reminder that Jeff Richter is p...<br>
[ snip! ]<br>
...t. Hood to inform all interested candidates about <font color = gray>[</font><font color = #8833bb><b>the</b></font><font color = gray>]</font> Day Ahead Scheduling position. Stop by to find ou...<br>
[ snip! ]<br>
...ll begin his presentation in just a few moments.)<br>


<h1>Document 'AOMDocument#159'</h1>

Bill -<br>
<br>
Please see Jessica Burry re the training a...<br>
[ snip! ]<br>
... it and has all the details.<br>
<br>
Grace is working on <font color = gray>[</font><font color = #8833bb><b>the</b></font><font color = gray>]</font> schedule as we speak; I have replaced Geir with J...<br>
[ snip! ]<br>
...w when you might have a moment.<br>
Thanks much,<br>
<br>
Bill

<h1>Document 'AOMDocument#164'</h1>

Just a reminder about the info session for the Rea...<br>
[ snip! ]<br>
...osition, please remember to let Amy know by close <font color = gray>[</font><font color = #8833bb><b>of</b></font><font color = gray>]</font> business on Monday, April 23rd.<br>


<h1>Document 'AOMDocument#166'</h1>
</body>
</html>
