<html>
<head>
<style type="text/css">
    table.aqltups {
        background-color: lightgray;
        width: 100%;
    }
    th {
        background-color: darkslategray;
        color: white;
    }
</style>
<title>nullargs.RightContextTest.htm</title>
</head>
<body>


<h1>Document 'Unknown document'</h1>

<table class="aqltups">
<tr>
    <th>testFunc: Text</th>
    <th>onlySpanArg: Span</th>
    <th>nullCol: Null</th>
    <th>match: Span</th>
    <th>match2: Span</th>
</tr>
<tr>
   <td>'RightContext'</td>
   <td>null</td>
   <td>null</td>
   <td>null</td>
   <td>null</td>
</tr>
<tr>
   <td>'RightContext'</td>
   <td>[23-24]: 'Z'</td>
   <td>null</td>
   <td>[24-25]: '4'</td>
   <td>null</td>
</tr>
</table>
<br><br>


</body>
</html>
