<html>
<head>
<title>CommaSplit.htm</title>
</head>
<body>


<h1>Document 'AOMDocument#1'</h1>

<font color = gray>[</font><font color = #8833bb><b>This sentence contains no commas.</b></font><font color = gray>]</font>

<h1>Document 'AOMDocument#2'</h1>

<font color = gray>[</font><font color = #8833bb><b>This sentence,</b></font><font color = gray>]</font><font color = gray>[</font><font color = #8833bb><b> however,</b></font><font color = gray>]</font><font color = gray>[</font><font color = #8833bb><b> contains two commas.</b></font><font color = gray>]</font>

<h1>Document 'AOMDocument#3'</h1>

<font color = gray>[</font><font color = #8833bb><b>And furthermore,</b></font><font color = gray>]</font><font color = gray>[</font><font color = #8833bb><b> this sentence contains one comma.</b></font><font color = gray>]</font>
</body>
</html>
