<html>
<META http-equiv="Content-Type" content="text/html; charset=UTF-8">
<head>
<style type="text/css">
    table.aqltups {
        background-color: lightgray;
        width: 100%;
    }
    th {
        background-color: darkslategray;
        color: white;
    }
</style>
<title>ReMapORI.htm</title>
</head>
<body>


<h1>Document 'Empty HTML document'</h1>

<table class="aqltups">
<tr>
    <th>text: Span</th>
</tr>
<tr>
   <td>[0-0]: ''</td>
</tr>
</table>
<br><br>


<h1>Document 'Document which detag to empty string'</h1>

<table class="aqltups">
<tr>
    <th>text: Span</th>
</tr>
<tr>
   <td>[0-0]: ''</td>
</tr>
</table>
<br><br>
<font color = gray>[</font><font color = #8833bb><b></b></font><font color = gray>]</font>&lt;html&gt;&lt;head&gt;&lt;title&gt;&lt;/title&gt;&lt;title&gt;&lt;/title&gt;&lt;title&gt;&lt;/title&gt;&lt;/head&gt;&lt;/html&gt;
</body>
</html>
