<html>
<head>
<title>CountryAbbrev.htm</title>
</head>
<body>


<h1>Document 'AOMDocument#1'</h1>

&lt;content&gt;<br>
&lt;text&gt;<br>
<br>
                       <br>
    ...<br>
[ snip! ]<br>
...day, a step that probably boosts chances that the <font color = gray>[</font><font color = #8833bb><b>United<br>
States</b></font><font color = gray>]</font> will get permission to deploy troops in the count...<br>
[ snip! ]<br>
...er this month, the Turkish parliament shocked the <font color = gray>[</font><font color = #8833bb><b>United States</b></font><font color = gray>]</font><br>
by rejecting the deployment by just four votes. ...<br>
[ snip! ]<br>
... approval, which could take<br>
another week.<br>
<br>
The <font color = gray>[</font><font color = #8833bb><b>United States</b></font><font color = gray>]</font> is pressing Turkey to act quickly. Ships carrying...<br>
[ snip! ]<br>
...told<br>
a Pentagon news conference Tuesday that the <font color = gray>[</font><font color = #8833bb><b>United States</b></font><font color = gray>]</font> would<br>
``have a northern option whether or not Tu...<br>
[ snip! ]<br>
...e.<br>
<br>
The troop-basing resolution would allow the <font color = gray>[</font><font color = #8833bb><b>United States</b></font><font color = gray>]</font> to use<br>
Turkish airspace. If the resolution is no...<br>
[ snip! ]<br>
..., Erdogan said Turkey wanted assurances from the<br>
<font color = gray>[</font><font color = #8833bb><b>United States</b></font><font color = gray>]</font> on its role in Iraq.<br>
<br>
Defense Secretary Donald ...<br>
[ snip! ]<br>
...shes.<br>
<br>
Rumsfeld also said that like Turkey, the <font color = gray>[</font><font color = #8833bb><b>United States</b></font><font color = gray>]</font> doesn't want<br>
to see a breakaway state: ``Our int...<br>
[ snip! ]<br>
...o head off a brawl.<br>
<br>
<br>
<br>
<br>
&lt;/text&gt;<br>
&lt;/content&gt;<br>

</body>
</html>
