"Document label","org"
"1","IBM"
"1","Cognos"
"2","IBM"
"2","Cognos"
