<html>
<head>
<style type="text/css">
    table.aqltups {
        background-color: lightgray;
        width: 100%;
    }
    th {
        background-color: darkslategray;
        color: white;
    }
</style>
<title>Time4Follows3.htm</title>
</head>
<body>


<h1>Document 'ensample/10148'</h1>

<table class="aqltups">
<tr>
    <th>match: Span</th>
</tr>
<tr>
   <td>[1181-1193]: '13:41:35 EST'</td>
</tr>
</table>
<br><br>
<br>
<br>
<br>
&gt;From: "stanley czajkowski" &lt;sjplus5@hotmail.co...<br>
[ snip! ]<br>
...Fwd: New Virus Alert~Kim<br>
&gt;&gt;Date: Sat, 16 Feb 2002 <font color = gray>[</font><font color = #8833bb><b>13:41:35 EST</b></font><font color = gray>]</font><br>
&gt;&gt;<br>
&gt;&gt;<br>
&gt;<br>
&gt;<br>
&gt;<br>
&gt;<br>
&gt;__________________________________...<br>
[ snip! ]<br>
... Friday, February 15, 2002 11:57:27 GMT<br>
Subject: <br>


<h1>Document 'ensample/10180'</h1>

<table class="aqltups">
<tr>
    <th>match: Span</th>
</tr>
<tr>
   <td>[474-486]: '08:35:23 EST'</td>
</tr>
</table>
<br><br>
<br>
<br>
<br>
&gt;From: MMurray538@aol.com<br>
&gt;To: AJMPapa@aol.com,...<br>
[ snip! ]<br>
...t: R Rated-But I love it!<br>
&gt;Date: Sun, 27 Jan 2002 <font color = gray>[</font><font color = #8833bb><b>08:35:23 EST</b></font><font color = gray>]</font><br>
&gt;<br>
&gt;It was the first day of school and a new stude...<br>
[ snip! ]<br>
...y Banner?<br>
&lt;http://www.ravensmoon.net/banners.html&gt;
</body>
</html>
