<html>
<head>
<title>createDictIgnoreFlagContainsDictTest.NameMentions_Exact.htm</title>
</head>
<body>


<h1>Document 'dictTest.txt'</h1>

<font color = gray>[</font><font color = #8833bb><b>John</b></font><font color = gray>]</font> went to the garden. <font color = gray>[</font><font color = #8833bb><b>Martha</b></font><font color = gray>]</font> married <font color = gray>[</font><font color = #8833bb><b>John</b></font><font color = gray>]</font>.<br>
martha and <font color = gray>[</font><font color = #8833bb><b>Jane</b></font><font color = gray>]</font> were very good friends. <br>
hArRy and jane are good friends too.<br>

</body>
</html>
