<html>
<head>
<style type="text/css">
    table.aqltups {
        background-color: lightgray;
        width: 100%;
    }
    th {
        background-color: darkslategray;
        color: white;
    }
</style>
<title>SimplePattern.htm</title>
</head>
<body>


<h1>Document '1.txt'</h1>

<table class="aqltups">
<tr>
    <th>match: Span</th>
</tr>
<tr>
   <td>[8-16]: 'the test'</td>
</tr>
</table>
<br><br>
This is <font color = gray>[</font><font color = #8833bb><b>the test</b></font><font color = gray>]</font>
</body>
</html>
