<html>
<head>
<style type="text/css">
    table.aqltups {
        background-color: lightgray;
        width: 100%;
    }
    th {
        background-color: darkslategray;
        color: white;
    }
</style>
<title>module1.NotAValidPhone.htm</title>
</head>
<body>


<h1>Document 'data.txt'</h1>

<table class="aqltups">
<tr>
    <th>match: Span</th>
</tr>
<tr>
   <td>[112-123]: '123-45-6789'</td>
</tr>
</table>
<br><br>
This is a valid phone num: 123-456-7890<br>
<br>
this is...<br>
[ snip! ]<br>
...igit extension x1234<br>
<br>
this is not a valid phone <font color = gray>[</font><font color = #8833bb><b>123-45-6789</b></font><font color = gray>]</font><br>
<br>
this is not a 4 digit extension X123
</body>
</html>
