<html>
<head>
<style type="text/css">
    table.aqltups {
        background-color: lightgray;
        width: 100%;
    }
    th {
        background-color: darkslategray;
        color: white;
    }
</style>
<title>consumeImportedViewTest.PersonPhone2.htm</title>
</head>
<body>


<h1>Document '00144'</h1>

<table class="aqltups">
<tr>
    <th>match: Span</th>
</tr>
<tr>
   <td>[429-457]: 'Lorraine Smith (607)205-4493'</td>
</tr>
</table>
<br><br>
Transwestern began construction on its Gallup expa...<br>
[ snip! ]<br>
...ain.  If you <br>
have project questions, please call <font color = gray>[</font><font color = #8833bb><b>Lorraine Smith (607)205-4493</b></font><font color = gray>]</font>. When done,<br>
send to Morgan Stanley, fax: 205-4493, then call Emma, x33650.  <br>

</body>
</html>
