{
	"annotator": {
		"version": "2.0",
		"key": "Key1"
	},
	"runningTimeMS": 0,
	"documentSizeChars": 52,
	"numAnnotationsTotal": 4,
	"numAnnotationsPerType": [
		{
			"annotationType": "TestDict",
			"numAnnotations": 2
		},
		{
			"annotationType": "TestTable",
			"numAnnotations": 2
		}
	],
	"interrupted": false,
	"success": true
}