{
	"InputAnnotationCopy": [
		{
			"textCol": "First annotation",
			"spanCol": {
				"begin": 0,
				"end": 4
			},
			"intCol": 1,
			"floatCol": 1.5
		},
		{
			"textCol": "Second annotation",
			"spanCol": {
				"begin": 0,
				"end": 4,
				"docref": "url"
			},
			"intCol": 2,
			"floatCol": 2.5
		}
	]
}