<html>
<head>
<style type="text/css">
    table.aqltups {
        background-color: lightgray;
        width: 100%;
    }
    th {
        background-color: darkslategray;
        color: white;
    }
</style>
<title>nullargs.NullRSEJoinView.htm</title>
</head>
<body>


<h1>Document 'AOMDocument#1'</h1>

<table class="aqltups">
<tr>
    <th>word: Span</th>
    <th>thematch: Span</th>
</tr>
<tr>
   <td>[3-7]: 'John'</td>
   <td>[10-16]: 'Public'</td>
</tr>
<tr>
   <td>[23-27]: 'Jane'</td>
   <td>[29-32]: 'Doe'</td>
</tr>
<tr>
   <td>[70-76]: 'Jerome'</td>
   <td>[79-85]: 'Jerome'</td>
</tr>
<tr>
   <td>[90-98]: 'Benjamin'</td>
   <td>[101-107]: 'Button'</td>
</tr>
<tr>
   <td>[112-117]: 'Ginni'</td>
   <td>[120-127]: 'Rometty'</td>
</tr>
<tr>
   <td>[141-148]: 'Hussein'</td>
   <td>[149-154]: 'Obama'</td>
</tr>
</table>
<br><br>
<br>
!John,Q,<font color = gray>[</font><font color = #8833bb><b>Public</b></font><font color = gray>]</font>,52@<br>
!Jane,,<font color = gray>[</font><font color = #8833bb><b>Doe</b></font><font color = gray>]</font>,30@<br>
!,,Anonymous,25@<br>
!,,Batman,@<br>
!Jerome,K,<font color = gray>[</font><font color = #8833bb><b>Jerome</b></font><font color = gray>]</font>,@<br>
!Benjamin,F,<font color = gray>[</font><font color = #8833bb><b>Button</b></font><font color = gray>]</font>,@<br>
!Ginni,M,<font color = gray>[</font><font color = #8833bb><b>Rometty</b></font><font color = gray>]</font>,55@<br>
!Barack,Hussein,<font color = gray>[</font><font color = #8833bb><b>Obama</b></font><font color = gray>]</font>,52@<br>
!Madonna,,,47@<br>
!Borg,,,@
</body>
</html>
