<html>
<head>
<style type="text/css">
    table.aqltups {
        background-color: lightgray;
        width: 100%;
    }
    th {
        background-color: darkslategray;
        color: white;
    }
</style>
<title>ExtractRegexOf.htm</title>
</head>
<body>


<h1>Document '1.txt'</h1>

<table class="aqltups">
<tr>
    <th>aWord: Span</th>
</tr>
<tr>
   <td>[110-112]: 'of'</td>
</tr>
</table>
<br><br>
The red fox jumped over an orange fence, then over...<br>
[ snip! ]<br>
...fence, then landed right next to the chicken coop <font color = gray>[</font><font color = #8833bb><b>of</b></font><font color = gray>]</font> her aunt.
</body>
</html>
