<html>
<head>
<style type="text/css">
    table.aqltups {
        background-color: lightgray;
        width: 100%;
    }
    th {
        background-color: darkslategray;
        color: white;
    }
</style>
<title>InList.htm</title>
</head>
<body>


<h1>Document 'AOMDocument#1'</h1>

<table class="aqltups">
<tr>
    <th>match: Span</th>
    <th>t_match: Text</th>
    <th>first: Span</th>
    <th>l_match: ScalarList of Text</th>
</tr>
<tr>
   <td>[468-473]: 'condo'</td>
   <td>'condo'</td>
   <td>[340-349]: 'everytime'</td>
   <td>['condo', 'the', 'the', 'the', 'everytime', 'the', 'The']</td>
</tr>
<tr>
   <td>[591-594]: 'the'</td>
   <td>'the'</td>
   <td>[340-349]: 'everytime'</td>
   <td>['condo', 'the', 'the', 'the', 'everytime', 'the', 'The']</td>
</tr>
<tr>
   <td>[591-594]: 'the'</td>
   <td>'the'</td>
   <td>[468-473]: 'condo'</td>
   <td>['the', 'the', 'the', 'everytime', 'the', 'The']</td>
</tr>
<tr>
   <td>[591-594]: 'the'</td>
   <td>'the'</td>
   <td>[591-594]: 'the'</td>
   <td>['the', 'the', 'everytime', 'the', 'The']</td>
</tr>
<tr>
   <td>[591-594]: 'the'</td>
   <td>'the'</td>
   <td>[626-629]: 'the'</td>
   <td>['the', 'everytime', 'the', 'The']</td>
</tr>
<tr>
   <td>[591-594]: 'the'</td>
   <td>'the'</td>
   <td>[866-869]: 'the'</td>
   <td>['everytime', 'the', 'The', 'the']</td>
</tr>
<tr>
   <td>[591-594]: 'the'</td>
   <td>'the'</td>
   <td>[1080-1089]: 'everytime'</td>
   <td>['the', 'The', 'the', 'the', 'the']</td>
</tr>
<tr>
   <td>[591-594]: 'the'</td>
   <td>'the'</td>
   <td>[1154-1157]: 'the'</td>
   <td>['The', 'the', 'the', 'the', 'the', 'the']</td>
</tr>
<tr>
   <td>[591-594]: 'the'</td>
   <td>'the'</td>
   <td>[1212-1215]: 'The'</td>
   <td>['the', 'the', 'the', 'the', 'the']</td>
</tr>
<tr>
   <td>[591-594]: 'the'</td>
   <td>'the'</td>
   <td>[1524-1527]: 'the'</td>
   <td>['the', 'the', 'the', 'the']</td>
</tr>
<tr>
   <td>[591-594]: 'the'</td>
   <td>'the'</td>
   <td>[1883-1886]: 'the'</td>
   <td>['the', 'the', 'the', 'The', 'the', 'the']</td>
</tr>
<tr>
   <td>[591-594]: 'the'</td>
   <td>'the'</td>
   <td>[1905-1908]: 'the'</td>
   <td>['the', 'the', 'The', 'the', 'the']</td>
</tr>
<tr>
   <td>[591-594]: 'the'</td>
   <td>'the'</td>
   <td>[1955-1958]: 'the'</td>
   <td>['the', 'The', 'the', 'the']</td>
</tr>
<tr>
   <td>[591-594]: 'the'</td>
   <td>'the'</td>
   <td>[1995-1998]: 'the'</td>
   <td>['The', 'the', 'the']</td>
</tr>
<tr>
   <td>[591-594]: 'the'</td>
   <td>'the'</td>
   <td>[2474-2477]: 'The'</td>
   <td>['the', 'the']</td>
</tr>
<tr>
   <td>[591-594]: 'the'</td>
   <td>'the'</td>
   <td>[2524-2527]: 'the'</td>
   <td>['the']</td>
</tr>
<tr>
   <td>[626-629]: 'the'</td>
   <td>'the'</td>
   <td>[340-349]: 'everytime'</td>
   <td>['condo', 'the', 'the', 'the', 'everytime', 'the', 'The']</td>
</tr>
<tr>
   <td>[626-629]: 'the'</td>
   <td>'the'</td>
   <td>[468-473]: 'condo'</td>
   <td>['the', 'the', 'the', 'everytime', 'the', 'The']</td>
</tr>
<tr>
   <td>[626-629]: 'the'</td>
   <td>'the'</td>
   <td>[591-594]: 'the'</td>
   <td>['the', 'the', 'everytime', 'the', 'The']</td>
</tr>
<tr>
   <td>[626-629]: 'the'</td>
   <td>'the'</td>
   <td>[626-629]: 'the'</td>
   <td>['the', 'everytime', 'the', 'The']</td>
</tr>
<tr>
   <td>[626-629]: 'the'</td>
   <td>'the'</td>
   <td>[866-869]: 'the'</td>
   <td>['everytime', 'the', 'The', 'the']</td>
</tr>
<tr>
   <td>[626-629]: 'the'</td>
   <td>'the'</td>
   <td>[1080-1089]: 'everytime'</td>
   <td>['the', 'The', 'the', 'the', 'the']</td>
</tr>
<tr>
   <td>[626-629]: 'the'</td>
   <td>'the'</td>
   <td>[1154-1157]: 'the'</td>
   <td>['The', 'the', 'the', 'the', 'the', 'the']</td>
</tr>
<tr>
   <td>[626-629]: 'the'</td>
   <td>'the'</td>
   <td>[1212-1215]: 'The'</td>
   <td>['the', 'the', 'the', 'the', 'the']</td>
</tr>
<tr>
   <td>[626-629]: 'the'</td>
   <td>'the'</td>
   <td>[1524-1527]: 'the'</td>
   <td>['the', 'the', 'the', 'the']</td>
</tr>
<tr>
   <td>[626-629]: 'the'</td>
   <td>'the'</td>
   <td>[1883-1886]: 'the'</td>
   <td>['the', 'the', 'the', 'The', 'the', 'the']</td>
</tr>
<tr>
   <td>[626-629]: 'the'</td>
   <td>'the'</td>
   <td>[1905-1908]: 'the'</td>
   <td>['the', 'the', 'The', 'the', 'the']</td>
</tr>
<tr>
   <td>[626-629]: 'the'</td>
   <td>'the'</td>
   <td>[1955-1958]: 'the'</td>
   <td>['the', 'The', 'the', 'the']</td>
</tr>
<tr>
   <td>[626-629]: 'the'</td>
   <td>'the'</td>
   <td>[1995-1998]: 'the'</td>
   <td>['The', 'the', 'the']</td>
</tr>
<tr>
   <td>[626-629]: 'the'</td>
   <td>'the'</td>
   <td>[2474-2477]: 'The'</td>
   <td>['the', 'the']</td>
</tr>
<tr>
   <td>[626-629]: 'the'</td>
   <td>'the'</td>
   <td>[2524-2527]: 'the'</td>
   <td>['the']</td>
</tr>
<tr>
   <td>[866-869]: 'the'</td>
   <td>'the'</td>
   <td>[340-349]: 'everytime'</td>
   <td>['condo', 'the', 'the', 'the', 'everytime', 'the', 'The']</td>
</tr>
<tr>
   <td>[866-869]: 'the'</td>
   <td>'the'</td>
   <td>[468-473]: 'condo'</td>
   <td>['the', 'the', 'the', 'everytime', 'the', 'The']</td>
</tr>
<tr>
   <td>[866-869]: 'the'</td>
   <td>'the'</td>
   <td>[591-594]: 'the'</td>
   <td>['the', 'the', 'everytime', 'the', 'The']</td>
</tr>
<tr>
   <td>[866-869]: 'the'</td>
   <td>'the'</td>
   <td>[626-629]: 'the'</td>
   <td>['the', 'everytime', 'the', 'The']</td>
</tr>
<tr>
   <td>[866-869]: 'the'</td>
   <td>'the'</td>
   <td>[866-869]: 'the'</td>
   <td>['everytime', 'the', 'The', 'the']</td>
</tr>
<tr>
   <td>[866-869]: 'the'</td>
   <td>'the'</td>
   <td>[1080-1089]: 'everytime'</td>
   <td>['the', 'The', 'the', 'the', 'the']</td>
</tr>
<tr>
   <td>[866-869]: 'the'</td>
   <td>'the'</td>
   <td>[1154-1157]: 'the'</td>
   <td>['The', 'the', 'the', 'the', 'the', 'the']</td>
</tr>
<tr>
   <td>[866-869]: 'the'</td>
   <td>'the'</td>
   <td>[1212-1215]: 'The'</td>
   <td>['the', 'the', 'the', 'the', 'the']</td>
</tr>
<tr>
   <td>[866-869]: 'the'</td>
   <td>'the'</td>
   <td>[1524-1527]: 'the'</td>
   <td>['the', 'the', 'the', 'the']</td>
</tr>
<tr>
   <td>[866-869]: 'the'</td>
   <td>'the'</td>
   <td>[1883-1886]: 'the'</td>
   <td>['the', 'the', 'the', 'The', 'the', 'the']</td>
</tr>
<tr>
   <td>[866-869]: 'the'</td>
   <td>'the'</td>
   <td>[1905-1908]: 'the'</td>
   <td>['the', 'the', 'The', 'the', 'the']</td>
</tr>
<tr>
   <td>[866-869]: 'the'</td>
   <td>'the'</td>
   <td>[1955-1958]: 'the'</td>
   <td>['the', 'The', 'the', 'the']</td>
</tr>
<tr>
   <td>[866-869]: 'the'</td>
   <td>'the'</td>
   <td>[1995-1998]: 'the'</td>
   <td>['The', 'the', 'the']</td>
</tr>
<tr>
   <td>[866-869]: 'the'</td>
   <td>'the'</td>
   <td>[2474-2477]: 'The'</td>
   <td>['the', 'the']</td>
</tr>
<tr>
   <td>[866-869]: 'the'</td>
   <td>'the'</td>
   <td>[2524-2527]: 'the'</td>
   <td>['the']</td>
</tr>
<tr>
   <td>[1154-1157]: 'the'</td>
   <td>'the'</td>
   <td>[340-349]: 'everytime'</td>
   <td>['condo', 'the', 'the', 'the', 'everytime', 'the', 'The']</td>
</tr>
<tr>
   <td>[1154-1157]: 'the'</td>
   <td>'the'</td>
   <td>[468-473]: 'condo'</td>
   <td>['the', 'the', 'the', 'everytime', 'the', 'The']</td>
</tr>
<tr>
   <td>[1154-1157]: 'the'</td>
   <td>'the'</td>
   <td>[591-594]: 'the'</td>
   <td>['the', 'the', 'everytime', 'the', 'The']</td>
</tr>
<tr>
   <td>[1154-1157]: 'the'</td>
   <td>'the'</td>
   <td>[626-629]: 'the'</td>
   <td>['the', 'everytime', 'the', 'The']</td>
</tr>
<tr>
   <td>[1154-1157]: 'the'</td>
   <td>'the'</td>
   <td>[866-869]: 'the'</td>
   <td>['everytime', 'the', 'The', 'the']</td>
</tr>
<tr>
   <td>[1154-1157]: 'the'</td>
   <td>'the'</td>
   <td>[1080-1089]: 'everytime'</td>
   <td>['the', 'The', 'the', 'the', 'the']</td>
</tr>
<tr>
   <td>[1154-1157]: 'the'</td>
   <td>'the'</td>
   <td>[1154-1157]: 'the'</td>
   <td>['The', 'the', 'the', 'the', 'the', 'the']</td>
</tr>
<tr>
   <td>[1154-1157]: 'the'</td>
   <td>'the'</td>
   <td>[1212-1215]: 'The'</td>
   <td>['the', 'the', 'the', 'the', 'the']</td>
</tr>
<tr>
   <td>[1154-1157]: 'the'</td>
   <td>'the'</td>
   <td>[1524-1527]: 'the'</td>
   <td>['the', 'the', 'the', 'the']</td>
</tr>
<tr>
   <td>[1154-1157]: 'the'</td>
   <td>'the'</td>
   <td>[1883-1886]: 'the'</td>
   <td>['the', 'the', 'the', 'The', 'the', 'the']</td>
</tr>
<tr>
   <td>[1154-1157]: 'the'</td>
   <td>'the'</td>
   <td>[1905-1908]: 'the'</td>
   <td>['the', 'the', 'The', 'the', 'the']</td>
</tr>
<tr>
   <td>[1154-1157]: 'the'</td>
   <td>'the'</td>
   <td>[1955-1958]: 'the'</td>
   <td>['the', 'The', 'the', 'the']</td>
</tr>
<tr>
   <td>[1154-1157]: 'the'</td>
   <td>'the'</td>
   <td>[1995-1998]: 'the'</td>
   <td>['The', 'the', 'the']</td>
</tr>
<tr>
   <td>[1154-1157]: 'the'</td>
   <td>'the'</td>
   <td>[2474-2477]: 'The'</td>
   <td>['the', 'the']</td>
</tr>
<tr>
   <td>[1154-1157]: 'the'</td>
   <td>'the'</td>
   <td>[2524-2527]: 'the'</td>
   <td>['the']</td>
</tr>
<tr>
   <td>[1212-1215]: 'The'</td>
   <td>'The'</td>
   <td>[340-349]: 'everytime'</td>
   <td>['condo', 'the', 'the', 'the', 'everytime', 'the', 'The']</td>
</tr>
<tr>
   <td>[1212-1215]: 'The'</td>
   <td>'The'</td>
   <td>[468-473]: 'condo'</td>
   <td>['the', 'the', 'the', 'everytime', 'the', 'The']</td>
</tr>
<tr>
   <td>[1212-1215]: 'The'</td>
   <td>'The'</td>
   <td>[591-594]: 'the'</td>
   <td>['the', 'the', 'everytime', 'the', 'The']</td>
</tr>
<tr>
   <td>[1212-1215]: 'The'</td>
   <td>'The'</td>
   <td>[626-629]: 'the'</td>
   <td>['the', 'everytime', 'the', 'The']</td>
</tr>
<tr>
   <td>[1212-1215]: 'The'</td>
   <td>'The'</td>
   <td>[866-869]: 'the'</td>
   <td>['everytime', 'the', 'The', 'the']</td>
</tr>
<tr>
   <td>[1212-1215]: 'The'</td>
   <td>'The'</td>
   <td>[1080-1089]: 'everytime'</td>
   <td>['the', 'The', 'the', 'the', 'the']</td>
</tr>
<tr>
   <td>[1212-1215]: 'The'</td>
   <td>'The'</td>
   <td>[1154-1157]: 'the'</td>
   <td>['The', 'the', 'the', 'the', 'the', 'the']</td>
</tr>
<tr>
   <td>[1212-1215]: 'The'</td>
   <td>'The'</td>
   <td>[1883-1886]: 'the'</td>
   <td>['the', 'the', 'the', 'The', 'the', 'the']</td>
</tr>
<tr>
   <td>[1212-1215]: 'The'</td>
   <td>'The'</td>
   <td>[1905-1908]: 'the'</td>
   <td>['the', 'the', 'The', 'the', 'the']</td>
</tr>
<tr>
   <td>[1212-1215]: 'The'</td>
   <td>'The'</td>
   <td>[1955-1958]: 'the'</td>
   <td>['the', 'The', 'the', 'the']</td>
</tr>
<tr>
   <td>[1212-1215]: 'The'</td>
   <td>'The'</td>
   <td>[1995-1998]: 'the'</td>
   <td>['The', 'the', 'the']</td>
</tr>
<tr>
   <td>[1524-1527]: 'the'</td>
   <td>'the'</td>
   <td>[340-349]: 'everytime'</td>
   <td>['condo', 'the', 'the', 'the', 'everytime', 'the', 'The']</td>
</tr>
<tr>
   <td>[1524-1527]: 'the'</td>
   <td>'the'</td>
   <td>[468-473]: 'condo'</td>
   <td>['the', 'the', 'the', 'everytime', 'the', 'The']</td>
</tr>
<tr>
   <td>[1524-1527]: 'the'</td>
   <td>'the'</td>
   <td>[591-594]: 'the'</td>
   <td>['the', 'the', 'everytime', 'the', 'The']</td>
</tr>
<tr>
   <td>[1524-1527]: 'the'</td>
   <td>'the'</td>
   <td>[626-629]: 'the'</td>
   <td>['the', 'everytime', 'the', 'The']</td>
</tr>
<tr>
   <td>[1524-1527]: 'the'</td>
   <td>'the'</td>
   <td>[866-869]: 'the'</td>
   <td>['everytime', 'the', 'The', 'the']</td>
</tr>
<tr>
   <td>[1524-1527]: 'the'</td>
   <td>'the'</td>
   <td>[1080-1089]: 'everytime'</td>
   <td>['the', 'The', 'the', 'the', 'the']</td>
</tr>
<tr>
   <td>[1524-1527]: 'the'</td>
   <td>'the'</td>
   <td>[1154-1157]: 'the'</td>
   <td>['The', 'the', 'the', 'the', 'the', 'the']</td>
</tr>
<tr>
   <td>[1524-1527]: 'the'</td>
   <td>'the'</td>
   <td>[1212-1215]: 'The'</td>
   <td>['the', 'the', 'the', 'the', 'the']</td>
</tr>
<tr>
   <td>[1524-1527]: 'the'</td>
   <td>'the'</td>
   <td>[1524-1527]: 'the'</td>
   <td>['the', 'the', 'the', 'the']</td>
</tr>
<tr>
   <td>[1524-1527]: 'the'</td>
   <td>'the'</td>
   <td>[1883-1886]: 'the'</td>
   <td>['the', 'the', 'the', 'The', 'the', 'the']</td>
</tr>
<tr>
   <td>[1524-1527]: 'the'</td>
   <td>'the'</td>
   <td>[1905-1908]: 'the'</td>
   <td>['the', 'the', 'The', 'the', 'the']</td>
</tr>
<tr>
   <td>[1524-1527]: 'the'</td>
   <td>'the'</td>
   <td>[1955-1958]: 'the'</td>
   <td>['the', 'The', 'the', 'the']</td>
</tr>
<tr>
   <td>[1524-1527]: 'the'</td>
   <td>'the'</td>
   <td>[1995-1998]: 'the'</td>
   <td>['The', 'the', 'the']</td>
</tr>
<tr>
   <td>[1524-1527]: 'the'</td>
   <td>'the'</td>
   <td>[2474-2477]: 'The'</td>
   <td>['the', 'the']</td>
</tr>
<tr>
   <td>[1524-1527]: 'the'</td>
   <td>'the'</td>
   <td>[2524-2527]: 'the'</td>
   <td>['the']</td>
</tr>
<tr>
   <td>[1883-1886]: 'the'</td>
   <td>'the'</td>
   <td>[340-349]: 'everytime'</td>
   <td>['condo', 'the', 'the', 'the', 'everytime', 'the', 'The']</td>
</tr>
<tr>
   <td>[1883-1886]: 'the'</td>
   <td>'the'</td>
   <td>[468-473]: 'condo'</td>
   <td>['the', 'the', 'the', 'everytime', 'the', 'The']</td>
</tr>
<tr>
   <td>[1883-1886]: 'the'</td>
   <td>'the'</td>
   <td>[591-594]: 'the'</td>
   <td>['the', 'the', 'everytime', 'the', 'The']</td>
</tr>
<tr>
   <td>[1883-1886]: 'the'</td>
   <td>'the'</td>
   <td>[626-629]: 'the'</td>
   <td>['the', 'everytime', 'the', 'The']</td>
</tr>
<tr>
   <td>[1883-1886]: 'the'</td>
   <td>'the'</td>
   <td>[866-869]: 'the'</td>
   <td>['everytime', 'the', 'The', 'the']</td>
</tr>
<tr>
   <td>[1883-1886]: 'the'</td>
   <td>'the'</td>
   <td>[1080-1089]: 'everytime'</td>
   <td>['the', 'The', 'the', 'the', 'the']</td>
</tr>
<tr>
   <td>[1883-1886]: 'the'</td>
   <td>'the'</td>
   <td>[1154-1157]: 'the'</td>
   <td>['The', 'the', 'the', 'the', 'the', 'the']</td>
</tr>
<tr>
   <td>[1883-1886]: 'the'</td>
   <td>'the'</td>
   <td>[1212-1215]: 'The'</td>
   <td>['the', 'the', 'the', 'the', 'the']</td>
</tr>
<tr>
   <td>[1883-1886]: 'the'</td>
   <td>'the'</td>
   <td>[1524-1527]: 'the'</td>
   <td>['the', 'the', 'the', 'the']</td>
</tr>
<tr>
   <td>[1883-1886]: 'the'</td>
   <td>'the'</td>
   <td>[1883-1886]: 'the'</td>
   <td>['the', 'the', 'the', 'The', 'the', 'the']</td>
</tr>
<tr>
   <td>[1883-1886]: 'the'</td>
   <td>'the'</td>
   <td>[1905-1908]: 'the'</td>
   <td>['the', 'the', 'The', 'the', 'the']</td>
</tr>
<tr>
   <td>[1883-1886]: 'the'</td>
   <td>'the'</td>
   <td>[1955-1958]: 'the'</td>
   <td>['the', 'The', 'the', 'the']</td>
</tr>
<tr>
   <td>[1883-1886]: 'the'</td>
   <td>'the'</td>
   <td>[1995-1998]: 'the'</td>
   <td>['The', 'the', 'the']</td>
</tr>
<tr>
   <td>[1883-1886]: 'the'</td>
   <td>'the'</td>
   <td>[2474-2477]: 'The'</td>
   <td>['the', 'the']</td>
</tr>
<tr>
   <td>[1883-1886]: 'the'</td>
   <td>'the'</td>
   <td>[2524-2527]: 'the'</td>
   <td>['the']</td>
</tr>
<tr>
   <td>[1905-1908]: 'the'</td>
   <td>'the'</td>
   <td>[340-349]: 'everytime'</td>
   <td>['condo', 'the', 'the', 'the', 'everytime', 'the', 'The']</td>
</tr>
<tr>
   <td>[1905-1908]: 'the'</td>
   <td>'the'</td>
   <td>[468-473]: 'condo'</td>
   <td>['the', 'the', 'the', 'everytime', 'the', 'The']</td>
</tr>
<tr>
   <td>[1905-1908]: 'the'</td>
   <td>'the'</td>
   <td>[591-594]: 'the'</td>
   <td>['the', 'the', 'everytime', 'the', 'The']</td>
</tr>
<tr>
   <td>[1905-1908]: 'the'</td>
   <td>'the'</td>
   <td>[626-629]: 'the'</td>
   <td>['the', 'everytime', 'the', 'The']</td>
</tr>
<tr>
   <td>[1905-1908]: 'the'</td>
   <td>'the'</td>
   <td>[866-869]: 'the'</td>
   <td>['everytime', 'the', 'The', 'the']</td>
</tr>
<tr>
   <td>[1905-1908]: 'the'</td>
   <td>'the'</td>
   <td>[1080-1089]: 'everytime'</td>
   <td>['the', 'The', 'the', 'the', 'the']</td>
</tr>
<tr>
   <td>[1905-1908]: 'the'</td>
   <td>'the'</td>
   <td>[1154-1157]: 'the'</td>
   <td>['The', 'the', 'the', 'the', 'the', 'the']</td>
</tr>
<tr>
   <td>[1905-1908]: 'the'</td>
   <td>'the'</td>
   <td>[1212-1215]: 'The'</td>
   <td>['the', 'the', 'the', 'the', 'the']</td>
</tr>
<tr>
   <td>[1905-1908]: 'the'</td>
   <td>'the'</td>
   <td>[1524-1527]: 'the'</td>
   <td>['the', 'the', 'the', 'the']</td>
</tr>
<tr>
   <td>[1905-1908]: 'the'</td>
   <td>'the'</td>
   <td>[1883-1886]: 'the'</td>
   <td>['the', 'the', 'the', 'The', 'the', 'the']</td>
</tr>
<tr>
   <td>[1905-1908]: 'the'</td>
   <td>'the'</td>
   <td>[1905-1908]: 'the'</td>
   <td>['the', 'the', 'The', 'the', 'the']</td>
</tr>
<tr>
   <td>[1905-1908]: 'the'</td>
   <td>'the'</td>
   <td>[1955-1958]: 'the'</td>
   <td>['the', 'The', 'the', 'the']</td>
</tr>
<tr>
   <td>[1905-1908]: 'the'</td>
   <td>'the'</td>
   <td>[1995-1998]: 'the'</td>
   <td>['The', 'the', 'the']</td>
</tr>
<tr>
   <td>[1905-1908]: 'the'</td>
   <td>'the'</td>
   <td>[2474-2477]: 'The'</td>
   <td>['the', 'the']</td>
</tr>
<tr>
   <td>[1905-1908]: 'the'</td>
   <td>'the'</td>
   <td>[2524-2527]: 'the'</td>
   <td>['the']</td>
</tr>
<tr>
   <td>[1955-1958]: 'the'</td>
   <td>'the'</td>
   <td>[340-349]: 'everytime'</td>
   <td>['condo', 'the', 'the', 'the', 'everytime', 'the', 'The']</td>
</tr>
<tr>
   <td>[1955-1958]: 'the'</td>
   <td>'the'</td>
   <td>[468-473]: 'condo'</td>
   <td>['the', 'the', 'the', 'everytime', 'the', 'The']</td>
</tr>
<tr>
   <td>[1955-1958]: 'the'</td>
   <td>'the'</td>
   <td>[591-594]: 'the'</td>
   <td>['the', 'the', 'everytime', 'the', 'The']</td>
</tr>
<tr>
   <td>[1955-1958]: 'the'</td>
   <td>'the'</td>
   <td>[626-629]: 'the'</td>
   <td>['the', 'everytime', 'the', 'The']</td>
</tr>
<tr>
   <td>[1955-1958]: 'the'</td>
   <td>'the'</td>
   <td>[866-869]: 'the'</td>
   <td>['everytime', 'the', 'The', 'the']</td>
</tr>
<tr>
   <td>[1955-1958]: 'the'</td>
   <td>'the'</td>
   <td>[1080-1089]: 'everytime'</td>
   <td>['the', 'The', 'the', 'the', 'the']</td>
</tr>
<tr>
   <td>[1955-1958]: 'the'</td>
   <td>'the'</td>
   <td>[1154-1157]: 'the'</td>
   <td>['The', 'the', 'the', 'the', 'the', 'the']</td>
</tr>
<tr>
   <td>[1955-1958]: 'the'</td>
   <td>'the'</td>
   <td>[1212-1215]: 'The'</td>
   <td>['the', 'the', 'the', 'the', 'the']</td>
</tr>
<tr>
   <td>[1955-1958]: 'the'</td>
   <td>'the'</td>
   <td>[1524-1527]: 'the'</td>
   <td>['the', 'the', 'the', 'the']</td>
</tr>
<tr>
   <td>[1955-1958]: 'the'</td>
   <td>'the'</td>
   <td>[1883-1886]: 'the'</td>
   <td>['the', 'the', 'the', 'The', 'the', 'the']</td>
</tr>
<tr>
   <td>[1955-1958]: 'the'</td>
   <td>'the'</td>
   <td>[1905-1908]: 'the'</td>
   <td>['the', 'the', 'The', 'the', 'the']</td>
</tr>
<tr>
   <td>[1955-1958]: 'the'</td>
   <td>'the'</td>
   <td>[1955-1958]: 'the'</td>
   <td>['the', 'The', 'the', 'the']</td>
</tr>
<tr>
   <td>[1955-1958]: 'the'</td>
   <td>'the'</td>
   <td>[1995-1998]: 'the'</td>
   <td>['The', 'the', 'the']</td>
</tr>
<tr>
   <td>[1955-1958]: 'the'</td>
   <td>'the'</td>
   <td>[2474-2477]: 'The'</td>
   <td>['the', 'the']</td>
</tr>
<tr>
   <td>[1955-1958]: 'the'</td>
   <td>'the'</td>
   <td>[2524-2527]: 'the'</td>
   <td>['the']</td>
</tr>
<tr>
   <td>[1995-1998]: 'the'</td>
   <td>'the'</td>
   <td>[340-349]: 'everytime'</td>
   <td>['condo', 'the', 'the', 'the', 'everytime', 'the', 'The']</td>
</tr>
<tr>
   <td>[1995-1998]: 'the'</td>
   <td>'the'</td>
   <td>[468-473]: 'condo'</td>
   <td>['the', 'the', 'the', 'everytime', 'the', 'The']</td>
</tr>
<tr>
   <td>[1995-1998]: 'the'</td>
   <td>'the'</td>
   <td>[591-594]: 'the'</td>
   <td>['the', 'the', 'everytime', 'the', 'The']</td>
</tr>
<tr>
   <td>[1995-1998]: 'the'</td>
   <td>'the'</td>
   <td>[626-629]: 'the'</td>
   <td>['the', 'everytime', 'the', 'The']</td>
</tr>
<tr>
   <td>[1995-1998]: 'the'</td>
   <td>'the'</td>
   <td>[866-869]: 'the'</td>
   <td>['everytime', 'the', 'The', 'the']</td>
</tr>
<tr>
   <td>[1995-1998]: 'the'</td>
   <td>'the'</td>
   <td>[1080-1089]: 'everytime'</td>
   <td>['the', 'The', 'the', 'the', 'the']</td>
</tr>
<tr>
   <td>[1995-1998]: 'the'</td>
   <td>'the'</td>
   <td>[1154-1157]: 'the'</td>
   <td>['The', 'the', 'the', 'the', 'the', 'the']</td>
</tr>
<tr>
   <td>[1995-1998]: 'the'</td>
   <td>'the'</td>
   <td>[1212-1215]: 'The'</td>
   <td>['the', 'the', 'the', 'the', 'the']</td>
</tr>
<tr>
   <td>[1995-1998]: 'the'</td>
   <td>'the'</td>
   <td>[1524-1527]: 'the'</td>
   <td>['the', 'the', 'the', 'the']</td>
</tr>
<tr>
   <td>[1995-1998]: 'the'</td>
   <td>'the'</td>
   <td>[1883-1886]: 'the'</td>
   <td>['the', 'the', 'the', 'The', 'the', 'the']</td>
</tr>
<tr>
   <td>[1995-1998]: 'the'</td>
   <td>'the'</td>
   <td>[1905-1908]: 'the'</td>
   <td>['the', 'the', 'The', 'the', 'the']</td>
</tr>
<tr>
   <td>[1995-1998]: 'the'</td>
   <td>'the'</td>
   <td>[1955-1958]: 'the'</td>
   <td>['the', 'The', 'the', 'the']</td>
</tr>
<tr>
   <td>[1995-1998]: 'the'</td>
   <td>'the'</td>
   <td>[1995-1998]: 'the'</td>
   <td>['The', 'the', 'the']</td>
</tr>
<tr>
   <td>[1995-1998]: 'the'</td>
   <td>'the'</td>
   <td>[2474-2477]: 'The'</td>
   <td>['the', 'the']</td>
</tr>
<tr>
   <td>[1995-1998]: 'the'</td>
   <td>'the'</td>
   <td>[2524-2527]: 'the'</td>
   <td>['the']</td>
</tr>
<tr>
   <td>[2474-2477]: 'The'</td>
   <td>'The'</td>
   <td>[340-349]: 'everytime'</td>
   <td>['condo', 'the', 'the', 'the', 'everytime', 'the', 'The']</td>
</tr>
<tr>
   <td>[2474-2477]: 'The'</td>
   <td>'The'</td>
   <td>[468-473]: 'condo'</td>
   <td>['the', 'the', 'the', 'everytime', 'the', 'The']</td>
</tr>
<tr>
   <td>[2474-2477]: 'The'</td>
   <td>'The'</td>
   <td>[591-594]: 'the'</td>
   <td>['the', 'the', 'everytime', 'the', 'The']</td>
</tr>
<tr>
   <td>[2474-2477]: 'The'</td>
   <td>'The'</td>
   <td>[626-629]: 'the'</td>
   <td>['the', 'everytime', 'the', 'The']</td>
</tr>
<tr>
   <td>[2474-2477]: 'The'</td>
   <td>'The'</td>
   <td>[866-869]: 'the'</td>
   <td>['everytime', 'the', 'The', 'the']</td>
</tr>
<tr>
   <td>[2474-2477]: 'The'</td>
   <td>'The'</td>
   <td>[1080-1089]: 'everytime'</td>
   <td>['the', 'The', 'the', 'the', 'the']</td>
</tr>
<tr>
   <td>[2474-2477]: 'The'</td>
   <td>'The'</td>
   <td>[1154-1157]: 'the'</td>
   <td>['The', 'the', 'the', 'the', 'the', 'the']</td>
</tr>
<tr>
   <td>[2474-2477]: 'The'</td>
   <td>'The'</td>
   <td>[1883-1886]: 'the'</td>
   <td>['the', 'the', 'the', 'The', 'the', 'the']</td>
</tr>
<tr>
   <td>[2474-2477]: 'The'</td>
   <td>'The'</td>
   <td>[1905-1908]: 'the'</td>
   <td>['the', 'the', 'The', 'the', 'the']</td>
</tr>
<tr>
   <td>[2474-2477]: 'The'</td>
   <td>'The'</td>
   <td>[1955-1958]: 'the'</td>
   <td>['the', 'The', 'the', 'the']</td>
</tr>
<tr>
   <td>[2474-2477]: 'The'</td>
   <td>'The'</td>
   <td>[1995-1998]: 'the'</td>
   <td>['The', 'the', 'the']</td>
</tr>
<tr>
   <td>[2524-2527]: 'the'</td>
   <td>'the'</td>
   <td>[340-349]: 'everytime'</td>
   <td>['condo', 'the', 'the', 'the', 'everytime', 'the', 'The']</td>
</tr>
<tr>
   <td>[2524-2527]: 'the'</td>
   <td>'the'</td>
   <td>[468-473]: 'condo'</td>
   <td>['the', 'the', 'the', 'everytime', 'the', 'The']</td>
</tr>
<tr>
   <td>[2524-2527]: 'the'</td>
   <td>'the'</td>
   <td>[591-594]: 'the'</td>
   <td>['the', 'the', 'everytime', 'the', 'The']</td>
</tr>
<tr>
   <td>[2524-2527]: 'the'</td>
   <td>'the'</td>
   <td>[626-629]: 'the'</td>
   <td>['the', 'everytime', 'the', 'The']</td>
</tr>
<tr>
   <td>[2524-2527]: 'the'</td>
</body>
</html>
