<html>
<head>
<title>testExtractionWithWhitespaceTok.dict_view_with_whitespaces.htm</title>
</head>
<body>


<h1>Document '00144'</h1>

Transwestern began construction on its Gallup expa...<br>
[ snip! ]<br>
...n <br>
mid-February; completion is scheduled for May 1<font color = gray>[</font><font color = #8833bb><b>,</b></font><font color = gray>]</font> 2000.  Come see the digital <br>
construction progres...<br>
[ snip! ]<br>
...te".  <br>
<br>
If you have trouble accessing the pictures<font color = gray>[</font><font color = #8833bb><b>,</b></font><font color = gray>]</font> click on the ET&amp;S logo in the <br>
upper left corner of the page<font color = gray>[</font><font color = #8833bb><b>,</b></font><font color = gray>]</font> then click on Gallup Update again.  If you <br>
have project questions<font color = gray>[</font><font color = #8833bb><b>,</b></font><font color = gray>]</font> please call Lorraine Smith (607)205-4493. When done<font color = gray>[</font><font color = #8833bb><b>,</b></font><font color = gray>]</font><br>
send to Morgan Stanley<font color = gray>[</font><font color = #8833bb><b>,</b></font><font color = gray>]</font> fax: 205-4493<font color = gray>[</font><font color = #8833bb><b>,</b></font><font color = gray>]</font> then call Emma<font color = gray>[</font><font color = #8833bb><b>,</b></font><font color = gray>]</font> x33650.  <br>


<h1>Document '1000'</h1>

---------------------- Forwarded by Eric Bass/HOU/...<br>
[ snip! ]<br>
...ws@aol.com&gt;; "Rocky Lane" &lt;rlane@pdq.net&gt;;<br>
"Harris<font color = gray>[</font><font color = #8833bb><b>,</b></font><font color = gray>]</font> Mary S." &lt;mharris-hudson@WCITX.COM&gt;; "dholley"<br>
&lt;dholley@mail.ev1.net&gt;; "Day<font color = gray>[</font><font color = #8833bb><b>,</b></font><font color = gray>]</font> Pam" &lt;pkjday@yahoo.com&gt;; "Bass<font color = gray>[</font><font color = #8833bb><b>,</b></font><font color = gray>]</font> Larry"<br>
&lt;lwbthemarine@bigplanet.com&gt;; "Balch<font color = gray>[</font><font color = #8833bb><b>,</b></font><font color = gray>]</font> Dell" &lt;dellbalch@hotmail.com&gt;; "Adams<font color = gray>[</font><font color = #8833bb><b>,</b></font><font color = gray>]</font><br>
George" &lt;geoins@flash.net&gt;<br>
Sent: Tuesday<font color = gray>[</font><font color = #8833bb><b>,</b></font><font color = gray>]</font> September 05<font color = gray>[</font><font color = #8833bb><b>,</b></font><font color = gray>]</font> 2000 1:20 PM<br>
Subject: Fw: How to impress a client...<br>
[ snip! ]<br>
...&lt;mwwilliams@tomball.isd.esc4.net&gt;<br>
&gt; Sent: Thursday<font color = gray>[</font><font color = #8833bb><b>,</b></font><font color = gray>]</font> August 31<font color = gray>[</font><font color = #8833bb><b>,</b></font><font color = gray>]</font> 2000 8:20 PM<br>
&gt; Subject: FW: How to impress a clie...<br>
[ snip! ]<br>
... Waller [mailto:candk@gvec.net]<br>
&gt; &gt; Sent: Thursday<font color = gray>[</font><font color = #8833bb><b>,</b></font><font color = gray>]</font> August 31<font color = gray>[</font><font color = #8833bb><b>,</b></font><font color = gray>]</font> 2000 7:27 PM<br>
&gt; &gt; To: Fred Williams<br>
&gt; &gt; Subject: F...<br>
[ snip! ]<br>
... kathy waller &lt;candk@gvec.net&gt;<br>
&gt; &gt; Date: Wednesday<font color = gray>[</font><font color = #8833bb><b>,</b></font><font color = gray>]</font> August 30<font color = gray>[</font><font color = #8833bb><b>,</b></font><font color = gray>]</font> 2000 2:20 PM<br>
&gt; &gt; Subject: Fw: How to impress a cl...<br>
[ snip! ]<br>
... Risinger" &lt;risinger@pdq.net&gt;<br>
&gt; &gt; &gt;Sent: Wednesday<font color = gray>[</font><font color = #8833bb><b>,</b></font><font color = gray>]</font> August 30<font color = gray>[</font><font color = #8833bb><b>,</b></font><font color = gray>]</font> 2000 11:43 AM<br>
&gt; &gt; &gt;Subject: How to impress a clie...<br>
[ snip! ]<br>
...Seattle. Whilst<br>
in<br>
&gt; &gt; &gt;&gt; the<br>
&gt; &gt; &gt;&gt; &gt; &gt;  &gt; lounge<font color = gray>[</font><font color = #8833bb><b>,</b></font><font color = gray>]</font> I noticed Bill Gates sitting on the chesterfield<br>
...<br>
[ snip! ]<br>
...<br>
forward<br>
&gt; &gt; &gt;&gt; type<br>
&gt; &gt; &gt;&gt; &gt; of<br>
&gt; &gt; &gt;&gt; &gt; &gt;  &gt; guy<font color = gray>[</font><font color = #8833bb><b>,</b></font><font color = gray>]</font> I approached Mr. Gates and introduced myself. I e...<br>
[ snip! ]<br>
...later while I was conversing with my<br>
&gt; &gt; &gt;&gt; client<font color = gray>[</font><font color = #8833bb><b>,</b></font><font color = gray>]</font> I<br>
&gt; &gt; &gt;&gt; &gt; &gt;  &gt; felt a tap on my shoulder. It was...<br>
[ snip! ]<br>
...&gt;<br>
&gt; &gt; &gt;&gt; &gt; looked<br>
&gt; &gt; &gt;&gt; &gt; &gt;  &gt; up at him. He said<font color = gray>[</font><font color = #8833bb><b>,</b></font><font color = gray>]</font> "Hi Chris<font color = gray>[</font><font color = #8833bb><b>,</b></font><font color = gray>]</font> what's happening<font color = gray>[</font><font color = #8833bb><b>?</b></font><font color = gray>]</font>" To which I<br>
&gt; &gt; &gt;&gt; replied<br>
&gt; &gt; &gt;&gt; &gt; &gt;  &gt; "Fuck off Gates<font color = gray>[</font><font color = #8833bb><b>,</b></font><font color = gray>]</font> I'm in a meeting"<br>
&gt; &gt; &gt;&gt;<br>
&gt; &gt; &gt;<br>
&gt; &gt;<br>
&gt; &gt;<br>
&gt;<br>
<br>


<h1>Document '1001'</h1>

are we still doing dinner some time<font color = gray>[</font><font color = #8833bb><b>,</b></font><font color = gray>]</font> as well<br>
<br>
<br>
<br>
<br>
"Larry W. Bass" &lt;lwbthemarine@bigplan...<br>
[ snip! ]<br>
...nnie<br>
<br>
<br>
Why pray tell do you need to leave by 11:45<font color = gray>[</font><font color = #8833bb><b>?</b></font><font color = gray>]</font> Details please.-L<br>
<br>
<br>
<br>
<br>
<br>
----- Original Message ---...<br>
[ snip! ]<br>
...om&gt;<br>
To: &lt;lwbthemarine@bigplanet.com&gt;<br>
Sent: Tuesday<font color = gray>[</font><font color = #8833bb><b>,</b></font><font color = gray>]</font> September 05<font color = gray>[</font><font color = #8833bb><b>,</b></font><font color = gray>]</font> 2000 12:17 PM<br>
Subject: Re: Bonnie<br>
<br>
<br>
&gt;<br>
&gt; 2. we wil...<br>
[ snip! ]<br>
...s@enron.com<br>
&gt; cc:   jason &lt;jason.bass2@compaq.com&gt;<font color = gray>[</font><font color = #8833bb><b>,</b></font><font color = gray>]</font> KATHY BASS<br>
&lt;daphneco64@bigplanet.com&gt;<br>
&gt; Subject:  Re: Bonnie<br>
&gt;<br>
&gt;<br>
&gt; That is fine with me. How many<font color = gray>[</font><font color = #8833bb><b>?</b></font><font color = gray>]</font>-Dad<br>
&gt;<br>
&gt;<br>
&gt;<br>
&gt;<br>
&gt; ----- Original Message -----<br>
&gt; From...<br>
[ snip! ]<br>
...&gt; To: &lt;lwbthemarine@bigplanet.com&gt;<br>
&gt; Sent: Tuesday<font color = gray>[</font><font color = #8833bb><b>,</b></font><font color = gray>]</font> September 05<font color = gray>[</font><font color = #8833bb><b>,</b></font><font color = gray>]</font> 2000 11:56 AM<br>
&gt; Subject: Re: Bonnie<br>
&gt;<br>
&gt;<br>
&gt; &gt;<br>
&gt; &gt; can we make it 10:30<font color = gray>[</font><font color = #8833bb><b>?</b></font><font color = gray>]</font><br>
&gt; &gt;<br>
&gt; &gt;<br>
&gt; &gt;<br>
&gt; &gt;<br>
&gt; &gt; "Larry W. Bass" &lt;lwbthemarine...<br>
[ snip! ]<br>
...34 PM<br>
&gt; &gt;<br>
&gt; &gt; To:   jason &lt;jason.bass2@compaq.com&gt;<font color = gray>[</font><font color = #8833bb><b>,</b></font><font color = gray>]</font> eric preston bass<br>
&gt; &gt;       &lt;Eric.Bass@enron.com&gt;...<br>
[ snip! ]<br>
... &gt;<br>
&gt; &gt;<br>
&gt; &gt;<br>
&gt; &gt; Howdy. Bonnie will be here Thursday<font color = gray>[</font><font color = #8833bb><b>,</b></font><font color = gray>]</font> for a week. If  you guys are<br>
&gt; &gt; available<font color = gray>[</font><font color = #8833bb><b>,</b></font><font color = gray>]</font> we thought we would take all to Brunch @ SWCC<font color = gray>[</font><font color = #8833bb><b>,</b></font><font color = gray>]</font> 11 a.m.<br>
&gt; Sunday.<br>
&gt; &gt; Girls are invited. Let me k...<br>
[ snip! ]<br>
...f your better<br>
&gt; &gt; halves will accompany you. Do so<font color = gray>[</font><font color = #8833bb><b>,</b></font><font color = gray>]</font> please<font color = gray>[</font><font color = #8833bb><b>,</b></font><font color = gray>]</font> by Wed.<font color = gray>[</font><font color = #8833bb><b>,</b></font><font color = gray>]</font> so I can make the<br>
&gt; &gt; reservations.-Dad<br>
&gt; &gt;<br>
&gt; &gt;<br>
&gt; &gt;<br>
&gt; &gt;<br>
&gt;<br>
&gt;<br>
&gt;<br>
&gt;<br>
&gt;<br>
<br>
<br>


<h1>Document '1003'</h1>

You need to decide.  It is your free dinner<font color = gray>[</font><font color = #8833bb><b>!</b></font><font color = gray>]</font><br>
<br>
<br>
<br>
<br>
<br>
"Larry W. Bass" &lt;lwbthemarine@bigplanet.com&gt;...<br>
[ snip! ]<br>
... and  at Sweetwater Country Club. <br>
Any preferences<font color = gray>[</font><font color = #8833bb><b>?</b></font><font color = gray>]</font> The dress is the same @ both<font color = gray>[</font><font color = #8833bb><b>,</b></font><font color = gray>]</font>  causal. See you @ our home<font color = gray>[</font><font color = #8833bb><b>,</b></font><font color = gray>]</font> <br>
say 5:30 or 6<font color = gray>[</font><font color = #8833bb><b>?</b></font><font color = gray>]</font> Let me know.  Love-Dad<br>
<br>


<h1>Document '1004'</h1>

alright<font color = gray>[</font><font color = #8833bb><b>,</b></font><font color = gray>]</font> no williams<br>
<br>
can i interest you in a receiver and say lamar smith for robert smith or ron <br>
dayne

<h1>Document '10045'</h1>

I have cleared with Global Finance Management and ...<br>
[ snip! ]<br>
.../Corp/Enron@Enron<br>
cc: Cindy Stark/Corp/Enron@Enron<font color = gray>[</font><font color = #8833bb><b>,</b></font><font color = gray>]</font> Larry DeRoin/NPNG/Enron@ENRON<font color = gray>[</font><font color = #8833bb><b>,</b></font><font color = gray>]</font> John <br>
Jesse/NPNG/Enron@Enron<font color = gray>[</font><font color = #8833bb><b>,</b></font><font color = gray>]</font> Rod Hayslett/FGT/Enron@ENRON <br>
<br>
Subject: NBP Finan...<br>
[ snip! ]<br>
... future business with NBP.  <br>
In recent discussions<font color = gray>[</font><font color = #8833bb><b>,</b></font><font color = gray>]</font> several firms have advised NBP to proceed with a ...<br>
[ snip! ]<br>
...ven their predilection for <br>
private placement debt<font color = gray>[</font><font color = #8833bb><b>,</b></font><font color = gray>]</font> A.G. Edwards has been included so that we get two...<br>
[ snip! ]<br>
...ndicated to you last week by e-mail (see attached)<font color = gray>[</font><font color = #8833bb><b>,</b></font><font color = gray>]</font> we are focusing on <br>
commercial banks to improve t...<br>
[ snip! ]<br>
... would have an opportunity to play in future deals<font color = gray>[</font><font color = #8833bb><b>,</b></font><font color = gray>]</font> especially equity.<br>
<br>
I will be travelling Thursday...<br>
[ snip! ]<br>
.../Corp/Enron@Enron<br>
cc: Cindy Stark/Corp/Enron@Enron<font color = gray>[</font><font color = #8833bb><b>,</b></font><font color = gray>]</font> Larry DeRoin/NPNG/Enron@ENRON<font color = gray>[</font><font color = #8833bb><b>,</b></font><font color = gray>]</font> John <br>
Jesse/NPNG/Enron@Enron <br>
<br>
Subject: NBP Finan...<br>
[ snip! ]<br>
...d <br>
anticipate sending this out late next week.<br>
<br>
<br>
<br>


<h1>Document '10046'</h1>

Dear GISB Members and Interested Industry Participants<font color = gray>[</font><font color = #8833bb><b>,</b></font><font color = gray>]</font><br>
<br>
    At the Executive Committee meeting in February<font color = gray>[</font><font color = #8833bb><b>,</b></font><font color = gray>]</font> the Executive Committee<br>
created a new subcommittee<font color = gray>[</font><font color = #8833bb><b>,</b></font><font color = gray>]</font> the Expedited Data Development (EDD)<br>
Subcommittee...<br>
[ snip! ]<br>
...meeting is scheduled on March 13 and 14 in<br>
Houston<font color = gray>[</font><font color = #8833bb><b>,</b></font><font color = gray>]</font> hosted at the Dynegy offices<font color = gray>[</font><font color = #8833bb><b>,</b></font><font color = gray>]</font> to be held from 8:30 a.m. to 4:30 p.m.<br>
 Please jo...<br>
[ snip! ]<br>
...n an email distribution list for this subcommittee<font color = gray>[</font><font color = #8833bb><b>,</b></font><font color = gray>]</font><br>
please forward your name<font color = gray>[</font><font color = #8833bb><b>,</b></font><font color = gray>]</font> email address<font color = gray>[</font><font color = #8833bb><b>,</b></font><font color = gray>]</font> phone and fax to the GISB office.<br>
GISB follows a ...<br>
[ snip! ]<br>
...orward to seeing you at the meeting.<br>
<br>
Best Regards<font color = gray>[</font><font color = #8833bb><b>,</b></font><font color = gray>]</font><br>
Rae McQuade<br>
<br>
(If you are on this general notices distribution list and would like to be<br>
removed<font color = gray>[</font><font color = #8833bb><b>,</b></font><font color = gray>]</font> please email such request to the GISB office and ...<br>
[ snip! ]<br>
...ipants from your<br>
company to this distribution list<font color = gray>[</font><font color = #8833bb><b>,</b></font><font color = gray>]</font> please also email such request to the GISB<br>
office...<br>
[ snip! ]<br>
... to other groups for their use.)<br>
<br>
<br>
 - am000314.PDF

<h1>Document '10047'</h1>

There are a number of superb initiatives that are ...<br>
[ snip! ]<br>
...se initiatives throughout the year.<br>
<br>
As an example<font color = gray>[</font><font color = #8833bb><b>,</b></font><font color = gray>]</font> Priscilla Norton is doing excellent work to devel...<br>
[ snip! ]<br>
...across our systems.  As in <br>
most <br>
everything we do<font color = gray>[</font><font color = #8833bb><b>,</b></font><font color = gray>]</font> this is a real team effort.<br>
<br>
I have asked Priscil...<br>
[ snip! ]<br>
...on number of truck-hours operated in each district<font color = gray>[</font><font color = #8833bb><b>,</b></font><font color = gray>]</font> and <br>
total fleet operating dollars spent in each district.  Using the hourly <br>
district rate<font color = gray>[</font><font color = #8833bb><b>,</b></font><font color = gray>]</font> the Tool calculates district cost per barrel for ...<br>
[ snip! ]<br>
...eady know a district averages 70 cents per <br>
barrel<font color = gray>[</font><font color = #8833bb><b>,</b></font><font color = gray>]</font> we will now know which leases are $0.45 per barre...<br>
[ snip! ]<br>
...g of lease <br>
profitability.   With this information<font color = gray>[</font><font color = #8833bb><b>,</b></font><font color = gray>]</font> Marketing  can become more <br>
aggressive<font color = gray>[</font><font color = #8833bb><b>,</b></font><font color = gray>]</font> competitive<font color = gray>[</font><font color = #8833bb><b>,</b></font><font color = gray>]</font> and confident about our costs when bidding on new <br>
barrels<font color = gray>[</font><font color = #8833bb><b>,</b></font><font color = gray>]</font> and Operations Managers can more easily identify ...<br>
[ snip! ]<br>
...IME as our key cost driver is still in its infancy<font color = gray>[</font><font color = #8833bb><b>,</b></font><font color = gray>]</font> Marvin Mills is already <br>
using the information to...<br>
[ snip! ]<br>
...els out at a lower cost than <br>
EOTT's internal cost<font color = gray>[</font><font color = #8833bb><b>,</b></font><font color = gray>]</font> and to identify marginal leases to be rebid or <br>
t...<br>
[ snip! ]<br>
...s because the Tool has convinced him that <br>
mileage<font color = gray>[</font><font color = #8833bb><b>,</b></font><font color = gray>]</font> by itself  is not a true indicator of cost.  Our ...<br>
[ snip! ]<br>
...o meet our needs.<br>
<br>
With the help of Patrick Scales<font color = gray>[</font><font color = #8833bb><b>,</b></font><font color = gray>]</font> the TIME Tool is currently being moved to a <br>
serv...<br>
[ snip! ]<br>
...ipeline and truck barrels).  Within the <br>
next week<font color = gray>[</font><font color = #8833bb><b>,</b></font><font color = gray>]</font> we plan to roll the Server version of the TIME To...<br>
[ snip! ]<br>
...office to begin testing functionality and accuracy<font color = gray>[</font><font color = #8833bb><b>,</b></font><font color = gray>]</font> and to <br>
identify any performance issues.  <br>
<br>
Our g...<br>
[ snip! ]<br>
...ability at the lease level."<br>
<br>
Priscilla Norton<br>
<br>
<br>
<br>


<h1>Document '10048'</h1>

Rep. Greg Ganske yesterday introduced legislation ...<br>
[ snip! ]<br>
...of controversial issues to consider in the <br>
debate<font color = gray>[</font><font color = #8833bb><b>,</b></font><font color = gray>]</font> the House Commerce and Senate Environment Commite...<br>
[ snip! ]<br>
... for their respective mark-ups of RFG <br>
legislation<font color = gray>[</font><font color = #8833bb><b>,</b></font><font color = gray>]</font> but we do expect both to try to move forward in t...<br>
[ snip! ]<br>
...pdf<br>
<br>
<br>
NEWS RELEASE<br>
<br>
FOR IMMEDIATE RELEASE<br>
March 16<font color = gray>[</font><font color = #8833bb><b>,</b></font><font color = gray>]</font> 2000<br>
<br>
Reps. Ganske and Shimkus Introduce Legislat...<br>
[ snip! ]<br>
... for widespread groundwater contamination. Ethanol<font color = gray>[</font><font color = #8833bb><b>,</b></font><font color = gray>]</font> however<font color = gray>[</font><font color = #8833bb><b>,</b></font><font color = gray>]</font> is a <br>
clean<font color = gray>[</font><font color = #8833bb><b>,</b></font><font color = gray>]</font> renewable additive that does not contaminate wate...<br>
[ snip! ]<br>
...lean air and clean water.  With renewable <br>
ethanol<font color = gray>[</font><font color = #8833bb><b>,</b></font><font color = gray>]</font> not MTBE<font color = gray>[</font><font color = #8833bb><b>,</b></font><font color = gray>]</font> we can have both<font color = gray>[</font><font color = #8833bb><b>,</b></font><font color = gray>]</font>" Ganske said.<br>
<br>
"This bill clearly addresses the problem of MTBE contaminating water<font color = gray>[</font><font color = #8833bb><b>,</b></font><font color = gray>]</font>" Ganske <br>
said.  "Not only does it eliminate MTBE in gasoline within three years<font color = gray>[</font><font color = #8833bb><b>,</b></font><font color = gray>]</font> it <br>
directs the EPA to help states figure out how...<br>
[ snip! ]<br>
...nation of groundwater in sites around the <br>
country<font color = gray>[</font><font color = #8833bb><b>,</b></font><font color = gray>]</font> including my District. However<font color = gray>[</font><font color = #8833bb><b>,</b></font><font color = gray>]</font> there is a safe and clean <br>
alternative - ethanol<font color = gray>[</font><font color = #8833bb><b>,</b></font><font color = gray>]</font>" Shimkus said. "The Clean Air and Water Preservat...<br>
[ snip! ]<br>
...ful auto emissions and will <br>
provide cleaner water<font color = gray>[</font><font color = #8833bb><b>,</b></font><font color = gray>]</font> as ethanol spillage does not contaminate<br>
groundwa...<br>
[ snip! ]<br>
... by allowing them to <br>
average their oxygen content<font color = gray>[</font><font color = #8833bb><b>,</b></font><font color = gray>]</font>" Ganske said.  "While giving them this <br>
flexibility<font color = gray>[</font><font color = #8833bb><b>,</b></font><font color = gray>]</font> we have also raised the bar on environmental qual...<br>
[ snip! ]<br>
...genated fuels in the Reformulated Gasoline Program<font color = gray>[</font><font color = #8833bb><b>,</b></font><font color = gray>]</font> <br>
refiners have exceeded these requirements. The b...<br>
[ snip! ]<br>
...ke into consideration these lower emissions levels<font color = gray>[</font><font color = #8833bb><b>,</b></font><font color = gray>]</font> resetting the bar at a <br>
more environmentally sound level.<br>
<br>
In promoting the bill<font color = gray>[</font><font color = #8833bb><b>,</b></font><font color = gray>]</font> Ganske cited a USDA study of the agriculture impa...<br>
[ snip! ]<br>
...n in on-farm cash receipts each year.  In addition<font color = gray>[</font><font color = #8833bb><b>,</b></font><font color = gray>]</font> it would <br>
improve the price of corn by 14 cents p...<br>
[ snip! ]<br>
...is a sensible environmental <br>
and agricultural bill<font color = gray>[</font><font color = #8833bb><b>,</b></font><font color = gray>]</font>" Ganske said.  "It is exceptionally important <br>
co...<br>
[ snip! ]<br>
...ss must make a commitment to environmental quality<font color = gray>[</font><font color = #8833bb><b>,</b></font><font color = gray>]</font> renewable energy <br>
and American agriculture.  This bill does all three<font color = gray>[</font><font color = #8833bb><b>,</b></font><font color = gray>]</font>"  Ganske said.  "It will <br>
help cleanup MTBE conta...<br>
[ snip! ]<br>
...(MN)<br>
&gt; Sherwood Boehlert (NY)<br>
&gt; Don Manzullo (IL)<br>


<h1>Document '10049'</h1>

EU backs MTBE despite US prohibition<br>
ENDS Daily - ...<br>
[ snip! ]<br>
...derable damage to<br>
groundwater.<br>
<br>
Speaking on Monday<font color = gray>[</font><font color = #8833bb><b>,</b></font><font color = gray>]</font> agency head Carol Browner said the move<br>
was "nece...<br>
[ snip! ]<br>
...e USA would be replacing the additive<br>
with ethanol<font color = gray>[</font><font color = #8833bb><b>,</b></font><font color = gray>]</font> a non-petrochemical alternative.  A<br>
spokesperson ...<br>
[ snip! ]<br>
...d gasoline" - a compulsory<br>
fuel in some big cities<font color = gray>[</font><font color = #8833bb><b>,</b></font><font color = gray>]</font> where it helps to reduce air<br>
emissions.  However<font color = gray>[</font><font color = #8833bb><b>,</b></font><font color = gray>]</font> it leaks from pipes and storage tanks<br>
and has cau...<br>
[ snip! ]<br>
...<br>
taste foul at very low concentrations.<br>
<br>
In Europe<font color = gray>[</font><font color = #8833bb><b>,</b></font><font color = gray>]</font> MTBE is used instead as an octane booster<font color = gray>[</font><font color = #8833bb><b>,</b></font><font color = gray>]</font> and<br>
typically only at concentrations of around 1....<br>
[ snip! ]<br>
...an the use of MBTE is set to<br>
increase dramatically<font color = gray>[</font><font color = #8833bb><b>,</b></font><font color = gray>]</font> however.<br>
<br>
MTBE expert Eberhard Morgenroth of the ...<br>
[ snip! ]<br>
...onnected to drinking<br>
water contamination with MTBE<font color = gray>[</font><font color = #8833bb><b>,</b></font><font color = gray>]</font>" he says.  "It might be that<br>
in 10 years we will ...<br>
[ snip! ]<br>
...ruary).  Germany has also<br>
found contaminated sites<font color = gray>[</font><font color = #8833bb><b>,</b></font><font color = gray>]</font> some formerly occupied by Soviet<br>
troops.  Neither...<br>
[ snip! ]<br>
... no EU environmental quality limits governing MTBE<font color = gray>[</font><font color = #8833bb><b>,</b></font><font color = gray>]</font><br>
but an EU-sponsored risk assessment is underway in Finland<font color = gray>[</font><font color = #8833bb><b>,</b></font><font color = gray>]</font><br>
Europe's heaviest per-capita consumer.  An oil in...<br>
[ snip! ]<br>
...uel]<br>
blending" and would "not be a trivial problem<font color = gray>[</font><font color = #8833bb><b>,</b></font><font color = gray>]</font>" but said no<br>
work had been done to estimate the i...<br>
[ snip! ]<br>
...e world's top ten high production volume chemicals<font color = gray>[</font><font color = #8833bb><b>,</b></font><font color = gray>]</font><br>
however<font color = gray>[</font><font color = #8833bb><b>,</b></font><font color = gray>]</font> economic effects would very likely be significant.<br>


<h1>Document '1005'</h1>

Mother<font color = gray>[</font><font color = #8833bb><b>,</b></font><font color = gray>]</font><br>
<br>
I had offered to come and be there during your s...<br>
[ snip! ]<br>
...tion.  You know that I love you and <br>
Dad very much<font color = gray>[</font><font color = #8833bb><b>,</b></font><font color = gray>]</font> and that I do not have a favorite parent (if that...<br>
[ snip! ]<br>
... you are unhappy with Jason's actions that is fine<font color = gray>[</font><font color = #8833bb><b>,</b></font><font color = gray>]</font> but you have to <br>
remember that my brother and I a...<br>
[ snip! ]<br>
...ake that into consideration.<br>
<br>
I love you very much<font color = gray>[</font><font color = #8833bb><b>,</b></font><font color = gray>]</font><br>
<br>
Eric<br>
<br>
<br>
<br>
<br>
"K. Bass" &lt;daphneco64@bigplanet.com&gt; on...<br>
[ snip! ]<br>
... to "K. Bass" &lt;daphneco64@bigplanet.com&gt;<br>
To: "Bass<font color = gray>[</font><font color = #8833bb><b>,</b></font><font color = gray>]</font> Jason" &lt;Jason.Bass2@COMPAQ.com&gt;<br>
cc: Eric Bass &lt;Eric.Bass@enron.com&gt;<font color = gray>[</font><font color = #8833bb><b>,</b></font><font color = gray>]</font> "Larry W. Bass" <br>
&lt;lwbthemarine@bigplanet.com&gt; <br>
Subject: <br>
<br>
<br>
<br>
Dear Jason<font color = gray>[</font><font color = #8833bb><b>,</b></font><font color = gray>]</font><br>
<font color = gray>[</font><font color = #8833bb><b>?</b></font><font color = gray>]</font><br>
I know it has been two months since my  surgery.<font color = gray>[</font><font color = #8833bb><b>?</b></font><font color = gray>]</font> I don't know why the <br>
feelings have finally surfaced.<font color = gray>[</font><font color = #8833bb><b>?</b></font><font color = gray>]</font> I did  not even say anything to your father <br>
until today<font color = gray>[</font><font color = #8833bb><b>.</b></font><font color = gray>[</font><font color = #aa22aa><b>?</b></font><font color = gray>]</font><font color = #8833bb><b> <br>
</b></font><font color = gray>[</font><font color = #aa22aa><b>?</b></font><font color = gray>]</font><font color = #8833bb><b></b></font><font color = gray>]</font><br>
First of all<font color = gray>[</font><font color = #8833bb><b>,</b></font><font color = gray>]</font> I expected to see 3 smiling faces  when I awoke in the recovery <br>
room.<font color = gray>[</font><font color = #8833bb><b>?</b></font><font color = gray>]</font> I only saw one.<font color = gray>[</font><font color = #8833bb><b>?</b></font><font color = gray>]</font> I was  devastated.<font color = gray>[</font><font color = #8833bb><b>?</b></font><font color = gray>]</font> I will get over it but it has to <br>
run its course.<font color = gray>[</font><font color = #8833bb><b>?</b></font><font color = gray>]</font> Nothing  would have prevented me from being by ei...<br>
[ snip! ]<br>
...r one of <br>
your sides under similar  circumstances.<font color = gray>[</font><font color = #8833bb><b>?</b></font><font color = gray>]</font> I know you have lives<font color = gray>[</font><font color = #8833bb><b>,</b></font><font color = gray>]</font> work<font color = gray>[</font><font color = #8833bb><b>,</b></font><font color = gray>]</font> etc.<font color = gray>[</font><font color = #8833bb><b>,</b></font><font color = gray>]</font> <br>
but you<font color = gray>[</font><font color = #8833bb><b>,</b></font><font color = gray>]</font> especially<font color = gray>[</font><font color = #8833bb><b>,</b></font><font color = gray>]</font>  always find time for friends in need<font color = gray>[</font><font color = #8833bb><b>,</b></font><font color = gray>]</font> i.e<font color = gray>[</font><font color = #8833bb><b>,</b></font><font color = gray>]</font> Donnita's <br>
mother and Donnita's  15-minute oral surgery.<font color = gray>[</font><font color = #8833bb><b>?</b></font><font color = gray>]</font> Give me a break<font color = gray>[</font><font color = #8833bb><b>.</b></font><font color = gray>[</font><font color = #aa22aa><b>?</b></font><font color = gray>]</font><font color = #8833bb><b></b></font><font color = gray>[</font><font color = #aa22aa><b>?</b></font><font color = gray>]</font><font color = #8833bb><b></b></font><font color = gray>]</font> But<font color = gray>[</font><font color = #8833bb><b>,</b></font><font color = gray>]</font> the <br>
most heart  wrenching thing is<font color = gray>[</font><font color = #8833bb><b>,</b></font><font color = gray>]</font> until today<font color = gray>[</font><font color = #8833bb><b>,</b></font><font color = gray>]</font> you never gave it a second <br>
thought. How would  you have felt if I had not been there for you<font color = gray>[</font><font color = #8833bb><b>?</b></font><font color = gray>]</font> The final <br>
blow<font color = gray>[</font><font color = #8833bb><b>,</b></font><font color = gray>]</font> though<font color = gray>[</font><font color = #8833bb><b>,</b></font><font color = gray>]</font> was the  realization that you would take time to ...<br>
[ snip! ]<br>
...ke  an entire day off for Donnita's oral <br>
surgery.<font color = gray>[</font><font color = #8833bb><b>?</b></font><font color = gray>]</font> Actions speak louder than  words.<br>
<font color = gray>[</font><font color = #8833bb><b>?</b></font><font color = gray>]</font><br>
I'll get over this.<font color = gray>[</font><font color = #8833bb><b>?</b></font><font color = gray>]</font> In fact<font color = gray>[</font><font color = #8833bb><b>,</b></font><font color = gray>]</font> I've gotten it  off my chest and this is the <br>
end of it.<font color = gray>[</font><font color = #8833bb><b>?</b></font><font color = gray>]</font> But<font color = gray>[</font><font color = #8833bb><b>,</b></font><font color = gray>]</font> I cannot help but wonder<font color = gray>[</font><font color = #8833bb><b>,</b></font><font color = gray>]</font> and  I want you both to answer <br>
this truthfully<font color = gray>[</font><font color = #8833bb><b>,</b></font><font color = gray>]</font> if it had been your father<font color = gray>[</font><font color = #8833bb><b>,</b></font><font color = gray>]</font> would you  have been there<font color = gray>[</font><font color = #8833bb><b>?</b></font><font color = gray>]</font><font color = gray>[</font><font color = #8833bb><b>?</b></font><font color = gray>]</font> <br>
Just curious.<font color = gray>[</font><font color = #8833bb><b>?</b></font><font color = gray>]</font> You reap what you sow.<font color = gray>[</font><font color = #8833bb><b>?</b></font><font color = gray>]</font> I guess  I was not very good at the <br>
sowing part.<br>
<font color = gray>[</font><font color = #8833bb><b>?</b></font><font color = gray>]</font><br>
Love<font color = gray>[</font><font color = #8833bb><b>,</b></font><font color = gray>]</font> Mom<br>
<br>


<h1>Document '1006'</h1>

i repeat<font color = gray>[</font><font color = #8833bb><b>,</b></font><font color = gray>]</font> uou have no offer<font color = gray>[</font><font color = #8833bb><b>?</b></font><font color = gray>]</font><br>
<br>
<br>
To: Eric Bass/HOU/ECT@ECT<br>
cc:  <br>
Subject: Re: Gonzalez  <br>
<br>
He was my number 2 pick<font color = gray>[</font><font color = #8833bb><b>,</b></font><font color = gray>]</font> and I don't want to hear about me drafting him too <br>
early<font color = gray>[</font><font color = #8833bb><b>,</b></font><font color = gray>]</font> else we would not be having this correspondence.....<br>
[ snip! ]<br>
...free/HOU/ECT@ECT<br>
cc:  <br>
Subject: Re: Gonzalez  <br>
<br>
so<font color = gray>[</font><font color = #8833bb><b>,</b></font><font color = gray>]</font> there is nothing on my team that you are willing to give up gonzo for<font color = gray>[</font><font color = #8833bb><b>,</b></font><font color = gray>]</font> i <br>
find that hard to believe<br>
<br>
<br>
To: Eric Bass/HOU/...<br>
[ snip! ]<br>
...: Gonzalez  <br>
<br>
Your top wide receiver and tight end<font color = gray>[</font><font color = #8833bb><b>,</b></font><font color = gray>]</font> and I might throw in my fourth <br>
receiver...<br>
<br>
<br>
   ...<br>
[ snip! ]<br>
...ject: Gonzalez<br>
<br>
What do you want for tony gonzalez<font color = gray>[</font><font color = #8833bb><b>?</b></font><font color = gray>]</font><br>
<br>
<br>
<br>
<br>
<br>
<br>
<br>
<br>
<br>
<br>
<br>
<br>
<br>
<br>
<br>
<br>


<h1>Document '1007'</h1>

---------------------- Forwarded by Eric Bass/HOU/...<br>
[ snip! ]<br>
...@EES<br>
08/17/2000 12:09 PM<br>
To: Eric Bass/HOU/ECT@ECT<font color = gray>[</font><font color = #8833bb><b>,</b></font><font color = gray>]</font> ccampbel@tosco.com<font color = gray>[</font><font color = #8833bb><b>,</b></font><font color = gray>]</font> jkcarruth@fedex.com<font color = gray>[</font><font color = #8833bb><b>,</b></font><font color = gray>]</font> Joey <br>
Esperance/LON/ECT@ECT<font color = gray>[</font><font color = #8833bb><b>,</b></font><font color = gray>]</font> JLGaither@equilon.com<font color = gray>[</font><font color = #8833bb><b>,</b></font><font color = gray>]</font> BZ202449@msxssc.shell.com<font color = gray>[</font><font color = #8833bb><b>,</b></font><font color = gray>]</font> <br>
Michelle LeBlanc/Corp/Enron@ENRON<font color = gray>[</font><font color = #8833bb><b>,</b></font><font color = gray>]</font> gary_l@deq.state.la.us<font color = gray>[</font><font color = #8833bb><b>,</b></font><font color = gray>]</font> bowmanja@us.ibm.com<br>
cc:  <br>
Subject: LSU Is Ranked ...<br>
[ snip! ]<br>
...:00:49 PM<br>
To: "'Amy Brown'" &lt;whoop_97@hotmail.com&gt;<font color = gray>[</font><font color = #8833bb><b>,</b></font><font color = gray>]</font> "'Dave Sheffield (work)'" <br>
&lt;sheffidw@WellsFargo.COM&gt;<font color = gray>[</font><font color = #8833bb><b>,</b></font><font color = gray>]</font> "'Shanna Husser'" &lt;shusser@enron.com&gt;<font color = gray>[</font><font color = #8833bb><b>,</b></font><font color = gray>]</font> "'Tasha N. <br>
Devall'" &lt;Tasha.Devall@ey.com&gt;<font color = gray>[</font><font color = #8833bb><b>,</b></font><font color = gray>]</font> "'Williams<font color = gray>[</font><font color = #8833bb><b>,</b></font><font color = gray>]</font> Denise'" <br>
&lt;Denise_Williams@fmi.com&gt;<font color = gray>[</font><font color = #8833bb><b>,</b></font><font color = gray>]</font> "Barrow (E-mail)" <br>
&lt;Barrow_Peacock@Mail.BankOne.Com&gt;<font color = gray>[</font><font color = #8833bb><b>,</b></font><font color = gray>]</font> "Brett Roy (E-mail)" <br>
&lt;brettr@vistacreek.com&gt;<font color = gray>[</font><font color = #8833bb><b>,</b></font><font color = gray>]</font> "Heather Boshears (E-mail)" <br>
&lt;heather.boshears@us.pwcglobal.com&gt;<font color = gray>[</font><font color = #8833bb><b>,</b></font><font color = gray>]</font> "Jennifer Bonura (E-mail)" <br>
&lt;jennifer@chescom.net&gt;<font color = gray>[</font><font color = #8833bb><b>,</b></font><font color = gray>]</font> "Joe Thomas (E-mail)" &lt;jthomas@mail.smu.edu&gt;<font color = gray>[</font><font color = #8833bb><b>,</b></font><font color = gray>]</font> <br>
"Michele Colls (E-mail)" &lt;Michele084@aol.com&gt;<font color = gray>[</font><font color = #8833bb><b>,</b></font><font color = gray>]</font> "Mom &amp; Dad Roy (E-mail)" <br>
&lt;kjroy@attglobal.net&gt;<font color = gray>[</font><font color = #8833bb><b>,</b></font><font color = gray>]</font> "Robin Hughes (E-mail)" &lt;Mshuggies@aol.com&gt;<br>
cc:  ...<br>
[ snip! ]<br>
...tion Disappoints University  Officials<br>
BATON ROUGE<font color = gray>[</font><font color = #8833bb><b>,</b></font><font color = gray>]</font> La.<font color = gray>[</font><font color = #8833bb><b>,</b></font><font color = gray>]</font> Updated 9:13 p.m. CDT August 16<font color = gray>[</font><font color = #8833bb><b>,</b></font><font color = gray>]</font> 2000 --It's a  distinction<br>
officials at Louisiana State University wanted to avoid<font color = gray>[</font><font color = #8833bb><b>,</b></font><font color = gray>]</font> but now  the word is<br>
out: LSU has been ranked the...<br>
[ snip! ]<br>
...ities and<br>
sororities regarding alcohol consumption<font color = gray>[</font><font color = #8833bb><b>,</b></font><font color = gray>]</font>  LSU edged out the University of<br>
Alabama for the ...<br>
[ snip! ]<br>
...niversity officials still<br>
shaken after the Aug. 19<font color = gray>[</font><font color = #8833bb><b>,</b></font><font color = gray>]</font> 1997<font color = gray>[</font><font color = #8833bb><b>,</b></font><font color = gray>]</font> death of  an LSU student who drank<br>
excessively du...<br>
[ snip! ]<br>
..." school in the<br>
review.<br>
<br>
The top 20 "Party Schools<font color = gray>[</font><font color = #8833bb><b>,</b></font><font color = gray>]</font>" according to the Princeton Review:<br>
1.  Louisiana...<br>
[ snip! ]<br>
...ity<br>
9. University of Wisconsin<br>
10. Ohio University<font color = gray>[</font><font color = #8833bb><b>,</b></font><font color = gray>]</font>  Athens<br>
11. University of New Hampshire<br>
12. Unive...<br>
[ snip! ]<br>
...Union College<br>
The top 20 "Stone Cold Sober Schools<font color = gray>[</font><font color = #8833bb><b>,</b></font><font color = gray>]</font>" according to the Princeton  Review:<br>
1. Brigham Y...<br>
[ snip! ]<br>
...f Mines<br>
20. Rose-Hulman Institute of Technology<br>
<br>
<br>


<h1>Document '1008'</h1>

i have to swing the other side of it <font color = gray>[</font><font color = #8833bb><b>,</b></font><font color = gray>]</font> i'll let you know<br>
<br>
<br>
<br>
<br>
<br>
"Bass<font color = gray>[</font><font color = #8833bb><b>,</b></font><font color = gray>]</font> Jason" &lt;Jason.Bass2@COMPAQ.com&gt; on 08/16/2000 09:...<br>
[ snip! ]<br>
...ic Bass [mailto:Eric.Bass@enron.com]<br>
Sent: Tuesday<font color = gray>[</font><font color = #8833bb><b>,</b></font><font color = gray>]</font> August 15<font color = gray>[</font><font color = #8833bb><b>,</b></font><font color = gray>]</font> 2000 2:04 PM<br>
To: Bass<font color = gray>[</font><font color = #8833bb><b>,</b></font><font color = gray>]</font> Jason<br>
Subject: trade<br>
<br>
<br>
<br>
<br>
how about the final pick...<br>
[ snip! ]<br>
... the 2nd and my third for your 2nd and your 4th<br>
<br>
<br>


<h1>Document '1009'</h1>

I know you had asked for some info on Texas previously.  Sorry it is so late<font color = gray>[</font><font color = #8833bb><b>,</b></font><font color = gray>]</font> <br>
but here is a map of Tx pieplines.  The most not...<br>
[ snip! ]<br>
...hat are no on the <br>
current pipeline map) are Oasis<font color = gray>[</font><font color = #8833bb><b>,</b></font><font color = gray>]</font> Lonestar<font color = gray>[</font><font color = #8833bb><b>,</b></font><font color = gray>]</font> Valero<font color = gray>[</font><font color = #8833bb><b>,</b></font><font color = gray>]</font> and HPL.<br>
<br>
<br>
Thanks<font color = gray>[</font><font color = #8833bb><b>,</b></font><font color = gray>]</font><br>
<br>
Eric<br>
x3-0977<br>


<h1>Document '1010'</h1>

My 1<font color = gray>[</font><font color = #8833bb><b>,</b></font><font color = gray>]</font>4<font color = gray>[</font><font color = #8833bb><b>,</b></font><font color = gray>]</font>and 6 for your 1<font color = gray>[</font><font color = #8833bb><b>,</b></font><font color = gray>]</font> 5<font color = gray>[</font><font color = #8833bb><b>,</b></font><font color = gray>]</font>7
</body>
</html>
