<html>
<head>
<style type="text/css">
    table.aqltups {
        background-color: lightgray;
        width: 100%;
    }
    th {
        background-color: darkslategray;
        color: white;
    }
</style>
<title>nullargs.AvgTest.htm</title>
</head>
<body>


<h1>Document 'Unknown document'</h1>

<table class="aqltups">
<tr>
    <th>first: Float</th>
    <th>second: Float</th>
    <th>third: Float</th>
    <th>fourth: Float</th>
    <th>fifth: Float</th>
    <th>sixth: Float</th>
</tr>
<tr>
   <td>16.0</td>
   <td>null</td>
   <td>19.0</td>
   <td>20.0</td>
   <td>24.333334</td>
   <td>null</td>
</tr>
</table>
<br><br>


</body>
</html>
