<html>
<head>
<style type="text/css">
    table.aqltups {
        background-color: lightgray;
        width: 100%;
    }
    th {
        background-color: darkslategray;
        color: white;
    }
</style>
<title>WordAll.htm</title>
</head>
<body>


<h1>Document 'AOMDocument#0'</h1>

<table class="aqltups">
<tr>
    <th>match: Span</th>
</tr>
<tr>
   <td>[0-10]: 'So . . . y'</td>
</tr>
</table>
<br><br>
<font color = gray>[</font><font color = #8833bb><b>So . . . y</b></font><font color = gray>]</font>ou were looking for a one night stand afterall . . . ??<br>
<br>
DC

<h1>Document 'AOMDocument#1'</h1>

<table class="aqltups">
<tr>
    <th>match: Span</th>
</tr>
<tr>
   <td>[0-10]: 'Hey there '</td>
</tr>
</table>
<br><br>
<font color = gray>[</font><font color = #8833bb><b>Hey there </b></font><font color = gray>]</font>Bill!<br>
<br>
I thought I'd drop a quick line just to do ...<br>
[ snip! ]<br>
...our E-Card<br>
http://www.bluemountain.com/giftcenter/

<h1>Document 'AOMDocument#2'</h1>

<table class="aqltups">
<tr>
    <th>match: Span</th>
</tr>
<tr>
   <td>[0-10]: 'Group,\nEES'</td>
</tr>
</table>
<br><br>
<font color = gray>[</font><font color = #8833bb><b>Group,<br>
EES</b></font><font color = gray>]</font> and I have not been receiving emails detailing ou...<br>
[ snip! ]<br>
...in the office, and should call on it.<br>
Thanks,<br>
Bill

<h1>Document 'AOMDocument#3'</h1>

<table class="aqltups">
<tr>
    <th>match: Span</th>
</tr>
<tr>
   <td>[0-10]: 'That is so'</td>
</tr>
</table>
<br><br>
<font color = gray>[</font><font color = #8833bb><b>That is so</b></font><font color = gray>]</font> rad Bill. I'm pretty jealous, but at least one of...<br>
[ snip! ]<br>
...laying golf. Try to shoot a birdie for me. hee hee

<h1>Document 'AOMDocument#4'</h1>

<table class="aqltups">
<tr>
    <th>match: Span</th>
</tr>
<tr>
   <td>[0-10]: 'Group.\nWe '</td>
</tr>
</table>
<br><br>
<font color = gray>[</font><font color = #8833bb><b>Group.<br>
We </b></font><font color = gray>]</font>are short 25 mws under ST-WBOM in NP-15 for HE 7-2...<br>
[ snip! ]<br>
...and off peak that we should try to move/fill.<br>
Bill

<h1>Document 'AOMDocument#5'</h1>

<table class="aqltups">
<tr>
    <th>match: Span</th>
</tr>
<tr>
   <td>[0-10]: 'A quick re'</td>
</tr>
</table>
<br><br>
<font color = gray>[</font><font color = #8833bb><b>A quick re</b></font><font color = gray>]</font>minder for the newer members of the group.  The bo...<br>
[ snip! ]<br>
...as should be expected not to happen.<br>
<br>
Thanks,<br>
Bill

<h1>Document 'AOMDocument#6'</h1>

<table class="aqltups">
<tr>
    <th>match: Span</th>
</tr>
<tr>
   <td>[0-10]: 'Bill,\nThan'</td>
</tr>
</table>
<br><br>
<font color = gray>[</font><font color = #8833bb><b>Bill,<br>
Than</b></font><font color = gray>]</font>k you so much for writing back to me. I have been ...<br>
[ snip! ]<br>
...ownload of MSN Explorer at http://explorer.msn.com

<h1>Document 'AOMDocument#7'</h1>

<table class="aqltups">
<tr>
    <th>match: Span</th>
</tr>
<tr>
   <td>[0-10]: 'Yo!  My ph'</td>
</tr>
</table>
<br><br>
<font color = gray>[</font><font color = #8833bb><b>Yo!  My ph</b></font><font color = gray>]</font>one# is 503-224-4223.  Give me a call if you want to hang out<br>
tonight.<br>
-Scott<br>


<h1>Document 'AOMDocument#8'</h1>

<table class="aqltups">
<tr>
    <th>match: Span</th>
</tr>
<tr>
   <td>[0-10]: 'Ahoy!  the'</td>
</tr>
</table>
<br><br>
<font color = gray>[</font><font color = #8833bb><b>Ahoy!  the</b></font><font color = gray>]</font> tide is high and the mermaids are singing.  What ...<br>
[ snip! ]<br>
...re could be trouble on the horizon....<br>
-Lee Mellon

<h1>Document 'AOMDocument#9'</h1>

<table class="aqltups">
<tr>
    <th>match: Span</th>
</tr>
<tr>
   <td>[0-10]: 'Hi Bill!\n\n'</td>
</tr>
</table>
<br><br>
<font color = gray>[</font><font color = #8833bb><b>Hi Bill!<br>
<br>
</b></font><font color = gray>]</font>Thank you for returning the paperwork to me. They ...<br>
[ snip! ]<br>
...ee ya walking for MS! :-) Late night? he he he<br>
J/K

<h1>Document 'AOMDocument#10'</h1>

<table class="aqltups">
<tr>
    <th>match: Span</th>
</tr>
<tr>
   <td>[0-10]: 'Bill,\n\nWan'</td>
</tr>
</table>
<br><br>
<font color = gray>[</font><font color = #8833bb><b>Bill,<br>
<br>
Wan</b></font><font color = gray>]</font>t to make sure this is your email first.<br>
<br>
Morgan<br>
<br>
...<br>
[ snip! ]<br>
...ou want at great prices<br>
http://auctions.yahoo.com/

<h1>Document 'AOMDocument#11'</h1>

<table class="aqltups">
<tr>
    <th>match: Span</th>
</tr>
<tr>
   <td>[0-10]: 'Hey dude,\n'</td>
</tr>
</table>
<br><br>
<font color = gray>[</font><font color = #8833bb><b>Hey dude,<br>
</b></font><font color = gray>]</font><br>
How about Booty?  He could be developed, he has t...<br>
[ snip! ]<br>
... I hope my Tigers keep up the improvements.<br>
<br>
Smith

<h1>Document 'AOMDocument#12'</h1>

<table class="aqltups">
<tr>
    <th>match: Span</th>
</tr>
<tr>
   <td>[0-10]: 'Hello Bill'</td>
</tr>
</table>
<br><br>
<font color = gray>[</font><font color = #8833bb><b>Hello Bill</b></font><font color = gray>]</font>,<br>
<br>
Just a reminder that we scheduled the test for ...<br>
[ snip! ]<br>
...Test Coordinator(MH-1)<br>
800-896-6453<br>
ext. 324736  M

<h1>Document 'AOMDocument#13'</h1>

<table class="aqltups">
<tr>
    <th>match: Span</th>
</tr>
<tr>
   <td>[0-10]: 'Hey,\ndo yo'</td>
</tr>
</table>
<br><br>
<font color = gray>[</font><font color = #8833bb><b>Hey,<br>
do yo</b></font><font color = gray>]</font>u happen to know the name of the scooter place in ...<br>
[ snip! ]<br>
...anks. Are you leaving work early to go to Seattle?

<h1>Document 'AOMDocument#14'</h1>

<table class="aqltups">
<tr>
    <th>match: Span</th>
</tr>
<tr>
   <td>[0-10]: 'Please res'</td>
</tr>
</table>
<br><br>
<font color = gray>[</font><font color = #8833bb><b>Please res</b></font><font color = gray>]</font>pond to cfredrikson<br>
I'm back.  How was your weeken...<br>
[ snip! ]<br>
...on????  Aughhhhh!  I'm never going to make it!<br>
<br>
:)

<h1>Document 'AOMDocument#15'</h1>

<table class="aqltups">
<tr>
    <th>match: Span</th>
</tr>
<tr>
   <td>[0-10]: 'FYI,  Let '</td>
</tr>
</table>
<br><br>
<font color = gray>[</font><font color = #8833bb><b>FYI,  Let </b></font><font color = gray>]</font>me know what you think.<br>
<br>
Thresa

<h1>Document 'AOMDocument#16'</h1>

<table class="aqltups">
<tr>
    <th>match: Span</th>
</tr>
<tr>
   <td>[0-10]: 'Bill,\n\nThe'</td>
</tr>
</table>
<br><br>
<font color = gray>[</font><font color = #8833bb><b>Bill,<br>
<br>
The</b></font><font color = gray>]</font> EPMI-ST-WBOM book has been set up as an internal ...<br>
[ snip! ]<br>
...ng access with this ID.<br>
<br>
<br>
Thanks,<br>
Stephanie x33465

<h1>Document 'AOMDocument#17'</h1>

<table class="aqltups">
<tr>
    <th>match: Span</th>
</tr>
<tr>
   <td>[0-10]: 'Mollie....'</td>
</tr>
</table>
<br><br>
<font color = gray>[</font><font color = #8833bb><b>Mollie....</b></font><font color = gray>]</font><br>


<h1>Document 'AOMDocument#18'</h1>

<table class="aqltups">
<tr>
    <th>match: Span</th>
</tr>
<tr>
   <td>[0-10]: 'On Tues an'</td>
</tr>
</table>
<br><br>
<font color = gray>[</font><font color = #8833bb><b>On Tues an</b></font><font color = gray>]</font>d Wed  27-28 Nov 01 CAISO will be having "focus" g...<br>
[ snip! ]<br>
...t a small room at the above referenced time.<br>
<br>
Alan

<h1>Document 'AOMDocument#19'</h1>

<table class="aqltups">
<tr>
    <th>match: Span</th>
</tr>
<tr>
   <td>[0-10]: 'Second try'</td>
</tr>
</table>
<br><br>
<font color = gray>[</font><font color = #8833bb><b>Second try</b></font><font color = gray>]</font> (couldn't get you all together on Monday).

<h1>Document 'AOMDocument#20'</h1>

<table class="aqltups">
<tr>
    <th>match: Span</th>
</tr>
<tr>
   <td>[0-10]: 'It's time '</td>
</tr>
</table>
<br><br>
<font color = gray>[</font><font color = #8833bb><b>It's time </b></font><font color = gray>]</font>to start planning the 2002 Mt. Bachelor Ski Trip -...<br>
[ snip! ]<br>
...er. and fax number.<br>
<br>
Thanks,<br>
Kathy S. and Kathy A.

<h1>Document 'AOMDocument#21'</h1>

<table class="aqltups">
<tr>
    <th>match: Span</th>
</tr>
<tr>
   <td>[0-10]: '***The Ski'</td>
</tr>
</table>
<br><br>
<font color = gray>[</font><font color = #8833bb><b>***The Ski</b></font><font color = gray>]</font> Trip meeting has been rescheduled for Wed., 10/31...<br>
[ snip! ]<br>
...eting was planned for Thursday, 10/25 at 1:00 p.m.

<h1>Document 'AOMDocument#22'</h1>

<table class="aqltups">
<tr>
    <th>match: Span</th>
</tr>
<tr>
   <td>[0-10]: 'Please mak'</td>
</tr>
</table>
<br><br>
<font color = gray>[</font><font color = #8833bb><b>Please mak</b></font><font color = gray>]</font>e plans to attend a West Power Trading luncheon st...<br>
[ snip! ]<br>
... you have a scheduling conflict and cannot attend.

<h1>Document 'AOMDocument#23'</h1>

<table class="aqltups">
<tr>
    <th>match: Span</th>
</tr>
<tr>
   <td>[0-10]: 'Here's wha'</td>
</tr>
</table>
<br><br>
<font color = gray>[</font><font color = #8833bb><b>Here's wha</b></font><font color = gray>]</font>t CAISO's proposing.  Please review and let's talk.

<h1>Document 'AOMDocument#24'</h1>

<table class="aqltups">
<tr>
    <th>match: Span</th>
</tr>
<tr>
   <td>[0-10]: 'Had to res'</td>
</tr>
</table>
<br><br>
<font color = gray>[</font><font color = #8833bb><b>Had to res</b></font><font color = gray>]</font>chedule because D. Perrino could not get a flight ...<br>
[ snip! ]<br>
...onalNetworkedMarketConcept WMIC dfp 09_05_01.doc&gt;&gt;

<h1>Document 'AOMDocument#25'</h1>

<table class="aqltups">
<tr>
    <th>match: Span</th>
</tr>
<tr>
   <td>[0-10]: 'Meeting Ca'</td>
</tr>
</table>
<br><br>
<font color = gray>[</font><font color = #8833bb><b>Meeting Ca</b></font><font color = gray>]</font>ncellation<br>
<br>
Please be advised that today's meeting...<br>
[ snip! ]<br>
... @ ext. 3-5391 if you have any questions.  Thanks.

<h1>Document 'AOMDocument#26'</h1>

<table class="aqltups">
<tr>
    <th>match: Span</th>
</tr>
<tr>
   <td>[0-10]: 'System Not'</td>
</tr>
</table>
<br><br>
<font color = gray>[</font><font color = #8833bb><b>System Not</b></font><font color = gray>]</font>ification: At 0115 PST, WACM terminated request fo...<br>
[ snip! ]<br>
...n controllable devices for Path 30 USF mitigation.

<h1>Document 'AOMDocument#27'</h1>

<table class="aqltups">
<tr>
    <th>match: Span</th>
</tr>
<tr>
   <td>[0-10]: 'Internal p'</td>
</tr>
</table>
<br><br>
<font color = gray>[</font><font color = #8833bb><b>Internal p</b></font><font color = gray>]</font>ath flows are now below limits.  BEEP has been ret...<br>
[ snip! ]<br>
...ions<br>
may change suddenly with little or no notice.

<h1>Document 'AOMDocument#28'</h1>

<table class="aqltups">
<tr>
    <th>match: Span</th>
</tr>
<tr>
   <td>[0-10]: 'Path 15 S-'</td>
</tr>
</table>
<br><br>
<font color = gray>[</font><font color = #8833bb><b>Path 15 S-</b></font><font color = gray>]</font>N flows are near the limit.  BEEP has been put int...<br>
[ snip! ]<br>
...ions<br>
may change suddenly with little or no notice.

<h1>Document 'AOMDocument#29'</h1>

<table class="aqltups">
<tr>
    <th>match: Span</th>
</tr>
<tr>
   <td>[0-10]: 'Market Mes'</td>
</tr>
</table>
<br><br>
<font color = gray>[</font><font color = #8833bb><b>Market Mes</b></font><font color = gray>]</font>sage: At 2141 PST, WACM requested coordinated oper...<br>
[ snip! ]<br>
...ws are 570 MW. Path transfer capability is 581 MW.

<h1>Document 'AOMDocument#30'</h1>

<table class="aqltups">
<tr>
    <th>match: Span</th>
</tr>
<tr>
   <td>[0-10]: 'Beginning '</td>
</tr>
</table>
<br><br>
<font color = gray>[</font><font color = #8833bb><b>Beginning </b></font><font color = gray>]</font>HE20, the 10 minute and expost pricing on the OASI...<br>
[ snip! ]<br>
...ions<br>
may change suddenly with little or no notice.

<h1>Document 'AOMDocument#31'</h1>

<table class="aqltups">
<tr>
    <th>match: Span</th>
</tr>
<tr>
   <td>[0-10]: 'Starting H'</td>
</tr>
</table>
<br><br>
<font color = gray>[</font><font color = #8833bb><b>Starting H</b></font><font color = gray>]</font>E19 the ISO is posting incorrect 10 minute pricing...<br>
[ snip! ]<br>
...ions<br>
may change suddenly with little or no notice.

<h1>Document 'AOMDocument#32'</h1>

<table class="aqltups">
<tr>
    <th>match: Span</th>
</tr>
<tr>
   <td>[0-10]: 'To Market '</td>
</tr>
</table>
<br><br>
<font color = gray>[</font><font color = #8833bb><b>To Market </b></font><font color = gray>]</font>Participants and Scheduling Coordinators:<br>
The ISO ...<br>
[ snip! ]<br>
...elations Communications<br>
CRCommunications@caiso.com

<h1>Document 'AOMDocument#33'</h1>

<table class="aqltups">
<tr>
    <th>match: Span</th>
</tr>
<tr>
   <td>[0-10]: 'The price '</td>
</tr>
</table>
<br><br>
<font color = gray>[</font><font color = #8833bb><b>The price </b></font><font color = gray>]</font>is still 91.87.<br>
<br>
Keoni Almeida<br>
California Independ...<br>
[ snip! ]<br>
...agenet.net<br>
e-mail:  &lt;mailto:kalmeida@caiso.com&gt;<br>
<br>
<br>


<h1>Document 'AOMDocument#34'</h1>

<table class="aqltups">
<tr>
    <th>match: Span</th>
</tr>
<tr>
   <td>[0-10]: 'Group,\n\nGo'</td>
</tr>
</table>
<br><br>
<font color = gray>[</font><font color = #8833bb><b>Group,<br>
<br>
Go</b></font><font color = gray>]</font>ing forward we will be transacting with Enron Cana...<br>
[ snip! ]<br>
...th Enron Canada, please let me know.<br>
<br>
Thanks,<br>
Bill

<h1>Document 'AOMDocument#35'</h1>

<table class="aqltups">
<tr>
    <th>match: Span</th>
</tr>
<tr>
   <td>[0-10]: 'Technical '</td>
</tr>
</table>
<br><br>
<font color = gray>[</font><font color = #8833bb><b>Technical </b></font><font color = gray>]</font>Support can answer your questions related to the operation of your handheld computer.

<h1>Document 'AOMDocument#36'</h1>

<table class="aqltups">
<tr>
    <th>match: Span</th>
</tr>
<tr>
   <td>[0-10]: 'Customer C'</td>
</tr>
</table>
<br><br>
<font color = gray>[</font><font color = #8833bb><b>Customer C</b></font><font color = gray>]</font>are can answer your questions regarding activation, billing, coverage, and repairs.

<h1>Document 'AOMDocument#37'</h1>

<table class="aqltups">
<tr>
    <th>match: Span</th>
</tr>
<tr>
   <td>[0-10]: 'For more i'</td>
</tr>
</table>
<br><br>
<font color = gray>[</font><font color = #8833bb><b>For more i</b></font><font color = gray>]</font>nformation about accessories, useful add-on softwa...<br>
[ snip! ]<br>
... and replacement parts, please visit www.palm.net.

<h1>Document 'AOMDocument#38'</h1>

<table class="aqltups">
<tr>
    <th>match: Span</th>
</tr>
<tr>
   <td>[0-10]: 'Real-Time '</td>
</tr>
</table>
<br><br>
<font color = gray>[</font><font color = #8833bb><b>Real-Time </b></font><font color = gray>]</font>group.

<h1>Document 'AOMDocument#39'</h1>

<table class="aqltups">
<tr>
    <th>match: Span</th>
</tr>
<tr>
   <td>[0-10]: 'Reservatio'</td>
</tr>
</table>
<br><br>
<font color = gray>[</font><font color = #8833bb><b>Reservatio</b></font><font color = gray>]</font>n status has changed. Details of the reservation a...<br>
[ snip! ]<br>
...ron.com<br>
REASSIGNED_REF = 0<br>
REASSIGNED_CAPACITY = 0

<h1>Document 'AOMDocument#40'</h1>

<table class="aqltups">
<tr>
    <th>match: Span</th>
</tr>
<tr>
   <td>[0-10]: 'Hi Bill,\n\n'</td>
</tr>
</table>
<br><br>
<font color = gray>[</font><font color = #8833bb><b>Hi Bill,<br>
<br>
</b></font><font color = gray>]</font>I know you have been out and I will be out all nex...<br>
[ snip! ]<br>
..., Roger will be filling in for me.<br>
<br>
Thanks,<br>
<br>
Kathy

<h1>Document 'AOMDocument#41'</h1>

<table class="aqltups">
<tr>
    <th>match: Span</th>
</tr>
<tr>
   <td>[0-10]: 'Sorry Bill'</td>
</tr>
</table>
<br><br>
<font color = gray>[</font><font color = #8833bb><b>Sorry Bill</b></font><font color = gray>]</font>,<br>
<br>
But one more time...the ancillary are in the regular purchase total.<br>
<br>
Thanks,<br>
<br>
Kathy

<h1>Document 'AOMDocument#42'</h1>

<table class="aqltups">
<tr>
    <th>match: Span</th>
</tr>
<tr>
   <td>[0-10]: 'Thanks for'</td>
</tr>
</table>
<br><br>
<font color = gray>[</font><font color = #8833bb><b>Thanks for</b></font><font color = gray>]</font> your help Bill.<br>
<br>
One little thing on the 25th.  T...<br>
[ snip! ]<br>
...e<br>
regular purchases in the totals.<br>
<br>
Thanks,<br>
<br>
Kathy

<h1>Document 'AOMDocument#43'</h1>

<table class="aqltups">
<tr>
    <th>match: Span</th>
</tr>
<tr>
   <td>[0-0]: ''</td>
</tr>
</table>
<br><br>


<h1>Document 'AOMDocument#44'</h1>

<table class="aqltups">
<tr>
    <th>match: Span</th>
</tr>
<tr>
   <td>[0-10]: 'Good morni'</td>
</tr>
</table>
<br><br>
<font color = gray>[</font><font color = #8833bb><b>Good morni</b></font><font color = gray>]</font>ng Bill<br>
<br>
On 4/28 could you move the -100 bookouts ...<br>
[ snip! ]<br>
... all the<br>
models corrected by then.<br>
<br>
Thanks,<br>
<br>
Kathy

<h1>Document 'AOMDocument#45'</h1>

<table class="aqltups">
<tr>
    <th>match: Span</th>
</tr>
<tr>
   <td>[0-10]: 'One more B'</td>
</tr>
</table>
<br><br>
<font color = gray>[</font><font color = #8833bb><b>One more B</b></font><font color = gray>]</font>ill,<br>
<br>
The sale to PSCO HE 14-19  35MWH should be @ $220.00 per Tony and PSCO.<br>
<br>
Thanks,<br>
<br>
Kathy

<h1>Document 'AOMDocument#46'</h1>

<table class="aqltups">
<tr>
    <th>match: Span</th>
</tr>
<tr>
   <td>[0-10]: 'Hi Bill,\n\n'</td>
</tr>
</table>
<br><br>
<font color = gray>[</font><font color = #8833bb><b>Hi Bill,<br>
<br>
</b></font><font color = gray>]</font>When you get a chance can you correct this day?<br>
<br>
H...<br>
[ snip! ]<br>
... Prices are $350.00 and $520.00???<br>
<br>
Thanks,<br>
<br>
Kathy

<h1>Document 'AOMDocument#47'</h1>

<table class="aqltups">
<tr>
    <th>match: Span</th>
</tr>
<tr>
   <td>[0-10]: 'Hi Bill,\n\n'</td>
</tr>
</table>
<br><br>
<font color = gray>[</font><font color = #8833bb><b>Hi Bill,<br>
<br>
</b></font><font color = gray>]</font>I just got back in the office today and I am going...<br>
[ snip! ]<br>
...s are not<br>
adding up on the bottom.<br>
<br>
Thanks,<br>
<br>
Kathy

<h1>Document 'AOMDocument#48'</h1>

<table class="aqltups">
<tr>
    <th>match: Span</th>
</tr>
<tr>
   <td>[0-6]: 'Thanks'</td>
</tr>
</table>
<br><br>
<font color = gray>[</font><font color = #8833bb><b>Thanks</b></font><font color = gray>]</font>

<h1>Document 'AOMDocument#49'</h1>

<table class="aqltups">
<tr>
    <th>match: Span</th>
</tr>
<tr>
   <td>[0-10]: 'Hi Bill,\n\n'</td>
</tr>
</table>
<br><br>
<font color = gray>[</font><font color = #8833bb><b>Hi Bill,<br>
<br>
</b></font><font color = gray>]</font>On yesterday's...HE16 from SRP should be a -65 not...<br>
[ snip! ]<br>
...llary<br>
is not adding up the bottom.<br>
<br>
Thanks,<br>
<br>
Kathy

<h1>Document 'AOMDocument#50'</h1>

<table class="aqltups">
<tr>
    <th>match: Span</th>
</tr>
<tr>
   <td>[0-10]: 'Hi Bill,\n\n'</td>
</tr>
</table>
<br><br>
<font color = gray>[</font><font color = #8833bb><b>Hi Bill,<br>
<br>
</b></font><font color = gray>]</font>Just a couple of things on these models..<br>
<br>
On 4/17...<br>
[ snip! ]<br>
... chance, just re-email them to me.<br>
<br>
Thanks,<br>
<br>
Kathy

<h1>Document 'AOMDocument#51'</h1>

<table class="aqltups">
<tr>
    <th>match: Span</th>
</tr>
<tr>
   <td>[0-10]: 'BUSINESS H'</td>
</tr>
</table>
<br><br>
<font color = gray>[</font><font color = #8833bb><b>BUSINESS H</b></font><font color = gray>]</font>IGHLIGHTS<br>
<br>
Enron Industrial Markets<br>
Metal Bulletin...<br>
[ snip! ]<br>
...for internal use only and should not be disclosed.

<h1>Document 'AOMDocument#52'</h1>

<table class="aqltups">
<tr>
    <th>match: Span</th>
</tr>
<tr>
   <td>[0-10]: 'Enron is p'</td>
</tr>
</table>
<br><br>
<font color = gray>[</font><font color = #8833bb><b>Enron is p</b></font><font color = gray>]</font>roud to be a Charity Partner Sponsor for the 2001 ...<br>
[ snip! ]<br>
...tp://home.enron.com:84/messaging/shelldescript.doc

<h1>Document 'AOMDocument#53'</h1>

<table class="aqltups">
<tr>
    <th>match: Span</th>
</tr>
<tr>
   <td>[0-10]: 'Read about'</td>
</tr>
</table>
<br><br>
<font color = gray>[</font><font color = #8833bb><b>Read about</b></font><font color = gray>]</font> the two new FERC Commissioners.<br>
<br>
Also in this iss...<br>
[ snip! ]<br>
...ations, then click eBiz and "eBiz April 13, 2001."

<h1>Document 'AOMDocument#54'</h1>

<table class="aqltups">
<tr>
    <th>match: Span</th>
</tr>
<tr>
   <td>[0-10]: 'To further'</td>
</tr>
</table>
<br><br>
<font color = gray>[</font><font color = #8833bb><b>To further</b></font><font color = gray>]</font> the process of reaching the stated objectives of ...<br>
[ snip! ]<br>
...to:<br>
Joe Deffner		853-7117<br>
Alan Quaintance	345-7731

<h1>Document 'AOMDocument#55'</h1>

<table class="aqltups">
<tr>
    <th>match: Span</th>
</tr>
<tr>
   <td>[0-10]: 'How should'</td>
</tr>
</table>
<br><br>
<font color = gray>[</font><font color = #8833bb><b>How should</b></font><font color = gray>]</font> I prepare for this?

<h1>Document 'AOMDocument#56'</h1>

<table class="aqltups">
<tr>
    <th>match: Span</th>
</tr>
<tr>
   <td>[0-10]: 'FYI:\n\nTodd'</td>
</tr>
</table>
<br><br>
<font color = gray>[</font><font color = #8833bb><b>FYI:<br>
<br>
Todd</b></font><font color = gray>]</font> Bland will be arriving around May 17 as a summer ...<br>
[ snip! ]<br>
...f you want to call him his number is 281-639-6536.

<h1>Document 'AOMDocument#57'</h1>

<table class="aqltups">
<tr>
    <th>match: Span</th>
</tr>
<tr>
   <td>[0-0]: ''</td>
</tr>
</body>
</html>
