<html>
<head>
<style type="text/css">
    table.aqltups {
        background-color: lightgray;
        width: 100%;
    }
    th {
        background-color: darkslategray;
        color: white;
    }
</style>
<title>person.PersonSimple.htm</title>
</head>
<body>


<h1>Document '00144'</h1>

<table class="aqltups">
<tr>
    <th>person: Text</th>
</tr>
<tr>
   <td>'[429-443]: 'LORRAINE SMITH''</td>
</tr>
<tr>
   <td>'[478-492]: 'MORGAN STANLEY''</td>
</tr>
<tr>
   <td>'[519-523]: 'EMMA''</td>
</tr>
</table>
<br><br>
<font color = gray>[</font><font color = #8833bb><b></b></font><font color = gray>[</font><font color = #aa22aa><b></b></font><font color = gray>[</font><font color = #bb1111><b>[429-443]: 'LORRA</b></font><font color = gray>]</font><font color = #aa22aa><b>INE SMITH'</b></font><font color = gray>]</font><font color = gray>]</font>

<h1>Document '1000'</h1>

<table class="aqltups">
<tr>
    <th>person: Text</th>
</tr>
<tr>
   <td>'[36-45]: 'ERIC BASS''</td>
</tr>
<tr>
   <td>'[109-114]: 'LARRY''</td>
</tr>
<tr>
   <td>'[237-241]: 'ERIC''</td>
</tr>
<tr>
   <td>'[336-350]: 'FRANK MARSTERS''</td>
</tr>
<tr>
   <td>'[384-396]: 'RUSS MATHEWS''</td>
</tr>
<tr>
   <td>'[451-457]: 'HARRIS''</td>
</tr>
<tr>
   <td>'[459-463]: 'MARY''</td>
</tr>
<tr>
   <td>'[536-539]: 'PAM''</td>
</tr>
<tr>
   <td>'[568-573]: 'LARRY''</td>
</tr>
<tr>
   <td>'[606-611]: 'BALCH''</td>
</tr>
<tr>
   <td>'[652-658]: 'GEORGE''</td>
</tr>
<tr>
   <td>'[1069-1082]: 'CALVIN WALLER''</td>
</tr>
<tr>
   <td>'[1159-1172]: 'FRED WILLIAMS''</td>
</tr>
<tr>
   <td>'[1486-1496]: 'ROSS SMITH''</td>
</tr>
<tr>
   <td>'[1569-1580]: 'CINDY SMITH''</td>
</tr>
<tr>
   <td>'[1614-1622]: 'CROCKETT''</td>
</tr>
<tr>
   <td>'[1627-1632]: 'TRUDY''</td>
</tr>
<tr>
   <td>'[1695-1708]: 'JOHN PHILLIPS''</td>
</tr>
<tr>
   <td>'[1734-1741]: 'KRISTIE''</td>
</tr>
<tr>
   <td>'[1782-1794]: 'WES RISINGER''</td>
</tr>
<tr>
   <td>'[2424-2429]: 'GATES''</td>
</tr>
<tr>
   <td>'[2664-2669]: 'CHRIS''</td>
</tr>
<tr>
   <td>'[2956-2961]: 'CHRIS''</td>
</tr>
</table>
<br><br>
<font color = gray>[</font><font color = #8833bb><b></b></font><font color = gray>[</font><font color = #aa22aa><b></b></font><font color = gray>[</font><font color = #bb1111><b></b></font><font color = gray>[</font><font color = #ee0000><b></b></font><font color = gray>[</font><font color = #ff0000><b></b></font><font color = gray>[</font><font color = #ff0000><b></b></font><font color = gray>[</font><font color = #ff0000><b></b></font><font color = gray>[</font><font color = #ff0000><b></b></font><font color = gray>[</font><font color = #ff0000><b></b></font><font color = gray>[</font><font color = #ff0000><b></b></font><font color = gray>[</font><font color = #ff0000><b></b></font><font color = gray>[</font><font color = #ff0000><b></b></font><font color = gray>[</font><font color = #ff0000><b></b></font><font color = gray>[</font><font color = #ff0000><b></b></font><font color = gray>[</font><font color = #ff0000><b></b></font><font color = gray>[</font><font color = #ff0000><b></b></font><font color = gray>[</font><font color = #ff0000><b></b></font><font color = gray>[</font><font color = #ff0000><b></b></font><font color = gray>[</font><font color = #ff0000><b></b></font><font color = gray>[</font><font color = #ff0000><b></b></font><font color = gray>[</font><font color = #ff0000><b></b></font><font color = gray>[</font><font color = #ff0000><b></b></font><font color = gray>[</font><font color = #ff0000><b>[36-45]: 'ERIC B</b></font><font color = gray>]</font><font color = #ff0000><b>A</b></font><font color = gray>]</font><font color = #ff0000><b></b></font><font color = gray>]</font><font color = #ff0000><b>S</b></font><font color = gray>]</font><font color = #ff0000><b></b></font><font color = gray>]</font><font color = #ff0000><b></b></font><font color = gray>]</font><font color = #ff0000><b>S</b></font><font color = gray>]</font><font color = #ff0000><b></b></font><font color = gray>]</font><font color = #ff0000><b>'</b></font><font color = gray>]</font><font color = gray>]</font><font color = gray>]</font><font color = gray>]</font><font color = gray>]</font><font color = gray>]</font><font color = gray>]</font><font color = gray>]</font><font color = gray>]</font><font color = gray>]</font><font color = gray>]</font><font color = gray>]</font><font color = gray>]</font><font color = gray>]</font><font color = gray>]</font>

<h1>Document '1001'</h1>

<table class="aqltups">
<tr>
    <th>person: Text</th>
</tr>
<tr>
   <td>'[50-55]: 'LARRY''</td>
</tr>
<tr>
   <td>'[124-128]: 'ERIC''</td>
</tr>
<tr>
   <td>'[276-280]: 'ERIC''</td>
</tr>
<tr>
   <td>'[484-489]: 'LARRY''</td>
</tr>
<tr>
   <td>'[564-568]: 'ERIC''</td>
</tr>
<tr>
   <td>'[624-634]: 'KATHY BASS''</td>
</tr>
<tr>
   <td>'[775-779]: 'ERIC''</td>
</tr>
<tr>
   <td>'[953-958]: 'LARRY''</td>
</tr>
<tr>
   <td>'[1098-1102]: 'ERIC''</td>
</tr>
</table>
<br><br>
<font color = gray>[</font><font color = #8833bb><b></b></font><font color = gray>[</font><font color = #aa22aa><b></b></font><font color = gray>[</font><font color = #bb1111><b></b></font><font color = gray>[</font><font color = #ee0000><b></b></font><font color = gray>[</font><font color = #ff0000><b></b></font><font color = gray>[</font><font color = #ff0000><b></b></font><font color = gray>[</font><font color = #ff0000><b></b></font><font color = gray>[</font><font color = #ff0000><b></b></font><font color = gray>[</font><font color = #ff0000><b>[50-55]: 'LARRY'</b></font><font color = gray>]</font><font color = gray>]</font><font color = gray>]</font><font color = gray>]</font><font color = gray>]</font><font color = gray>]</font><font color = gray>]</font><font color = gray>]</font><font color = gray>]</font>

<h1>Document '1003'</h1>

<table class="aqltups">
<tr>
    <th>person: Text</th>
</tr>
<tr>
   <td>'[51-56]: 'LARRY''</td>
</tr>
<tr>
   <td>'[144-148]: 'ERIC''</td>
</tr>
<tr>
   <td>'[169-182]: 'SHANNA HUSSER''</td>
</tr>
<tr>
   <td>'[184-190]: 'SHANNA''</td>
</tr>
</table>
<br><br>
<font color = gray>[</font><font color = #8833bb><b></b></font><font color = gray>[</font><font color = #aa22aa><b></b></font><font color = gray>[</font><font color = #bb1111><b></b></font><font color = gray>[</font><font color = #ee0000><b>[51-56]: 'LARRY'</b></font><font color = gray>]</font><font color = gray>]</font><font color = gray>]</font><font color = gray>]</font>

<h1>Document '10045'</h1>

<table class="aqltups">
<tr>
    <th>person: Text</th>
</tr>
<tr>
   <td>'[114-126]: 'JERRY PETERS''</td>
</tr>
<tr>
   <td>'[180-194]: 'STANLEY HORTON''</td>
</tr>
<tr>
   <td>'[216-227]: 'CINDY STARK''</td>
</tr>
<tr>
   <td>'[246-258]: 'LARRY DEROIN''</td>
</tr>
<tr>
   <td>'[277-288]: 'JOHN \NJESSE''</td>
</tr>
<tr>
   <td>'[472-479]: 'EDWARDS''</td>
</tr>
<tr>
   <td>'[870-877]: 'EDWARDS''</td>
</tr>
<tr>
   <td>'[1010-1016]: 'LEHMAN''</td>
</tr>
<tr>
   <td>'[1306-1318]: 'JEFF MCMAHON''</td>
</tr>
<tr>
   <td>'[1419-1425]: 'LEHMAN''</td>
</tr>
<tr>
   <td>'[1570-1587]: 'CERTAINLY \NLEHMAN''</td>
</tr>
<tr>
   <td>'[1726-1736]: 'JOHN JESSE''</td>
</tr>
<tr>
   <td>'[1906-1918]: 'JERRY PETERS''</td>
</tr>
<tr>
   <td>'[1998-2010]: 'JERRY PETERS''</td>
</tr>
<tr>
   <td>'[2064-2078]: 'STANLEY HORTON''</td>
</tr>
<tr>
   <td>'[2100-2111]: 'CINDY STARK''</td>
</tr>
<tr>
   <td>'[2130-2142]: 'LARRY DEROIN''</td>
</tr>
<tr>
   <td>'[2161-2172]: 'JOHN \NJESSE''</td>
</tr>
</table>
<br><br>
<font color = gray>[</font><font color = #8833bb><b></b></font><font color = gray>[</font><font color = #aa22aa><b></b></font><font color = gray>[</font><font color = #bb1111><b></b></font><font color = gray>[</font><font color = #ee0000><b></b></font><font color = gray>[</font><font color = #ff0000><b></b></font><font color = gray>[</font><font color = #ff0000><b></b></font><font color = gray>[</font><font color = #ff0000><b></b></font><font color = gray>[</font><font color = #ff0000><b></b></font><font color = gray>[</font><font color = #ff0000><b></b></font><font color = gray>[</font><font color = #ff0000><b></b></font><font color = gray>[</font><font color = #ff0000><b></b></font><font color = gray>[</font><font color = #ff0000><b></b></font><font color = gray>[</font><font color = #ff0000><b></b></font><font color = gray>[</font><font color = #ff0000><b></b></font><font color = gray>[</font><font color = #ff0000><b></b></font><font color = gray>[</font><font color = #ff0000><b></b></font><font color = gray>[</font><font color = #ff0000><b></b></font><font color = gray>[</font><font color = #ff0000><b>[114-126]: 'JERRY PE</b></font><font color = gray>]</font><font color = #ff0000><b></b></font><font color = gray>]</font><font color = #ff0000><b>T</b></font><font color = gray>]</font><font color = #ff0000><b></b></font><font color = gray>]</font><font color = #ff0000><b>ERS</b></font><font color = gray>]</font><font color = #ff0000><b>'</b></font><font color = gray>]</font><font color = gray>]</font><font color = gray>]</font><font color = gray>]</font><font color = gray>]</font><font color = gray>]</font><font color = gray>]</font><font color = gray>]</font><font color = gray>]</font><font color = gray>]</font><font color = gray>]</font><font color = gray>]</font><font color = gray>]</font>

<h1>Document '10046'</h1>

<table class="aqltups">
<tr>
    <th>person: Text</th>
</tr>
<tr>
   <td>'[663-667]: 'HESS''</td>
</tr>
<tr>
   <td>'[704-710]: 'MUNSON''</td>
</tr>
<tr>
   <td>'[1352-1363]: 'RAE MCQUADE''</td>
</tr>
</table>
<br><br>
<font color = gray>[</font><font color = #8833bb><b></b></font><font color = gray>[</font><font color = #aa22aa><b></b></font><font color = gray>[</font><font color = #bb1111><b>[663-667]: 'HESS'</b></font><font color = gray>]</font><font color = gray>]</font><font color = gray>]</font>

<h1>Document '10047'</h1>

<table class="aqltups">
<tr>
    <th>person: Text</th>
</tr>
<tr>
   <td>'[258-274]: 'PRISCILLA NORTON''</td>
</tr>
<tr>
   <td>'[563-572]: 'PRISCILLA''</td>
</tr>
<tr>
   <td>'[2124-2136]: 'MARVIN MILLS''</td>
</tr>
<tr>
   <td>'[2232-2244]: 'WILLIE SEALE''</td>
</tr>
<tr>
   <td>'[2249-2260]: 'PHIL ELLIOT''</td>
</tr>
<tr>
   <td>'[2455-2465]: 'BENNIE ORR''</td>
</tr>
<tr>
   <td>'[2741-2755]: 'PATRICK SCALES''</td>
</tr>
<tr>
   <td>'[3487-3503]: 'PRISCILLA NORTON''</td>
</tr>
</table>
<br><br>
<font color = gray>[</font><font color = #8833bb><b></b></font><font color = gray>[</font><font color = #aa22aa><b></b></font><font color = gray>[</font><font color = #bb1111><b></b></font><font color = gray>[</font><font color = #ee0000><b></b></font><font color = gray>[</font><font color = #ff0000><b></b></font><font color = gray>[</font><font color = #ff0000><b></b></font><font color = gray>[</font><font color = #ff0000><b></b></font><font color = gray>[</font><font color = #ff0000><b>[258-274]: 'PRISCILLA </b></font><font color = gray>]</font><font color = #ff0000><b>NOR</b></font><font color = gray>]</font><font color = #ff0000><b>T</b></font><font color = gray>]</font><font color = #ff0000><b>O</b></font><font color = gray>]</font><font color = #ee0000><b></b></font><font color = gray>]</font><font color = #bb1111><b>N'</b></font><font color = gray>]</font><font color = gray>]</font><font color = gray>]</font>

<h1>Document '10048'</h1>

<table class="aqltups">
<tr>
    <th>person: Text</th>
</tr>
<tr>
   <td>'[5-16]: 'GREG GANSKE''</td>
</tr>
<tr>
   <td>'[766-777]: 'GREG GANSKE''</td>
</tr>
<tr>
   <td>'[789-801]: 'JOHN SHIMKUS''</td>
</tr>
<tr>
   <td>'[4457-4469]: 'JOHN SHIMKUS''</td>
</tr>
<tr>
   <td>'[4477-4489]: 'BILL BARRETT''</td>
</tr>
<tr>
   <td>'[4497-4507]: 'LANE EVANS''</td>
</tr>
<tr>
   <td>'[4515-4524]: 'JIM LEACH''</td>
</tr>
<tr>
   <td>'[4532-4547]: 'LEONARD BOSWELL''</td>
</tr>
<tr>
   <td>'[4555-4565]: 'TOM LATHAM''</td>
</tr>
<tr>
   <td>'[4573-4584]: 'DAVID MINGE''</td>
</tr>
<tr>
   <td>'[4610-4621]: 'JIM RAMSTAD''</td>
</tr>
<tr>
   <td>'[4646-4658]: 'DAVID PHELPS''</td>
</tr>
<tr>
   <td>'[4666-4682]: 'WILLIAM LIPINSKI''</td>
</tr>
<tr>
   <td>'[4690-4702]: 'JERRY WELLER''</td>
</tr>
<tr>
   <td>'[4710-4719]: 'ROY BLUNT''</td>
</tr>
<tr>
   <td>'[4727-4737]: 'PAT DANNER''</td>
</tr>
<tr>
   <td>'[4745-4757]: 'THOMAS EWING''</td>
</tr>
<tr>
   <td>'[4765-4778]: 'KENNY HULSHOF''</td>
</tr>
<tr>
   <td>'[4786-4796]: 'FRED UPTON''</td>
</tr>
<tr>
   <td>'[4804-4814]: 'JOHN THUNE''</td>
</tr>
<tr>
   <td>'[4822-4833]: 'BRUCE VENTO''</td>
</tr>
</table>
<br><br>
<font color = gray>[</font><font color = #8833bb><b></b></font><font color = gray>[</font><font color = #aa22aa><b></b></font><font color = gray>[</font><font color = #bb1111><b></b></font><font color = gray>[</font><font color = #ee0000><b></b></font><font color = gray>[</font><font color = #ff0000><b></b></font><font color = gray>[</font><font color = #ff0000><b></b></font><font color = gray>[</font><font color = #ff0000><b></b></font><font color = gray>[</font><font color = #ff0000><b></b></font><font color = gray>[</font><font color = #ff0000><b></b></font><font color = gray>[</font><font color = #ff0000><b></b></font><font color = gray>[</font><font color = #ff0000><b></b></font><font color = gray>[</font><font color = #ff0000><b></b></font><font color = gray>[</font><font color = #ff0000><b></b></font><font color = gray>[</font><font color = #ff0000><b></b></font><font color = gray>[</font><font color = #ff0000><b></b></font><font color = gray>[</font><font color = #ff0000><b></b></font><font color = gray>[</font><font color = #ff0000><b></b></font><font color = gray>[</font><font color = #ff0000><b></b></font><font color = gray>[</font><font color = #ff0000><b></b></font><font color = gray>[</font><font color = #ff0000><b></b></font><font color = gray>[</font><font color = #ff0000><b>[5-16]: 'GREG GANSKE'</b></font><font color = gray>]</font><font color = gray>]</font><font color = gray>]</font><font color = gray>]</font><font color = gray>]</font><font color = gray>]</font><font color = gray>]</font><font color = gray>]</font><font color = gray>]</font><font color = gray>]</font><font color = gray>]</font><font color = gray>]</font><font color = gray>]</font><font color = gray>]</font><font color = gray>]</font><font color = gray>]</font><font color = gray>]</font><font color = gray>]</font><font color = gray>]</font><font color = gray>]</font><font color = gray>]</font>

<h1>Document '10049'</h1>

<table class="aqltups">
<tr>
    <th>person: Text</th>
</tr>
<tr>
   <td>'[693-707]: 'MARGOT WALLSTR''</td>
</tr>
</table>
<br><br>
<font color = gray>[</font><font color = #8833bb><b>[693-707]: 'MARGOT WALLSTR'</b></font><font color = gray>]</font>

<h1>Document '1005'</h1>

<table class="aqltups">
<tr>
    <th>person: Text</th>
</tr>
<tr>
   <td>'[595-599]: 'ERIC''</td>
</tr>
<tr>
   <td>'[769-778]: 'ERIC BASS''</td>
</tr>
<tr>
   <td>'[780-784]: 'ERIC''</td>
</tr>
<tr>
   <td>'[803-808]: 'LARRY''</td>
</tr>
</table>
<br><br>
<font color = gray>[</font><font color = #8833bb><b></b></font><font color = gray>[</font><font color = #aa22aa><b></b></font><font color = gray>[</font><font color = #bb1111><b></b></font><font color = gray>[</font><font color = #ee0000><b>[595-599]: 'ERIC'</b></font><font color = gray>]</font><font color = gray>]</font><font color = gray>]</font><font color = gray>]</font>

<h1>Document '1006'</h1>

<table class="aqltups">
<tr>
    <th>person: Text</th>
</tr>
<tr>
   <td>'[35-44]: 'ERIC BASS''</td>
</tr>
<tr>
   <td>'[76-84]: 'GONZALEZ''</td>
</tr>
<tr>
   <td>'[266-275]: 'ERIC BASS''</td>
</tr>
<tr>
   <td>'[331-335]: 'NEAL''</td>
</tr>
<tr>
   <td>'[377-385]: 'GONZALEZ''</td>
</tr>
<tr>
   <td>'[499-508]: 'ERIC BASS''</td>
</tr>
<tr>
   <td>'[540-548]: 'GONZALEZ''</td>
</tr>
<tr>
   <td>'[672-681]: 'ERIC BASS''</td>
</tr>
<tr>
   <td>'[737-741]: 'NEAL''</td>
</tr>
<tr>
   <td>'[783-791]: 'GONZALEZ''</td>
</tr>
<tr>
   <td>'[844-853]: 'ERIC BASS''</td>
</tr>
<tr>
   <td>'[885-893]: 'GONZALEZ''</td>
</tr>
<tr>
   <td>'[1022-1031]: 'ERIC BASS''</td>
</tr>
<tr>
   <td>'[1087-1091]: 'NEAL''</td>
</tr>
<tr>
   <td>'[1129-1137]: 'GONZALEZ''</td>
</tr>
</table>
<br><br>
<font color = gray>[</font><font color = #8833bb><b></b></font><font color = gray>[</font><font color = #aa22aa><b></b></font><font color = gray>[</font><font color = #bb1111><b></b></font><font color = gray>[</font><font color = #ee0000><b></b></font><font color = gray>[</font><font color = #ff0000><b></b></font><font color = gray>[</font><font color = #ff0000><b></b></font><font color = gray>[</font><font color = #ff0000><b></b></font><font color = gray>[</font><font color = #ff0000><b></b></font><font color = gray>[</font><font color = #ff0000><b></b></font><font color = gray>[</font><font color = #ff0000><b></b></font><font color = gray>[</font><font color = #ff0000><b></b></font><font color = gray>[</font><font color = #ff0000><b></b></font><font color = gray>[</font><font color = #ff0000><b></b></font><font color = gray>[</font><font color = #ff0000><b></b></font><font color = gray>[</font><font color = #ff0000><b>[35-44]: 'ERIC BA</b></font><font color = gray>]</font><font color = #ff0000><b></b></font><font color = gray>]</font><font color = #ff0000><b>SS</b></font><font color = gray>]</font><font color = #ff0000><b></b></font><font color = gray>]</font><font color = #ff0000><b>'</b></font><font color = gray>]</font><font color = gray>]</font><font color = gray>]</font><font color = gray>]</font><font color = gray>]</font><font color = gray>]</font><font color = gray>]</font><font color = gray>]</font><font color = gray>]</font><font color = gray>]</font><font color = gray>]</font>

<h1>Document '1007'</h1>

<table class="aqltups">
<tr>
    <th>person: Text</th>
</tr>
<tr>
   <td>'[36-45]: 'ERIC BASS''</td>
</tr>
<tr>
   <td>'[108-121]: 'SHANNA HUSSER''</td>
</tr>
<tr>
   <td>'[150-159]: 'ERIC BASS''</td>
</tr>
<tr>
   <td>'[214-229]: 'JOEY \NESPERANCE''</td>
</tr>
<tr>
   <td>'[230-233]: 'LON''</td>
</tr>
<tr>
   <td>'[294-310]: 'MICHELLE LEBLANC''</td>
</tr>
<tr>
   <td>'[459-472]: 'SHANNA HUSSER''</td>
</tr>
<tr>
   <td>'[535-544]: 'STACI ROY''</td>
</tr>
<tr>
   <td>'[596-605]: 'AMY BROWN''</td>
</tr>
<tr>
   <td>'[634-648]: 'DAVE SHEFFIELD''</td>
</tr>
<tr>
   <td>'[688-701]: 'SHANNA HUSSER''</td>
</tr>
<tr>
   <td>'[727-732]: 'TASHA''</td>
</tr>
<tr>
   <td>'[747-752]: 'TASHA''</td>
</tr>
<tr>
   <td>'[771-779]: 'WILLIAMS''</td>
</tr>
<tr>
   <td>'[781-787]: 'DENISE''</td>
</tr>
<tr>
   <td>'[792-798]: 'DENISE''</td>
</tr>
<tr>
   <td>'[799-807]: 'WILLIAMS''</td>
</tr>
<tr>
   <td>'[873-882]: 'BRETT ROY''</td>
</tr>
<tr>
   <td>'[986-1001]: 'JENNIFER BONURA''</td>
</tr>
<tr>
   <td>'[1038-1048]: 'JOE THOMAS''</td>
</tr>
<tr>
   <td>'[1085-1098]: 'MICHELE COLLS''</td>
</tr>
<tr>
   <td>'[1138-1145]: 'DAD ROY''</td>
</tr>
<tr>
   <td>'[1181-1193]: 'ROBIN HUGHES''</td>
</tr>
<tr>
   <td>'[1842-1853]: 'MARK EMMERT''</td>
</tr>
<tr>
   <td>'[2131-2138]: 'BRIGHAM''</td>
</tr>
<tr>
   <td>'[2474-2484]: 'SANTA CRUZ''</td>
</tr>
<tr>
   <td>'[2821-2828]: 'BARBARA''</td>
</tr>
<tr>
   <td>'[2926-2933]: 'BRIGHAM''</td>
</tr>
<tr>
   <td>'[2954-2961]: 'WHEATON''</td>
</tr>
<tr>
   <td>'[3149-3163]: 'CALVIN COLLEGE''</td>
</tr>
<tr>
   <td>'[3314-3321]: 'SIMMONS''</td>
</tr>
</table>
<br><br>
<font color = gray>[</font><font color = #8833bb><b></b></font><font color = gray>[</font><font color = #aa22aa><b></b></font><font color = gray>[</font><font color = #bb1111><b></b></font><font color = gray>[</font><font color = #ee0000><b></b></font><font color = gray>[</font><font color = #ff0000><b></b></font><font color = gray>[</font><font color = #ff0000><b></b></font><font color = gray>[</font><font color = #ff0000><b></b></font><font color = gray>[</font><font color = #ff0000><b></b></font><font color = gray>[</font><font color = #ff0000><b></b></font><font color = gray>[</font><font color = #ff0000><b></b></font><font color = gray>[</font><font color = #ff0000><b></b></font><font color = gray>[</font><font color = #ff0000><b></b></font><font color = gray>[</font><font color = #ff0000><b></b></font><font color = gray>[</font><font color = #ff0000><b></b></font><font color = gray>[</font><font color = #ff0000><b></b></font><font color = gray>[</font><font color = #ff0000><b></b></font><font color = gray>[</font><font color = #ff0000><b></b></font><font color = gray>[</font><font color = #ff0000><b></b></font><font color = gray>[</font><font color = #ff0000><b></b></font><font color = gray>[</font><font color = #ff0000><b></b></font><font color = gray>[</font><font color = #ff0000><b></b></font><font color = gray>[</font><font color = #ff0000><b></b></font><font color = gray>[</font><font color = #ff0000><b></b></font><font color = gray>[</font><font color = #ff0000><b></b></font><font color = gray>[</font><font color = #ff0000><b></b></font><font color = gray>[</font><font color = #ff0000><b></b></font><font color = gray>[</font><font color = #ff0000><b></b></font><font color = gray>[</font><font color = #ff0000><b></b></font><font color = gray>[</font><font color = #ff0000><b></b></font><font color = gray>[</font><font color = #ff0000><b></b></font><font color = gray>[</font><font color = #ff0000><b>[36-45]: 'ERIC B</b></font><font color = gray>]</font><font color = #ff0000><b>AS</b></font><font color = gray>]</font><font color = #ff0000><b></b></font><font color = gray>]</font><font color = #ff0000><b>S</b></font><font color = gray>]</font><font color = #ff0000><b></b></font><font color = gray>]</font><font color = #ff0000><b>'</b></font><font color = gray>]</font><font color = gray>]</font><font color = gray>]</font><font color = gray>]</font><font color = gray>]</font><font color = gray>]</font><font color = gray>]</font><font color = gray>]</font><font color = gray>]</font><font color = gray>]</font><font color = gray>]</font><font color = gray>]</font><font color = gray>]</font><font color = gray>]</font><font color = gray>]</font><font color = gray>]</font><font color = gray>]</font><font color = gray>]</font><font color = gray>]</font><font color = gray>]</font><font color = gray>]</font><font color = gray>]</font><font color = gray>]</font><font color = gray>]</font><font color = gray>]</font><font color = gray>]</font>

<h1>Document '1008'</h1>

<table class="aqltups">
<tr>
    <th>person: Text</th>
</tr>
<tr>
   <td>'[133-142]: 'ERIC BASS''</td>
</tr>
<tr>
   <td>'[146-150]: 'ERIC''</td>
</tr>
<tr>
   <td>'[244-253]: 'ERIC BASS''</td>
</tr>
<tr>
   <td>'[262-266]: 'ERIC''</td>
</tr>
</table>
<br><br>
<font color = gray>[</font><font color = #8833bb><b></b></font><font color = gray>[</font><font color = #aa22aa><b></b></font><font color = gray>[</font><font color = #bb1111><b></b></font><font color = gray>[</font><font color = #ee0000><b>[133-142]: 'ERIC </b></font><font color = gray>]</font><font color = #bb1111><b></b></font><font color = gray>]</font><font color = #aa22aa><b>BASS'</b></font><font color = gray>]</font><font color = gray>]</font>

<h1>Document '1009'</h1>

<table class="aqltups">
<tr>
    <th>person: Text</th>
</tr>
<tr>
   <td>'[224-228]: 'ERIC''</td>
</tr>
</table>
<br><br>
<font color = gray>[</font><font color = #8833bb><b>[224-228]: 'ERIC'</b></font><font color = gray>]</font>
</body>
</html>
